04-14 18:09:02.113  1491  2114 I chatty  : uid=1000(system) Binder:1491_5 expire 20 lines
04-14 18:09:04.574  1491  2092 I chatty  : uid=1000(system) InputReader expire 2 lines
04-14 18:09:04.631  1491  1878 I chatty  : uid=1000(system) PowerManagerSer expire 9 lines
04-14 18:09:04.752  1491  2164 I chatty  : uid=1000(system) PhotonicModulat expire 6 lines
04-14 18:09:04.762  1491  1772 I chatty  : uid=1000(system) android.ui expire 1 line
04-14 18:09:04.772  1491  2971 I chatty  : uid=1000(system) Binder:1491_D expire 4 lines
04-14 18:09:04.799  1000  1000 I wificond: Pno scan stopped
04-14 18:09:04.887  1491  1771 I chatty  : uid=1000(system) android.fg expire 3 lines
04-14 18:09:04.917  1491  2972 I chatty  : uid=1000(system) Binder:1491_E expire 1 line
04-14 18:09:05.933  2188  2188 W FingerprintManager: Invalid acquired message: 6, 22
04-14 18:09:06.564  2188  2188 W FingerprintManager: Invalid acquired message: 6, 23
04-14 18:09:07.349  1491  2969 I chatty  : uid=1000(system) Binder:1491_B expire 1 line
04-14 18:09:11.628  1491  2812 I chatty  : uid=1000(system) uteStateMachine expire 11 lines
04-14 18:09:11.630  1491  2816 I chatty  : uid=1000(system) CallAudioModeSt expire 2 lines
04-14 18:09:11.761  1491  2113 I chatty  : uid=1000(system) Binder:1491_4 expire 7 lines
04-14 18:09:11.862  1491  2817 I chatty  : uid=1000(system) ConnectionSvrFo expire 2 lines
04-14 18:09:12.101  2558  2558 I TelecomFramework: TelephonyConnectionService: onAudioStateChanged TC@199_1 [AudioState isMuted: false, route: EARPIECE, supportedRouteMask: EARPIECE, SPEAKER, activeBluetoothDevice: [null], supportedBluetoothDevices: []]: (TSI.pC->CM.fOCP->CM.sOCPA->CM.dSMCP->CM.dSPA->CM.pASP->CAMSM.pM_2001->CARSM.pM_SWITCH_FOCUS)->CS.cASC->H.CS.cASC(cast)@E-17Q
04-14 18:09:12.102  1491  3690 I chatty  : uid=1000(system) Binder:1491_12 expire 31 lines
04-14 18:09:12.115  1491  2816 I chatty  : uid=1000(system) CallAudioModeSt expire 4 lines
04-14 18:09:12.139  1491  1800 I chatty  : uid=1000(system) ActivityManager expire 12 lines
04-14 18:09:12.148  1491  2812 I chatty  : uid=1000(system) uteStateMachine expire 4 lines
04-14 18:09:12.150  1491  9521 I chatty  : uid=1000(system) Binder:1491_1F expire 11 lines
04-14 18:09:12.153  2558  2558 I TelecomFramework: TelephonyConnectionService: notifyCreateConnectionComplete TC@199_1: (...->CSW.hCCC)->CS.crCoC->H.CS.crCoC(cap/cast)@E-E-E-18w
04-14 18:09:12.159  2558  2558 I TelecomFramework: TelephonyConnectionService: onAudioStateChanged TC@199_1 [AudioState isMuted: false, route: EARPIECE, supportedRouteMask: EARPIECE, SPEAKER, activeBluetoothDevice: [null], supportedBluetoothDevices: []]: (...->CSW.hCCC->CARSM.pM_UPDATE_SYSTEM_AUDIO_ROUTE)->CS.cASC->H.CS.cASC(cap/cast/cast)@E-E-E-18w
04-14 18:09:12.440  1491  2971 I chatty  : uid=1000(system) Binder:1491_D expire 9 lines
04-14 18:09:12.456  1491  2164 I chatty  : uid=1000(system) PhotonicModulat expire 10 lines
04-14 18:09:12.489  1491  1878 I chatty  : uid=1000(system) PowerManagerSer expire 7 lines
04-14 18:09:12.522  1491  1831 I chatty  : uid=1000(system) batterystats-wo expire 85 lines
04-14 18:09:12.599  1491  1774 I chatty  : uid=1000(system) android.display expire 2 lines
04-14 18:09:12.670  1491  3689 I chatty  : uid=1000(system) Binder:1491_11 expire 6 lines
04-14 18:09:12.671  1491  8958 I chatty  : uid=1000(system) Binder:1491_1E expire 4 lines
04-14 18:09:12.790  1491  2111 I chatty  : uid=1000(system) ConnectivitySer expire 2 lines
04-14 18:09:12.839  1491  1491 I chatty  : uid=1000 system_server expire 1 line
04-14 18:09:12.877  1491  3695 I chatty  : uid=1000(system) Binder:1491_14 expire 24 lines
04-14 18:09:18.484  1491  3697 I chatty  : uid=1000(system) Binder:1491_16 expire 3 lines
04-14 18:09:19.239  1491  2114 I chatty  : uid=1000(system) Binder:1491_5 expire 4 lines
04-14 18:09:52.364  2558  2558 I TelecomFramework: TelephonyConnectionService: disconnect TC@199_1: (ICA.dC)->CS.d->H.CS.d(cgad/cast)@E-2Os
04-14 18:09:52.364  1491  9521 I chatty  : uid=1000(system) Binder:1491_1F expire 2 lines
04-14 18:09:52.513  1491  2164 I chatty  : uid=1000(system) PhotonicModulat expire 2 lines
04-14 18:09:53.148  1491  1800 I chatty  : uid=1000(system) ActivityManager expire 14 lines
04-14 18:09:53.557  1491  2971 I chatty  : uid=1000(system) Binder:1491_D expire 15 lines
04-14 18:09:53.561  1491  2111 I chatty  : uid=1000(system) ConnectivitySer expire 7 lines
04-14 18:09:53.576  1491  2812 I chatty  : uid=1000(system) uteStateMachine expire 26 lines
04-14 18:09:53.578  1491  2816 I chatty  : uid=1000(system) CallAudioModeSt expire 7 lines
04-14 18:09:53.589  1491  3697 I chatty  : uid=1000(system) Binder:1491_16 expire 1 line
04-14 18:09:53.592  1491  2114 I chatty  : uid=1000(system) Binder:1491_5 expire 12 lines
04-14 18:09:53.595  1491  1491 I chatty  : uid=1000 system_server expire 45 lines
04-14 18:09:53.795  1491  9521 I chatty  : uid=1000(system) Binder:1491_1F expire 2 lines
04-14 18:09:54.066  1491  1774 I chatty  : uid=1000(system) android.display expire 14 lines
04-14 18:09:54.859  1491  2113 I chatty  : uid=1000(system) Binder:1491_4 expire 5 lines
04-14 18:09:55.020  1491  2817 I chatty  : uid=1000(system) ConnectionSvrFo expire 2 lines
04-14 18:09:55.098  1491  8958 I chatty  : uid=1000(system) Binder:1491_1E expire 3 lines
04-14 18:09:55.101  2558  2558 I TelecomFramework: TelephonyConnectionService: onAudioStateChanged TC@200_1 [AudioState isMuted: false, route: EARPIECE, supportedRouteMask: EARPIECE, SPEAKER, activeBluetoothDevice: [null], supportedBluetoothDevices: []]: (TSI.pC->CM.fOCP->CM.sOCPA->CM.dSMCP->CM.dSPA->CM.pASP->CAMSM.pM_2001->CARSM.pM_SWITCH_FOCUS)->CS.cASC->H.CS.cASC(cast)@E-2YU
04-14 18:09:55.101  2558  2558 W TelecomFramework: TelephonyConnectionService: onCallAudioStateChanged - Cannot find conference TC@200_1: (TSI.pC->CM.fOCP->CM.sOCPA->CM.dSMCP->CM.dSPA->CM.pASP->CAMSM.pM_2001->CARSM.pM_SWITCH_FOCUS)->CS.cASC->H.CS.cASC(cast)@E-2YU
04-14 18:09:55.189  1491  3696 I chatty  : uid=1000(system) Binder:1491_15 expire 29 lines
04-14 18:09:55.239  1491  2972 I chatty  : uid=1000(system) Binder:1491_E expire 1 line
04-14 18:09:55.259  2558  2558 I TelecomFramework: TelephonyConnectionService: notifyCreateConnectionComplete TC@200_1: (...->CSW.hCCC)->CS.crCoC->H.CS.crCoC(cap/cast)@E-E-E-2Zg
04-14 18:09:55.289  2558  2558 I TelecomFramework: TelephonyConnectionService: onAudioStateChanged TC@200_1 [AudioState isMuted: false, route: EARPIECE, supportedRouteMask: EARPIECE, SPEAKER, activeBluetoothDevice: [null], supportedBluetoothDevices: []]: (...->CSW.hCCC->CARSM.pM_UPDATE_SYSTEM_AUDIO_ROUTE)->CS.cASC->H.CS.cASC(cap/cast/cast)@E-E-E-2Zg
04-14 18:09:55.328  1491  3689 I chatty  : uid=1000(system) Binder:1491_11 expire 6 lines
04-14 18:09:55.546  1491  3690 I chatty  : uid=1000(system) Binder:1491_12 expire 14 lines
04-14 18:09:55.614  1491  3695 I chatty  : uid=1000(system) Binder:1491_14 expire 7 lines
04-14 18:09:55.740  1491  1772 I chatty  : uid=1000(system) android.ui expire 1 line
04-14 18:09:55.760  1491  1775 I chatty  : uid=1000(system) android.anim expire 2 lines
04-14 18:09:56.016  1491  4562 I chatty  : uid=1000(system) Binder:1491_1A expire 3 lines
04-14 18:09:56.115  1491  3698 I chatty  : uid=1000(system) Binder:1491_17 expire 3 lines
04-14 18:09:56.126  1491  1878 I chatty  : uid=1000(system) PowerManagerSer expire 1 line
04-14 18:09:56.148  1491  2164 I chatty  : uid=1000(system) PhotonicModulat expire 2 lines
04-14 18:09:56.241  1491  2968 I chatty  : uid=1000(system) Binder:1491_A expire 2 lines
04-14 18:09:56.615  1491  4562 I chatty  : uid=1000(system) Binder:1491_1A expire 15 lines
04-14 18:09:56.637  1491  3690 I chatty  : uid=1000(system) Binder:1491_12 expire 17 lines
04-14 18:09:56.649  1491  3695 I chatty  : uid=1000(system) Binder:1491_14 expire 11 lines
04-14 18:09:56.651  1491  9521 I chatty  : uid=1000(system) Binder:1491_1F expire 14 lines
04-14 18:09:56.658  1491  1775 I chatty  : uid=1000(system) android.anim expire 25 lines
04-14 18:09:56.692  1491  3698 I chatty  : uid=1000(system) Binder:1491_17 expire 7 lines
04-14 18:09:56.702  1491  3694 I chatty  : uid=1000(system) Binder:1491_13 expire 2 lines
04-14 18:09:58.038  1491  2092 I chatty  : uid=1000(system) InputReader expire 2 lines
04-14 18:09:58.053  1491  1491 I chatty  : uid=1000 system_server expire 6 lines
04-14 18:09:58.101  1491  1878 I chatty  : uid=1000(system) PowerManagerSer expire 14 lines
04-14 18:09:58.102  1491  2164 I chatty  : uid=1000(system) PhotonicModulat expire 12 lines
04-14 18:09:58.143  1491  1800 I chatty  : uid=1000(system) ActivityManager expire 8 lines
04-14 18:09:58.162  2188  2188 W FingerprintManager: Invalid acquired message: 6, 21
04-14 18:09:58.163  1491  1831 I chatty  : uid=1000(system) batterystats-wo expire 68 lines
04-14 18:09:58.259  1491  1774 I chatty  : uid=1000(system) android.display expire 10 lines
04-14 18:09:58.501  1491  1771 I chatty  : uid=1000(system) android.fg expire 1 line
04-14 18:09:58.705  1000  1000 W wificond: Skip match ssid for pno scan: iPhone (Edgar), iPhone, realme C11
04-14 18:09:58.706  1000  1000 I wificond: Pno scan started for frequencies: 2412, 2417, 2422, 2432, 2437, 2452, 2457, 2462, 5180, 
04-14 18:09:58.773  2188  2188 V KeyguardStatusView: refresh statusview showing:true
04-14 18:09:59.200  1491  1550 I chatty  : uid=1000(system) Binder:1491_1 expire 1 line
04-14 18:09:59.201  1491  2114 I chatty  : uid=1000(system) Binder:1491_5 expire 8 lines
04-14 18:10:01.465  1491  2977 I chatty  : uid=1000(system) Binder:1491_F expire 2 lines
04-14 18:10:12.349  1491  1801 I chatty  : uid=1000(system) ActivityManager expire 2 lines
04-14 18:10:13.936  1491  1798 I chatty  : uid=1000(system) android.bg expire 2 lines
04-14 18:10:45.627  1491  1831 I chatty  : uid=1000(system) batterystats-wo expire 96 lines
04-14 18:11:17.515  1491  3695 I chatty  : uid=1000(system) Binder:1491_14 expire 19 lines
04-14 18:11:17.533  1491  1800 I chatty  : uid=1000(system) ActivityManager expire 6 lines
04-14 18:11:17.533  1491  2812 I chatty  : uid=1000(system) uteStateMachine expire 10 lines
04-14 18:11:17.535  1491  2816 I chatty  : uid=1000(system) CallAudioModeSt expire 3 lines
04-14 18:11:17.547  1491  2114 I chatty  : uid=1000(system) Binder:1491_5 expire 2 lines
04-14 18:11:17.561  1491  1491 I chatty  : uid=1000 system_server expire 15 lines
04-14 18:11:19.346  1491  2111 I chatty  : uid=1000(system) ConnectivitySer expire 21 lines
04-14 18:11:19.797  1491  4598 I chatty  : uid=1000(system) Binder:1491_1B expire 1 line
04-14 18:11:23.320  1491  9521 I chatty  : uid=1000(system) Binder:1491_1F expire 8 lines
04-14 18:11:29.977  1491  2971 I chatty  : uid=1000(system) Binder:1491_D expire 3 lines
04-14 18:12:12.929  1491  3697 I chatty  : uid=1000(system) Binder:1491_16 expire 1 line
04-14 18:12:12.930  1491  2968 I chatty  : uid=1000(system) Binder:1491_A expire 1 line
04-14 18:12:12.930  1491  8958 I chatty  : uid=1000(system) Binder:1491_1E expire 1 line
04-14 18:12:12.930  1491  2969 I chatty  : uid=1000(system) Binder:1491_B expire 2 lines
04-14 18:12:12.930  1491  4562 I chatty  : uid=1000(system) Binder:1491_1A expire 1 line
04-14 18:12:12.950  1491  1774 I chatty  : uid=1000(system) android.display expire 4 lines
04-14 18:12:12.951  1491  1801 I chatty  : uid=1000(system) ActivityManager expire 12 lines
04-14 18:12:13.544  1491  8647 I chatty  : uid=1000(system) Binder:1491_1D expire 1 line
04-14 18:12:13.635  1491  3694 I chatty  : uid=1000(system) Binder:1491_13 expire 4 lines
04-14 18:12:17.502  1491  4345 I chatty  : uid=1000(system) Binder:1491_18 expire 2 lines
04-14 18:12:19.567  1491  9716 I chatty  : uid=1000(system) Binder:1491_20 expire 1 line
04-14 18:12:19.567  1491  7646 I chatty  : uid=1000(system) Binder:1491_1C expire 1 line
04-14 18:12:19.567  1491  1550 I chatty  : uid=1000(system) Binder:1491_1 expire 1 line
04-14 18:12:21.574  1491  2653 I chatty  : uid=1000(system) Binder:1491_6 expire 1 line
04-14 18:12:50.181  1491  1878 I chatty  : uid=1000(system) PowerManagerSer expire 7 lines
04-14 18:12:50.282  1491  2164 I chatty  : uid=1000(system) PhotonicModulat expire 40 lines
04-14 18:12:50.674  1491  1774 I chatty  : uid=1000(system) android.display expire 12 lines
04-14 18:12:55.516  1491  1831 I chatty  : uid=1000(system) batterystats-wo expire 98 lines
04-14 18:12:57.435  1491  3694 I chatty  : uid=1000(system) Binder:1491_13 expire 2 lines
04-14 18:13:00.485  1491  1878 I chatty  : uid=1000(system) PowerManagerSer expire 17 lines
04-14 18:13:00.732  1491  1800 I chatty  : uid=1000(system) ActivityManager expire 10 lines
04-14 18:14:23.142  1491  1491 I chatty  : uid=1000 system_server expire 8 lines
04-14 18:14:23.142  1491  1801 I chatty  : uid=1000(system) ActivityManager expire 21 lines
04-14 18:14:23.407  1491  1551 I chatty  : uid=1000(system) Binder:1491_2 expire 3 lines
04-14 18:14:23.435  1491  2971 I chatty  : uid=1000(system) Binder:1491_D expire 1 line
04-14 18:14:23.695  1491  2113 I chatty  : uid=1000(system) Binder:1491_4 expire 3 lines
04-14 18:14:23.696  1491  2111 I chatty  : uid=1000(system) ConnectivitySer expire 11 lines
04-14 18:14:24.997  1491  4559 I chatty  : uid=1000(system) Binder:1491_19 expire 3 lines
04-14 18:14:25.354  1491  2110 I chatty  : uid=1000(system) Binder:1491_3 expire 1 line
04-14 18:14:25.428  1491  8647 I chatty  : uid=1000(system) Binder:1491_1D expire 2 lines
04-14 18:14:27.062  1491  3690 I chatty  : uid=1000(system) Binder:1491_12 expire 3 lines
04-14 18:14:27.528  1491  2799 I chatty  : uid=1000(system) Binder:1491_8 expire 1 line
04-14 18:14:27.536  1491  4562 I chatty  : uid=1000(system) Binder:1491_1A expire 1 line
04-14 18:14:34.651  1170  1170 E TLOC    : [TLOCChannel]"Can't receive message due to timeout"
04-14 18:14:34.659  1170  1170 I TLOC    : [ModemComm  ]"Request succeeded for gps engine lock"
04-14 18:14:34.659  1170  1170 D TLOC    : [TLOCChannel] "Going to receive message for TLOCD"
04-14 18:14:34.659  1170  1462 I TLOC    : [Modem      ]"Sending location turned off status to the daemon"
04-14 18:14:34.659  1170  1170 D TLOC    : [TLOCChannel] "wait for message for user TLOCD"
04-14 18:14:34.659  1170  1462 D TLOC    : [TLOCChannel] "TLOCChannel is already initialized"
04-14 18:14:34.659  1170  1462 D TLOC    : [TLOCChannel] "Going to send message to TLOCD"
04-14 18:14:34.659  1170  1462 D TLOC    : [TLOCChannel]" --- message(id:15, size:0) ---> TLOCD"
04-14 18:14:34.659  1170  1170 D TLOC    : [TLOCChannel]" TLOCD <--- message(id:15, size:0) ---"
04-14 18:14:34.659  1170  1170 D TLOC    : [TLOCDaemon ]"Periodic location sampling is disabled"
04-14 18:14:34.659  1170  1170 D TLOC    : [TLOCDaemon ]"The command finished successfully"
04-14 18:14:34.659  1170  1170 D TLOC    : [TLOCDaemon ]"waiting for command"
04-14 18:14:34.659  1170  1170 D TLOC    : [TLOCChannel] "Going to receive message for TLOCD"
04-14 18:14:34.659  1170  1170 D TLOC    : [TLOCChannel] "wait for message for user TLOCD"
04-14 18:16:24.864  1491  2092 I chatty  : uid=1000(system) InputReader expire 2 lines
04-14 18:16:24.914  1491  1878 I chatty  : uid=1000(system) PowerManagerSer expire 2 lines
04-14 18:16:24.947  1491  1831 I chatty  : uid=1000(system) batterystats-wo expire 70 lines
04-14 18:16:25.023  1491  1491 I chatty  : uid=1000 system_server expire 14 lines
04-14 18:16:25.063  1491  7646 I chatty  : uid=1000(system) Binder:1491_1C expire 1 line
04-14 18:16:25.068  1491  1878 I chatty  : uid=1000(system) PowerManagerSer expire 20 lines
04-14 18:16:25.068  1491  2164 I chatty  : uid=1000(system) PhotonicModulat expire 18 lines
04-14 18:16:25.070  1491  1774 I chatty  : uid=1000(system) android.display expire 11 lines
04-14 18:16:25.109  1000  1000 I wificond: Pno scan stopped
04-14 18:16:25.201  1491  1771 I chatty  : uid=1000(system) android.fg expire 7 lines
04-14 18:16:25.219  1491  3690 I chatty  : uid=1000(system) Binder:1491_12 expire 2 lines
04-14 18:16:26.533  1491  2092 I chatty  : uid=1000(system) InputReader expire 4 lines
04-14 18:16:26.645  1491  1800 I chatty  : uid=1000(system) ActivityManager expire 11 lines
04-14 18:16:27.174  1000  1000 W wificond: Skip match ssid for pno scan: iPhone (Edgar), iPhone, realme C11
04-14 18:16:27.174  1000  1000 I wificond: Pno scan started for frequencies: 2412, 2417, 2422, 2432, 2437, 2452, 2457, 2462, 5180, 
04-14 18:16:32.769  1491  4562 I chatty  : uid=1000(system) Binder:1491_1A expire 1 line
04-14 18:16:32.769  1491  2972 I chatty  : uid=1000(system) Binder:1491_E expire 6 lines
04-14 18:16:32.769  1491  2111 I chatty  : uid=1000(system) ConnectivitySer expire 10 lines
04-14 18:16:32.798  1491  1801 I chatty  : uid=1000(system) ActivityManager expire 11 lines
04-14 18:16:33.913   602  7365 W SocketClient: write error (Broken pipe)
04-14 18:16:34.290  1491  8958 I chatty  : uid=1000(system) Binder:1491_1E expire 2 lines
04-14 18:16:34.564  1491  2968 I chatty  : uid=1000(system) Binder:1491_A expire 4 lines
04-14 18:16:34.564  1491  2977 I chatty  : uid=1000(system) Binder:1491_F expire 1 line
04-14 18:16:34.564  1491  2845 I chatty  : uid=1000(system) Binder:1491_9 expire 1 line
04-14 18:16:35.072  1491  3688 I chatty  : uid=1000(system) Binder:1491_10 expire 2 lines
04-14 18:16:35.679  1491  2970 I chatty  : uid=1000(system) Binder:1491_C expire 3 lines
04-14 18:16:42.043  1491  2110 I chatty  : uid=1000(system) Binder:1491_3 expire 2 lines
04-14 18:17:27.154  1491  9521 I chatty  : uid=1000(system) Binder:1491_1F expire 3 lines
04-14 18:17:49.752  2188  2188 W FingerprintManager: Invalid acquired message: 6, 22
04-14 18:17:49.757  1491  1878 I chatty  : uid=1000(system) PowerManagerSer expire 8 lines
04-14 18:17:49.758  1491  2164 I chatty  : uid=1000(system) PhotonicModulat expire 8 lines
04-14 18:17:49.760  1491  1774 I chatty  : uid=1000(system) android.display expire 2 lines
04-14 18:17:49.765  2188  2188 W FingerprintManager: Invalid acquired message: 6, 23
04-14 18:17:49.790  1491  1831 I chatty  : uid=1000(system) batterystats-wo expire 28 lines
04-14 18:17:51.906  1000  1000 I wificond: Pno scan stopped
04-14 18:17:53.761  1491  1800 I chatty  : uid=1000(system) ActivityManager expire 14 lines
04-14 18:17:54.845  1491  1491 I chatty  : uid=1000 system_server expire 18 lines
04-14 18:17:54.866  1491  2111 I chatty  : uid=1000(system) ConnectivitySer expire 21 lines
04-14 18:17:54.885  1491  3694 I chatty  : uid=1000(system) Binder:1491_13 expire 4 lines
04-14 18:17:55.438  1491  2799 I chatty  : uid=1000(system) Binder:1491_8 expire 29 lines
04-14 18:17:57.780  1491  2110 I chatty  : uid=1000(system) Binder:1491_3 expire 3 lines
04-14 18:17:57.813  1491  1773 I chatty  : uid=1000(system) android.io expire 27 lines
04-14 18:17:57.848  1491  1878 I chatty  : uid=1000(system) PowerManagerSer expire 11 lines
04-14 18:17:57.852  1491  2164 I chatty  : uid=1000(system) PhotonicModulat expire 10 lines
04-14 18:17:58.250  1491  2114 I chatty  : uid=1000(system) Binder:1491_5 expire 4 lines
04-14 18:17:58.304  1491  2970 I chatty  : uid=1000(system) Binder:1491_C expire 2 lines
04-14 18:17:58.305  1491  2653 I chatty  : uid=1000(system) Binder:1491_6 expire 5 lines
04-14 18:17:58.470  1491  2969 I chatty  : uid=1000(system) Binder:1491_B expire 7 lines
04-14 18:17:58.579  1491  4559 I chatty  : uid=1000(system) Binder:1491_19 expire 15 lines
04-14 18:18:02.261  1491  2972 I chatty  : uid=1000(system) Binder:1491_E expire 2 lines
04-14 18:18:05.911  1491  1774 I chatty  : uid=1000(system) android.display expire 10 lines
04-14 18:18:06.040  1491  2968 I chatty  : uid=1000(system) Binder:1491_A expire 2 lines
04-14 18:18:07.537  1491  3696 I chatty  : uid=1000(system) Binder:1491_15 expire 6 lines
04-14 18:18:07.668  1491  8958 I chatty  : uid=1000(system) Binder:1491_1E expire 1 line
04-14 18:18:07.670  1491  4598 I chatty  : uid=1000(system) Binder:1491_1B expire 3 lines
04-14 18:18:08.182  1491  3695 I chatty  : uid=1000(system) Binder:1491_14 expire 1 line
04-14 18:18:08.204  1491  1801 I chatty  : uid=1000(system) ActivityManager expire 15 lines
04-14 18:18:08.938  1491  8647 I chatty  : uid=1000(system) Binder:1491_1D expire 1 line
04-14 18:18:30.599  1491  1831 I chatty  : uid=1000(system) batterystats-wo expire 28 lines
04-14 18:18:38.616  1491  2664 I chatty  : uid=1000(system) Binder:1491_7 expire 6 lines
04-14 18:18:40.319   602  8402 W SocketClient: write error (Broken pipe)
04-14 18:18:47.399  1491  2111 I chatty  : uid=1000(system) ConnectivitySer expire 7 lines
04-14 18:18:48.108  1491  3697 I chatty  : uid=1000(system) Binder:1491_16 expire 7 lines
04-14 18:18:48.234  1491  2164 I chatty  : uid=1000(system) PhotonicModulat expire 2 lines
04-14 18:18:49.474  1491  1800 I chatty  : uid=1000(system) ActivityManager expire 12 lines
04-14 18:18:49.485  1491  1801 I chatty  : uid=1000(system) ActivityManager expire 10 lines
04-14 18:18:49.691  1491  1491 I chatty  : uid=1000 system_server expire 11 lines
04-14 18:18:52.013  1491  2799 I chatty  : uid=1000(system) Binder:1491_8 expire 2 lines
04-14 18:18:52.014  1491  2111 I chatty  : uid=1000(system) ConnectivitySer expire 25 lines
04-14 18:18:52.972  1491  3697 I chatty  : uid=1000(system) Binder:1491_16 expire 1 line
04-14 18:18:53.011  1491  2664 I chatty  : uid=1000(system) Binder:1491_7 expire 7 lines
04-14 18:18:53.319  1491  9716 I chatty  : uid=1000(system) Binder:1491_20 expire 1 line
04-14 18:18:53.472  1491  1878 I chatty  : uid=1000(system) PowerManagerSer expire 16 lines
04-14 18:18:53.484  1491  2164 I chatty  : uid=1000(system) PhotonicModulat expire 14 lines
04-14 18:18:53.881  1491  9521 I chatty  : uid=1000(system) Binder:1491_1F expire 3 lines
04-14 18:18:55.283  1491  2183 I chatty  : uid=1000(system) SyncManager expire 1 line
04-14 18:18:55.384  1491  3694 I chatty  : uid=1000(system) Binder:1491_13 expire 19 lines
04-14 18:18:55.523  1491  3696 I chatty  : uid=1000(system) Binder:1491_15 expire 13 lines
04-14 18:18:57.467  1491  3698 I chatty  : uid=1000(system) Binder:1491_17 expire 10 lines
04-14 18:18:58.885  1491  3688 I chatty  : uid=1000(system) Binder:1491_10 expire 11 lines
04-14 18:19:03.814  1491  1774 I chatty  : uid=1000(system) android.display expire 9 lines
04-14 18:19:03.851   756   756 W android.hardware.wifi@1.0-service: No active wlan interfaces in use! Using default
04-14 18:19:03.943  1000  1000 I wificond: Unsubscribe scan result for interface with index: 30
04-14 18:19:04.000   756   756 E android.hardware.wifi@1.0-service: Failed to open directory: Permission denied
04-14 18:19:04.000   756   756 E android.hardware.wifi@1.0-service: Error occurred while deleting old tombstone files
04-14 18:19:04.000   756   756 E android.hardware.wifi@1.0-service: Error writing files to flash
04-14 18:19:04.001   756   756 D android.hardware.wifi@1.0-service: Stopping legacy HAL
04-14 18:19:04.004   756 15993 I android.hardware.wifi@1.0-service: Legacy HAL stop complete callback received
04-14 18:19:04.009   756 15993 D android.hardware.wifi@1.0-service: Legacy HAL event loop terminated
04-14 18:19:04.010   756   756 D android.hardware.wifi@1.0-service: Legacy HAL stop complete
04-14 18:19:04.011   756   756 I android.hardware.wifi@1.0-service: Wifi HAL stopped
04-14 18:19:05.899  1491  8958 I chatty  : uid=1000(system) Binder:1491_1E expire 12 lines
04-14 18:19:12.255  1491  2970 I chatty  : uid=1000(system) Binder:1491_C expire 4 lines
04-14 18:19:15.981  1491  2111 I chatty  : uid=1000(system) ConnectivitySer expire 6 lines
04-14 18:19:16.115  1491  1831 I chatty  : uid=1000(system) batterystats-wo expire 28 lines
04-14 18:19:18.511  1491  2092 I chatty  : uid=1000(system) InputReader expire 2 lines
04-14 18:19:18.572  1491  1491 I chatty  : uid=1000 system_server expire 18 lines
04-14 18:19:18.861  1491  2110 I chatty  : uid=1000(system) Binder:1491_3 expire 2 lines
04-14 18:19:18.982  1491  1771 I chatty  : uid=1000(system) android.fg expire 1 line
04-14 18:19:18.993  2188  2188 W FingerprintManager: Invalid acquired message: 6, 21
04-14 18:19:19.033  1491  1801 I chatty  : uid=1000(system) ActivityManager expire 2 lines
04-14 18:19:19.218  1491  1878 I chatty  : uid=1000(system) PowerManagerSer expire 3 lines
04-14 18:19:19.247  1491  2164 I chatty  : uid=1000(system) PhotonicModulat expire 4 lines
04-14 18:19:19.307  2188  2188 V KeyguardStatusView: refresh statusview showing:true
04-14 18:19:21.536  1491  3696 I chatty  : uid=1000(system) Binder:1491_15 expire 1 line
04-14 18:19:24.068  1491  2114 I chatty  : uid=1000(system) Binder:1491_5 expire 2 lines
04-14 18:19:24.119  1491  9881 I chatty  : uid=1000 system_server expire 8 lines
04-14 18:19:24.120  2558  2558 I TelecomFramework: TelephonyConnectionService: notifyCreateConnectionComplete TC@201_1: (...->CSW.hCCC)->CS.crCoC->H.CS.crCoC(cap/cast)@E-E-E-25M
04-14 18:19:24.221  1491  9882 I chatty  : uid=1000 system_server expire 1 line
04-14 18:19:24.222  1491  9881 I chatty  : uid=1000 system_server expire 23 lines
04-14 18:19:24.228  1491  1801 I chatty  : uid=1000(system) ActivityManager expire 2 lines
04-14 18:19:24.298  1491  1831 I chatty  : uid=1000(system) batterystats-wo expire 42 lines
04-14 18:19:24.381  1491  3694 I chatty  : uid=1000(system) Binder:1491_13 expire 2 lines
04-14 18:19:24.967  1491  1491 I chatty  : uid=1000 system_server expire 17 lines
04-14 18:19:25.296  1491  1800 I chatty  : uid=1000(system) ActivityManager expire 19 lines
04-14 18:19:25.309  1491  2812 I chatty  : uid=1000(system) uteStateMachine expire 18 lines
04-14 18:19:25.310  1491  2816 I chatty  : uid=1000(system) CallAudioModeSt expire 14 lines
04-14 18:19:25.313  2558  2558 I TelecomFramework: TelephonyConnectionService: onAudioStateChanged TC@201_1 [AudioState isMuted: false, route: EARPIECE, supportedRouteMask: EARPIECE, SPEAKER, activeBluetoothDevice: [null], supportedBluetoothDevices: []]: (NCSSF.aC->ICFG.sF->ICFG.sF->ICFG.sF->CARSM.pM_UPDATE_SYSTEM_AUDIO_ROUTE)->CS.cASC->H.CS.cASC(cast)@E-25c
04-14 18:19:25.320  1491  8958 I chatty  : uid=1000(system) Binder:1491_1E expire 7 lines
04-14 18:19:25.525  1491  1771 I chatty  : uid=1000(system) android.fg expire 5 lines
04-14 18:19:25.850  1491  3698 I chatty  : uid=1000(system) Binder:1491_17 expire 3 lines
04-14 18:19:26.064  1491  2969 I chatty  : uid=1000(system) Binder:1491_B expire 4 lines
04-14 18:19:26.330  1491  2111 I chatty  : uid=1000(system) ConnectivitySer expire 3 lines
04-14 18:19:26.374  1491  9716 I chatty  : uid=1000(system) Binder:1491_20 expire 11 lines
04-14 18:19:26.430  1491  2114 I chatty  : uid=1000(system) Binder:1491_5 expire 9 lines
04-14 18:19:26.449  1491  1775 I chatty  : uid=1000(system) android.anim expire 1 line
04-14 18:19:26.512   986  2170 W iorapd  : Overwriting transition from kActivityLaunched to kIntentStarted into kActivityLaunchCancelled
04-14 18:19:26.516   986  2170 W iorapd  : Rejecting transition from kActivityLaunchCancelled to kIntentFailed
04-14 18:19:26.519  1491  1878 I chatty  : uid=1000(system) PowerManagerSer expire 15 lines
04-14 18:19:26.522  1491  2164 I chatty  : uid=1000(system) PhotonicModulat expire 14 lines
04-14 18:19:26.568  1491  1774 I chatty  : uid=1000(system) android.display expire 11 lines
04-14 18:19:27.013  1491  2092 I chatty  : uid=1000(system) InputReader expire 4 lines
04-14 18:19:27.015  2558  2558 I TelecomFramework: TelephonyConnectionService: silence TC@201_1: (TSI.sR)->CS.s->H.CS.s(cast)@E-29g
04-14 18:19:27.753  1491  2110 I chatty  : uid=1000(system) Binder:1491_3 expire 1 line
04-14 18:19:28.725  1491  2817 I chatty  : uid=1000(system) ConnectionSvrFo expire 11 lines
04-14 18:19:28.725  2558  2558 I TelecomFramework: TelephonyConnectionService: answer TC@201_1: (ICA.aC->CSFM.rF)->CS.an->H.CS.an(cgad/cast)@E-294
04-14 18:19:29.112  1491  2664 I chatty  : uid=1000(system) Binder:1491_7 expire 18 lines
04-14 18:19:29.158  1491  2799 I chatty  : uid=1000(system) Binder:1491_8 expire 5 lines
04-14 18:19:29.203  2558  2558 I TelecomFramework: TelephonyConnectionService: onAudioStateChanged TC@201_1 [AudioState isMuted: false, route: EARPIECE, supportedRouteMask: EARPIECE, SPEAKER, activeBluetoothDevice: [null], supportedBluetoothDevices: []]: (ICA.aC->CSFM.rF->CAMSM.pM_1002->CARSM.pM_SWITCH_FOCUS)->CS.cASC->H.CS.cASC(cgad/cast)@E-294
04-14 18:19:31.943  1491  1800 I chatty  : uid=1000(system) ActivityManager expire 24 lines
04-14 18:19:35.113  1491  1831 I chatty  : uid=1000(system) batterystats-wo expire 80 lines
04-14 18:19:36.423  1491  1878 I chatty  : uid=1000(system) PowerManagerSer expire 19 lines
04-14 18:19:36.531  1491  2164 I chatty  : uid=1000(system) PhotonicModulat expire 20 lines
04-14 18:19:36.532  1491  1774 I chatty  : uid=1000(system) android.display expire 8 lines
04-14 18:19:37.204  1491  2114 I chatty  : uid=1000(system) Binder:1491_5 expire 21 lines
04-14 18:19:37.208  2558  2558 I TelecomFramework: TelephonyConnectionService: disconnect TC@201_1: (ICA.dC)->CS.d->H.CS.d(cgad/cast)@E-3CQ
04-14 18:19:37.212  1491  2816 I chatty  : uid=1000(system) CallAudioModeSt expire 4 lines
04-14 18:19:37.770  1491  2812 I chatty  : uid=1000(system) uteStateMachine expire 12 lines
04-14 18:19:37.801  1491  9521 I chatty  : uid=1000(system) Binder:1491_1F expire 6 lines
04-14 18:19:37.811  1491  1491 I chatty  : uid=1000 system_server expire 19 lines
04-14 18:19:37.869  1491  1801 I chatty  : uid=1000(system) ActivityManager expire 4 lines
04-14 18:19:38.124  1491  2110 I chatty  : uid=1000(system) Binder:1491_3 expire 8 lines
04-14 18:19:38.125  1491  9716 I chatty  : uid=1000(system) Binder:1491_20 expire 1 line
04-14 18:19:38.156   986  2170 W iorapd  : Rejecting transition from kUninitialized to kActivityLaunchCancelled
04-14 18:19:38.213  2188  2188 V KeyguardStatusView: refresh statusview showing:true
04-14 18:19:38.466  1491  2969 I chatty  : uid=1000(system) Binder:1491_B expire 2 lines
04-14 18:19:38.493  2188  2188 W FingerprintManager: Invalid acquired message: 6, 21
04-14 18:19:39.536  1491  2092 I chatty  : uid=1000(system) InputReader expire 2 lines
04-14 18:19:39.839  1491  2111 I chatty  : uid=1000(system) ConnectivitySer expire 14 lines
04-14 18:19:39.901  1491  3698 I chatty  : uid=1000(system) Binder:1491_17 expire 4 lines
04-14 18:19:39.962  1491  1771 I chatty  : uid=1000(system) android.fg expire 1 line
04-14 18:19:49.959  1491  2664 I chatty  : uid=1000(system) Binder:1491_7 expire 1 line
04-14 18:19:52.379  1491  8958 I chatty  : uid=1000(system) Binder:1491_1E expire 1 line
04-14 18:19:57.776  1491  1831 I chatty  : uid=1000(system) batterystats-wo expire 154 lines
04-14 18:19:59.741  1491  1772 I chatty  : uid=1000(system) android.ui expire 2 lines
04-14 18:20:08.930  1491  1878 I chatty  : uid=1000(system) PowerManagerSer expire 24 lines
04-14 18:20:08.931  1491  2164 I chatty  : uid=1000(system) PhotonicModulat expire 20 lines
04-14 18:20:08.932  1491  1774 I chatty  : uid=1000(system) android.display expire 8 lines
04-14 18:20:11.234  1491  2114 I chatty  : uid=1000(system) Binder:1491_5 expire 4 lines
04-14 18:20:19.982  1491  2111 I chatty  : uid=1000(system) ConnectivitySer expire 6 lines
04-14 18:20:21.107  1491  1800 I chatty  : uid=1000(system) ActivityManager expire 17 lines
04-14 18:20:27.622  1491  2086 I chatty  : uid=1000(system) AlarmManager expire 1 line
04-14 18:20:27.679  1491  2183 I chatty  : uid=1000(system) SyncManager expire 1 line
04-14 18:20:30.920  1491  1491 I chatty  : uid=1000 system_server expire 4 lines
04-14 18:21:07.488  1491  3694 I chatty  : uid=1000(system) Binder:1491_13 expire 2 lines
04-14 18:21:15.090  1491  2969 I chatty  : uid=1000(system) Binder:1491_B expire 2 lines
04-14 18:23:09.950  1491  2092 I chatty  : uid=1000(system) InputReader expire 4 lines
04-14 18:23:10.126  1491  2799 I chatty  : uid=1000(system) Binder:1491_8 expire 2 lines
04-14 18:23:10.249  1491  1771 I chatty  : uid=1000(system) android.fg expire 4 lines
04-14 18:23:16.999  1491  1831 I chatty  : uid=1000(system) batterystats-wo expire 66 lines
04-14 18:23:21.980  1491  1800 I chatty  : uid=1000(system) ActivityManager expire 12 lines
04-14 18:23:22.025  1491  1878 I chatty  : uid=1000(system) PowerManagerSer expire 9 lines
04-14 18:23:22.026  1491  2164 I chatty  : uid=1000(system) PhotonicModulat expire 12 lines
04-14 18:23:22.040  1491  1551 I chatty  : uid=1000(system) Binder:1491_2 expire 2 lines
04-14 18:23:22.047  1491  1774 I chatty  : uid=1000(system) android.display expire 7 lines
04-14 18:23:22.131  1491  1491 I chatty  : uid=1000 system_server expire 13 lines
04-14 18:23:39.167  1491  9521 I chatty  : uid=1000(system) Binder:1491_1F expire 8 lines
04-14 18:23:47.604  1491  2111 I chatty  : uid=1000(system) ConnectivitySer expire 17 lines
04-14 18:23:50.167  1491  2969 I chatty  : uid=1000(system) Binder:1491_B expire 2 lines
04-14 18:23:57.855  2188  2188 W FingerprintManager: Invalid acquired message: 6, 22
04-14 18:23:57.958  2188  2188 W FingerprintManager: Invalid acquired message: 6, 23
04-14 18:23:58.000  2188  2188 W FingerprintManager: Invalid acquired message: 6, 22
04-14 18:23:59.345  2188  2188 W FingerprintManager: Invalid acquired message: 6, 23
04-14 18:23:59.362  1491  1491 I chatty  : uid=1000 system_server expire 19 lines
04-14 18:23:59.376  2188  2188 W FingerprintManager: Invalid acquired message: 6, 22
04-14 18:24:00.868  2188  2188 W FingerprintManager: Invalid acquired message: 6, 23
04-14 18:24:00.868  2188  2188 W FingerprintManager: Invalid acquired message: 6, 22
04-14 18:24:00.920  2188  2188 W FingerprintManager: Invalid acquired message: 6, 23
04-14 18:24:01.703  1491  2086 I chatty  : uid=1000(system) AlarmManager expire 3 lines
04-14 18:24:01.703  1491  1801 I chatty  : uid=1000(system) ActivityManager expire 16 lines
04-14 18:24:01.997  1491  1550 I chatty  : uid=1000(system) Binder:1491_1 expire 1 line
04-14 18:24:02.627  1491  9716 I chatty  : uid=1000(system) Binder:1491_20 expire 3 lines
04-14 18:24:02.922  1491  1831 I chatty  : uid=1000(system) batterystats-wo expire 59 lines
04-14 18:24:03.458  1491  2653 I chatty  : uid=1000(system) Binder:1491_6 expire 7 lines
04-14 18:24:03.543  1491  3688 I chatty  : uid=1000(system) Binder:1491_10 expire 1 line
04-14 18:24:03.545  1491  2799 I chatty  : uid=1000(system) Binder:1491_8 expire 2 lines
04-14 18:24:04.585  1491  3696 I chatty  : uid=1000(system) Binder:1491_15 expire 1 line
04-14 18:24:11.763  1491  1798 I chatty  : uid=1000(system) android.bg expire 1 line
04-14 18:24:20.201  1491  4345 I chatty  : uid=1000(system) Binder:1491_18 expire 4 lines
04-14 18:24:28.167  1491  1831 I chatty  : uid=1000(system) batterystats-wo expire 162 lines
04-14 18:24:28.183  1491  1801 I chatty  : uid=1000(system) ActivityManager expire 6 lines
04-14 18:24:28.501  1491  2113 I chatty  : uid=1000(system) Binder:1491_4 expire 1 line
04-14 18:24:42.529  1491  1800 I chatty  : uid=1000(system) ActivityManager expire 5 lines
04-14 18:25:01.221  1491  3694 I chatty  : uid=1000(system) Binder:1491_13 expire 3 lines
04-14 18:25:35.311  1491  2111 I chatty  : uid=1000(system) ConnectivitySer expire 1 line
04-14 18:25:47.538  1491  2799 I chatty  : uid=1000(system) Binder:1491_8 expire 4 lines
04-14 18:26:26.325  1491  2664 I chatty  : uid=1000(system) Binder:1491_7 expire 1 line
04-14 18:28:33.043  1491  2114 I chatty  : uid=1000(system) Binder:1491_5 expire 1 line
04-14 18:28:33.910  1491  1798 I chatty  : uid=1000(system) android.bg expire 1 line
04-14 18:28:37.673  1491  2110 I chatty  : uid=1000(system) Binder:1491_3 expire 2 lines
04-14 18:30:17.094  1491  1878 I chatty  : uid=1000(system) PowerManagerSer expire 14 lines
04-14 18:30:17.098  1491  2164 I chatty  : uid=1000(system) PhotonicModulat expire 12 lines
04-14 18:30:17.101  1491  1774 I chatty  : uid=1000(system) android.display expire 3 lines
04-14 18:30:39.073  1491  1491 I chatty  : uid=1000 system_server expire 8 lines
04-14 18:30:51.069  2188  2188 W FingerprintManager: Invalid acquired message: 6, 22
04-14 18:30:51.098  1491  1551 I chatty  : uid=1000(system) Binder:1491_2 expire 2 lines
04-14 18:30:51.241  2188  2188 W FingerprintManager: Invalid acquired message: 6, 23
04-14 18:30:52.739  1491  1831 I chatty  : uid=1000(system) batterystats-wo expire 19 lines
04-14 18:30:52.958  1491  2092 I chatty  : uid=1000(system) InputReader expire 4 lines
04-14 18:30:53.052  1491  1771 I chatty  : uid=1000(system) android.fg expire 7 lines
04-14 18:30:54.561  1491  1800 I chatty  : uid=1000(system) ActivityManager expire 13 lines
04-14 18:30:54.581  1491  1831 I chatty  : uid=1000(system) batterystats-wo expire 171 lines
04-14 18:30:54.651  1491  2110 I chatty  : uid=1000(system) Binder:1491_3 expire 2 lines
04-14 18:30:54.803  1491  2164 I chatty  : uid=1000(system) PhotonicModulat expire 24 lines
04-14 18:30:54.807  1491  1878 I chatty  : uid=1000(system) PowerManagerSer expire 22 lines
04-14 18:30:54.965  1491  1774 I chatty  : uid=1000(system) android.display expire 8 lines
04-14 18:31:21.070  1491  1491 I chatty  : uid=1000 system_server expire 4 lines
04-14 18:31:30.484  1491  3694 I chatty  : uid=1000(system) Binder:1491_13 expire 3 lines
04-14 18:31:36.417  1491  1550 I chatty  : uid=1000(system) Binder:1491_1 expire 1 line
04-14 18:31:36.419  1491  2111 I chatty  : uid=1000(system) ConnectivitySer expire 1 line
04-14 18:31:38.136  1491  2092 I chatty  : uid=1000(system) InputReader expire 8 lines
04-14 18:31:38.983  2188  2188 W FingerprintManager: Invalid acquired message: 6, 22
04-14 18:31:39.626  1491  1491 I chatty  : uid=1000 system_server expire 26 lines
04-14 18:31:39.753  1491  2799 I chatty  : uid=1000(system) Binder:1491_8 expire 5 lines
04-14 18:31:39.784  1491  1878 I chatty  : uid=1000(system) PowerManagerSer expire 33 lines
04-14 18:31:39.796  1491  2164 I chatty  : uid=1000(system) PhotonicModulat expire 24 lines
04-14 18:31:39.870  1491  1800 I chatty  : uid=1000(system) ActivityManager expire 15 lines
04-14 18:31:39.975  1491  2110 I chatty  : uid=1000(system) Binder:1491_3 expire 3 lines
04-14 18:31:40.021  1491  2111 I chatty  : uid=1000(system) ConnectivitySer expire 3 lines
04-14 18:31:42.326  1491  2114 I chatty  : uid=1000(system) Binder:1491_5 expire 4 lines
04-14 18:31:42.706  1491  1774 I chatty  : uid=1000(system) android.display expire 18 lines
04-14 18:31:42.759  1491  3694 I chatty  : uid=1000(system) Binder:1491_13 expire 8 lines
04-14 18:31:43.327  1491  1801 I chatty  : uid=1000(system) ActivityManager expire 9 lines
04-14 18:31:43.452  1491  1551 I chatty  : uid=1000(system) Binder:1491_2 expire 10 lines
04-14 18:31:44.242  1491  2968 I chatty  : uid=1000(system) Binder:1491_A expire 3 lines
04-14 18:31:44.487  1491  1831 I chatty  : uid=1000(system) batterystats-wo expire 76 lines
04-14 18:31:44.605  1491  3697 I chatty  : uid=1000(system) Binder:1491_16 expire 1 line
04-14 18:31:44.655  1491  1775 I chatty  : uid=1000(system) android.anim expire 1 line
04-14 18:31:44.690  2188  2188 W FingerprintManager: Invalid acquired message: 6, 21
04-14 18:31:44.960  1491  1550 I chatty  : uid=1000(system) Binder:1491_1 expire 3 lines
04-14 18:31:45.007  1491  2664 I chatty  : uid=1000(system) Binder:1491_7 expire 6 lines
04-14 18:31:45.108  2188  2188 V KeyguardStatusView: refresh statusview showing:true
04-14 18:31:46.323  1491  1771 I chatty  : uid=1000(system) android.fg expire 1 line
04-14 18:31:57.792  2188  2188 W FingerprintManager: Invalid acquired message: 6, 22
04-14 18:31:57.841  1491  1878 I chatty  : uid=1000(system) PowerManagerSer expire 7 lines
04-14 18:31:57.845  1491  2164 I chatty  : uid=1000(system) PhotonicModulat expire 8 lines
04-14 18:31:57.846  1491  1774 I chatty  : uid=1000(system) android.display expire 2 lines
04-14 18:31:57.862  1491  1831 I chatty  : uid=1000(system) batterystats-wo expire 190 lines
04-14 18:31:58.709  1491  1800 I chatty  : uid=1000(system) ActivityManager expire 9 lines
04-14 18:31:59.806  1491  1491 I chatty  : uid=1000 system_server expire 8 lines
04-14 18:31:59.807  2188  2188 W FingerprintManager: Invalid acquired message: 6, 44
04-14 18:31:59.867  2188  2188 W FingerprintManager: Invalid acquired message: 6, 23
04-14 18:32:08.921  1491  2111 I chatty  : uid=1000(system) ConnectivitySer expire 11 lines
04-14 18:32:34.408  1491  1798 I chatty  : uid=1000(system) android.bg expire 1 line
04-14 18:32:43.278  1491  2114 I chatty  : uid=1000(system) Binder:1491_5 expire 2 lines
04-14 18:32:43.357  1491  3697 I chatty  : uid=1000(system) Binder:1491_16 expire 1 line
04-14 18:32:43.357  1491  2664 I chatty  : uid=1000(system) Binder:1491_7 expire 1 line
04-14 18:32:46.401  1491  1551 I chatty  : uid=1000(system) Binder:1491_2 expire 4 lines
04-14 18:32:46.563  1491  1801 I chatty  : uid=1000(system) ActivityManager expire 2 lines
04-14 18:33:05.646  1491  2653 I chatty  : uid=1000(system) Binder:1491_6 expire 2 lines
04-14 18:34:47.281  1491  7646 I chatty  : uid=1000(system) Binder:1491_1C expire 1 line
04-14 18:34:47.486  1491  3688 I chatty  : uid=1000(system) Binder:1491_10 expire 1 line
04-14 18:34:47.511  1491  2969 I chatty  : uid=1000(system) Binder:1491_B expire 1 line
04-14 18:35:07.634  1491  3694 I chatty  : uid=1000(system) Binder:1491_13 expire 2 lines
04-14 18:35:21.340  1491  2092 I chatty  : uid=1000(system) InputReader expire 4 lines
04-14 18:35:21.371  1491  1878 I chatty  : uid=1000(system) PowerManagerSer expire 22 lines
04-14 18:35:21.373  1491  1800 I chatty  : uid=1000(system) ActivityManager expire 12 lines
04-14 18:35:21.390  1491  1831 I chatty  : uid=1000(system) batterystats-wo expire 179 lines
04-14 18:35:21.471  1491  2164 I chatty  : uid=1000(system) PhotonicModulat expire 22 lines
04-14 18:35:21.473  1491  1774 I chatty  : uid=1000(system) android.display expire 7 lines
04-14 18:35:21.485  1491  2969 I chatty  : uid=1000(system) Binder:1491_B expire 2 lines
04-14 18:35:21.606  1491  1771 I chatty  : uid=1000(system) android.fg expire 4 lines
04-14 18:35:21.639  1491  3688 I chatty  : uid=1000(system) Binder:1491_10 expire 1 line
04-14 18:35:29.838  1491  1491 I chatty  : uid=1000 system_server expire 1 line
04-14 18:36:26.680  1491  3694 I chatty  : uid=1000(system) Binder:1491_13 expire 1 line
04-14 18:37:13.855  1491  4562 I chatty  : uid=1000(system) Binder:1491_1A expire 1 line
04-14 18:37:13.857  1491  2111 I chatty  : uid=1000(system) ConnectivitySer expire 8 lines
04-14 18:40:04.135  1491  1831 I chatty  : uid=1000(system) batterystats-wo expire 201 lines
04-14 18:41:21.062  1491  1491 I chatty  : uid=1000 system_server expire 9 lines
04-14 18:41:21.072  1491  4562 I chatty  : uid=1000(system) Binder:1491_1A expire 4 lines
04-14 18:41:21.548  1491  3694 I chatty  : uid=1000(system) Binder:1491_13 expire 1 line
04-14 18:41:24.126  1491  1801 I chatty  : uid=1000(system) ActivityManager expire 17 lines
04-14 18:41:26.281  1491  3698 I chatty  : uid=1000(system) Binder:1491_17 expire 3 lines
04-14 18:41:28.842  1491  2970 I chatty  : uid=1000(system) Binder:1491_C expire 6 lines
04-14 18:42:36.401  1491  2664 I chatty  : uid=1000(system) Binder:1491_7 expire 1 line
04-14 18:42:36.481  1491  8647 I chatty  : uid=1000(system) Binder:1491_1D expire 3 lines
04-14 18:42:36.492  1491  1774 I chatty  : uid=1000(system) android.display expire 1 line
04-14 18:42:50.963  1491  2110 I chatty  : uid=1000(system) Binder:1491_3 expire 2 lines
04-14 18:50:48.068  1491  1831 I chatty  : uid=1000(system) batterystats-wo expire 115 lines
04-14 18:50:48.147  1491  1798 I chatty  : uid=1000(system) android.bg expire 2 lines
04-14 18:51:56.557  1491  3698 I chatty  : uid=1000(system) Binder:1491_17 expire 6 lines
04-14 18:52:57.481  1491  2111 I chatty  : uid=1000(system) ConnectivitySer expire 7 lines
04-14 18:53:34.175  1491  2092 I chatty  : uid=1000(system) InputReader expire 4 lines
04-14 18:53:34.246  1491  1878 I chatty  : uid=1000(system) PowerManagerSer expire 17 lines
04-14 18:53:34.250  1491  1800 I chatty  : uid=1000(system) ActivityManager expire 18 lines
04-14 18:53:34.336  1491  1491 I chatty  : uid=1000 system_server expire 25 lines
04-14 18:53:34.360  1491  2164 I chatty  : uid=1000(system) PhotonicModulat expire 8 lines
04-14 18:53:34.362  1491  2970 I chatty  : uid=1000(system) Binder:1491_C expire 2 lines
04-14 18:53:34.363  1491  1774 I chatty  : uid=1000(system) android.display expire 1 line
04-14 18:53:34.466  1491  1771 I chatty  : uid=1000(system) android.fg expire 3 lines
04-14 18:53:35.473  2188  2188 W FingerprintManager: Invalid acquired message: 6, 22
04-14 18:53:36.154  2188  2188 W FingerprintManager: Invalid acquired message: 6, 23
04-14 18:53:40.340  1491  8647 I chatty  : uid=1000(system) Binder:1491_1D expire 3 lines
04-14 18:53:40.480  1491  2114 I chatty  : uid=1000(system) Binder:1491_5 expire 1 line
04-14 18:53:40.742  1491  2113 I chatty  : uid=1000(system) Binder:1491_4 expire 1 line
04-14 18:53:41.005  1491  3688 I chatty  : uid=1000(system) Binder:1491_10 expire 6 lines
04-14 18:53:41.303  1491  3695 I chatty  : uid=1000(system) Binder:1491_14 expire 1 line
04-14 18:53:43.823  1491  1801 I chatty  : uid=1000(system) ActivityManager expire 2 lines
04-14 18:53:44.043  1491  4598 I chatty  : uid=1000(system) Binder:1491_1B expire 1 line
04-14 18:53:46.505  1491  1831 I chatty  : uid=1000(system) batterystats-wo expire 171 lines
04-14 18:53:46.591  1491  1878 I chatty  : uid=1000(system) PowerManagerSer expire 9 lines
04-14 18:53:46.593  1491  1774 I chatty  : uid=1000(system) android.display expire 9 lines
04-14 18:53:46.604  1491  3698 I chatty  : uid=1000(system) Binder:1491_17 expire 4 lines
04-14 18:53:46.643  1491  3688 I chatty  : uid=1000(system) Binder:1491_10 expire 2 lines
04-14 18:53:46.668  2188  2188 W FingerprintManager: Invalid acquired message: 6, 21
04-14 18:53:46.850  1491  2164 I chatty  : uid=1000(system) PhotonicModulat expire 10 lines
04-14 18:53:46.860  1491  1771 I chatty  : uid=1000(system) android.fg expire 1 line
04-14 18:53:47.172  2188  2188 V KeyguardStatusView: refresh statusview showing:true
04-14 18:53:48.485  1491  1800 I chatty  : uid=1000(system) ActivityManager expire 9 lines
04-14 18:53:57.404  1491  1491 I chatty  : uid=1000 system_server expire 1 line
04-14 18:54:06.440  1491  4598 I chatty  : uid=1000(system) Binder:1491_1B expire 2 lines
04-14 18:54:06.496  1491  2110 I chatty  : uid=1000(system) Binder:1491_3 expire 4 lines
04-14 18:54:06.497  1491  2111 I chatty  : uid=1000(system) ConnectivitySer expire 5 lines
04-14 18:56:12.419  1491  1801 I chatty  : uid=1000(system) ActivityManager expire 9 lines
04-14 18:56:13.330  1491  1550 I chatty  : uid=1000(system) Binder:1491_1 expire 1 line
04-14 18:56:13.400  1491  4345 I chatty  : uid=1000(system) Binder:1491_18 expire 1 line
04-14 18:56:14.072  1491  3697 I chatty  : uid=1000(system) Binder:1491_16 expire 1 line
04-14 18:56:14.087  1491  3694 I chatty  : uid=1000(system) Binder:1491_13 expire 2 lines
04-14 18:56:14.185  1491  2653 I chatty  : uid=1000(system) Binder:1491_6 expire 1 line
04-14 18:56:29.420  1170  1170 E TLOC    : [TLOCChannel]"Can't receive message due to timeout"
04-14 18:56:29.428  1170  1170 I TLOC    : [ModemComm  ]"Request succeeded for gps engine lock"
04-14 18:56:29.428  1170  1170 D TLOC    : [TLOCChannel] "Going to receive message for TLOCD"
04-14 18:56:29.428  1170  1462 I TLOC    : [Modem      ]"Sending location turned off status to the daemon"
04-14 18:56:29.428  1170  1170 D TLOC    : [TLOCChannel] "wait for message for user TLOCD"
04-14 18:56:29.428  1170  1462 D TLOC    : [TLOCChannel] "TLOCChannel is already initialized"
04-14 18:56:29.428  1170  1462 D TLOC    : [TLOCChannel] "Going to send message to TLOCD"
04-14 18:56:29.428  1170  1462 D TLOC    : [TLOCChannel]" --- message(id:15, size:0) ---> TLOCD"
04-14 18:56:29.428  1170  1170 D TLOC    : [TLOCChannel]" TLOCD <--- message(id:15, size:0) ---"
04-14 18:56:29.428  1170  1170 D TLOC    : [TLOCDaemon ]"Periodic location sampling is disabled"
04-14 18:56:29.428  1170  1170 D TLOC    : [TLOCDaemon ]"The command finished successfully"
04-14 18:56:29.428  1170  1170 D TLOC    : [TLOCDaemon ]"waiting for command"
04-14 18:56:29.428  1170  1170 D TLOC    : [TLOCChannel] "Going to receive message for TLOCD"
04-14 18:56:29.428  1170  1170 D TLOC    : [TLOCChannel] "wait for message for user TLOCD"
04-14 18:56:32.524  1491  1773 I chatty  : uid=1000(system) android.io expire 2 lines
04-14 18:57:09.139  1491  1798 I chatty  : uid=1000(system) android.bg expire 1 line
04-14 18:57:33.531  1491  2114 I chatty  : uid=1000(system) Binder:1491_5 expire 1 line
04-14 18:57:33.532  1491  2845 I chatty  : uid=1000(system) Binder:1491_9 expire 1 line
04-14 18:57:33.535  1491  1551 I chatty  : uid=1000(system) Binder:1491_2 expire 4 lines
04-14 18:57:33.562  1491  2113 I chatty  : uid=1000(system) Binder:1491_4 expire 5 lines
04-14 18:57:33.610  1491  1774 I chatty  : uid=1000(system) android.display expire 7 lines
04-14 18:57:33.611  1491  1801 I chatty  : uid=1000(system) ActivityManager expire 34 lines
04-14 18:57:33.653  1491  1831 I chatty  : uid=1000(system) batterystats-wo expire 57 lines
04-14 18:57:33.687  1491  2968 I chatty  : uid=1000(system) Binder:1491_A expire 6 lines
04-14 18:57:33.688  1491  2971 I chatty  : uid=1000(system) Binder:1491_D expire 1 line
04-14 18:57:33.688  1491  2111 I chatty  : uid=1000(system) ConnectivitySer expire 11 lines
04-14 18:57:33.729  1491  2845 I chatty  : uid=1000(system) Binder:1491_9 expire 4 lines
04-14 18:57:33.743  1491  7646 I chatty  : uid=1000(system) Binder:1491_1C expire 1 line
04-14 18:57:35.648  1491  2977 I chatty  : uid=1000(system) Binder:1491_F expire 2 lines
04-14 18:57:44.569  1491  1800 I chatty  : uid=1000(system) ActivityManager expire 4 lines
04-14 18:57:45.292  1491  2653 I chatty  : uid=1000(system) Binder:1491_6 expire 8 lines
04-14 18:57:47.430  1491  1772 I chatty  : uid=1000(system) android.ui expire 1 line
