04-14 19:23:13.529 16442 16442 E ActivityThread: 	at androidx.fragment.app.FragmentStateManager.createView(FragmentStateManager.java:527)
04-14 19:23:13.529 16442 16442 E ActivityThread: 	at androidx.fragment.app.FragmentManager.moveToState(FragmentManager.java:1324)
04-14 19:23:13.529 16442 16442 E ActivityThread: 	at androidx.fragment.app.FragmentManager.moveToState(FragmentManager.java:1477)
04-14 19:23:13.529 16442 16442 E ActivityThread: 	at androidx.fragment.app.FragmentManager.moveFragmentToExpectedState(FragmentManager.java:1555)
04-14 19:23:13.529 16442 16442 E ActivityThread: 	at androidx.fragment.app.FragmentManager.moveToState(FragmentManager.java:1608)
04-14 19:23:13.529 16442 16442 E ActivityThread: 	at androidx.fragment.app.FragmentManager.dispatchStateChange(FragmentManager.java:3046)
04-14 19:23:13.529 16442 16442 E ActivityThread: 	at androidx.fragment.app.FragmentManager.dispatchActivityCreated(FragmentManager.java:2990)
04-14 19:23:13.529 16442 16442 E ActivityThread: 	at androidx.fragment.app.FragmentController.dispatchActivityCreated(FragmentController.java:251)
04-14 19:23:13.529 16442 16442 E ActivityThread: 	at androidx.fragment.app.FragmentActivity.onStart(FragmentActivity.java:458)
04-14 19:23:13.529 16442 16442 E ActivityThread: 	at android.app.Instrumentation.callActivityOnStart(Instrumentation.java:1436)
04-14 19:23:13.529 16442 16442 E ActivityThread: 	at android.app.Activity.performStart(Activity.java:8024)
04-14 19:23:13.529 16442 16442 E ActivityThread: 	at android.app.ActivityThread.handleStartActivity(ActivityThread.java:3456)
04-14 19:23:13.529 16442 16442 E ActivityThread: 	at android.app.servertransaction.TransactionExecutor.performLifecycleSequence(TransactionExecutor.java:221)
04-14 19:23:13.529 16442 16442 E ActivityThread: 	at android.app.servertransaction.TransactionExecutor.cycleToPath(TransactionExecutor.java:201)
04-14 19:23:13.529 16442 16442 E ActivityThread: 	at android.app.servertransaction.TransactionExecutor.executeLifecycleState(TransactionExecutor.java:173)
04-14 19:23:13.529 16442 16442 E ActivityThread: 	at android.app.servertransaction.TransactionExecutor.execute(TransactionExecutor.java:97)
04-14 19:23:13.529 16442 16442 E ActivityThread: 	at android.app.ActivityThread$H.handleMessage(ActivityThread.java:2067)
04-14 19:23:13.529 16442 16442 E ActivityThread: 	at android.os.Handler.dispatchMessage(Handler.java:106)
04-14 19:23:13.529 16442 16442 E ActivityThread: 	at android.os.Looper.loop(Looper.java:223)
04-14 19:23:13.529 16442 16442 E ActivityThread: 	at android.app.ActivityThread.main(ActivityThread.java:7698)
04-14 19:23:13.529 16442 16442 E ActivityThread: 	at java.lang.reflect.Method.invoke(Native Method)
04-14 19:23:13.529 16442 16442 E ActivityThread: 	at com.android.internal.os.RuntimeInit$MethodAndArgsCaller.run(RuntimeInit.java:592)
04-14 19:23:13.529 16442 16442 E ActivityThread: 	at com.android.internal.os.ZygoteInit.main(ZygoteInit.java:952)
04-14 19:23:16.207  1491  3696 I chatty  : uid=1000(system) Binder:1491_15 expire 12 lines
04-14 19:23:16.240  1491  2110 I chatty  : uid=1000(system) Binder:1491_3 expire 4 lines
04-14 19:23:16.249 16442 16442 E ActivityThread: Activity com.android.settings.SubSettings has leaked ServiceConnection android.bluetooth.BluetoothProfileConnector$2@6f5de93 that was originally bound here
04-14 19:23:16.249 16442 16442 E ActivityThread: android.app.ServiceConnectionLeaked: Activity com.android.settings.SubSettings has leaked ServiceConnection android.bluetooth.BluetoothProfileConnector$2@6f5de93 that was originally bound here
04-14 19:23:16.249 16442 16442 E ActivityThread: 	at android.app.LoadedApk$ServiceDispatcher.<init>(LoadedApk.java:1811)
04-14 19:23:16.249 16442 16442 E ActivityThread: 	at android.app.LoadedApk.getServiceDispatcherCommon(LoadedApk.java:1683)
04-14 19:23:16.249 16442 16442 E ActivityThread: 	at android.app.LoadedApk.getServiceDispatcher(LoadedApk.java:1662)
04-14 19:23:16.249 16442 16442 E ActivityThread: 	at android.app.ContextImpl.bindServiceCommon(ContextImpl.java:1819)
04-14 19:23:16.249 16442 16442 E ActivityThread: 	at android.app.ContextImpl.bindServiceAsUser(ContextImpl.java:1773)
04-14 19:23:16.249 16442 16442 E ActivityThread: 	at android.content.ContextWrapper.bindServiceAsUser(ContextWrapper.java:775)
04-14 19:23:16.249 16442 16442 E ActivityThread: 	at android.bluetooth.BluetoothProfileConnector.doBind(BluetoothProfileConnector.java:90)
04-14 19:23:16.249 16442 16442 E ActivityThread: 	at android.bluetooth.BluetoothProfileConnector.connect(BluetoothProfileConnector.java:130)
04-14 19:23:16.249 16442 16442 E ActivityThread: 	at android.bluetooth.BluetoothA2dp.<init>(BluetoothA2dp.java:244)
04-14 19:23:16.249 16442 16442 E ActivityThread: 	at android.bluetooth.BluetoothAdapter.getProfileProxy(BluetoothAdapter.java:2821)
04-14 19:23:16.249 16442 16442 E ActivityThread: 	at com.android.settings.development.DevelopmentSettingsDashboardFragment.onCreateView(DevelopmentSettingsDashboardFragment.java:214)
04-14 19:23:16.249 16442 16442 E ActivityThread: 	at androidx.fragment.app.Fragment.performCreateView(Fragment.java:2897)
04-14 19:23:16.249 16442 16442 E ActivityThread: 	at androidx.fragment.app.FragmentStateManager.createView(FragmentStateManager.java:527)
04-14 19:23:16.249 16442 16442 E ActivityThread: 	at androidx.fragment.app.FragmentManager.moveToState(FragmentManager.java:1324)
04-14 19:23:16.249 16442 16442 E ActivityThread: 	at androidx.fragment.app.FragmentManager.moveToState(FragmentManager.java:1477)
04-14 19:23:16.249 16442 16442 E ActivityThread: 	at androidx.fragment.app.FragmentManager.moveFragmentToExpectedState(FragmentManager.java:1555)
04-14 19:23:16.249 16442 16442 E ActivityThread: 	at androidx.fragment.app.FragmentManager.moveToState(FragmentManager.java:1608)
04-14 19:23:16.249 16442 16442 E ActivityThread: 	at androidx.fragment.app.FragmentManager.dispatchStateChange(FragmentManager.java:3046)
04-14 19:23:16.249 16442 16442 E ActivityThread: 	at androidx.fragment.app.FragmentManager.dispatchActivityCreated(FragmentManager.java:2990)
04-14 19:23:16.249 16442 16442 E ActivityThread: 	at androidx.fragment.app.FragmentController.dispatchActivityCreated(FragmentController.java:251)
04-14 19:23:16.249 16442 16442 E ActivityThread: 	at androidx.fragment.app.FragmentActivity.onStart(FragmentActivity.java:458)
04-14 19:23:16.249 16442 16442 E ActivityThread: 	at android.app.Instrumentation.callActivityOnStart(Instrumentation.java:1436)
04-14 19:23:16.249 16442 16442 E ActivityThread: 	at android.app.Activity.performStart(Activity.java:8024)
04-14 19:23:16.249 16442 16442 E ActivityThread: 	at android.app.ActivityThread.handleStartActivity(ActivityThread.java:3456)
04-14 19:23:16.249 16442 16442 E ActivityThread: 	at android.app.servertransaction.TransactionExecutor.performLifecycleSequence(TransactionExecutor.java:221)
04-14 19:23:16.249 16442 16442 E ActivityThread: 	at android.app.servertransaction.TransactionExecutor.cycleToPath(TransactionExecutor.java:201)
04-14 19:23:16.249 16442 16442 E ActivityThread: 	at android.app.servertransaction.TransactionExecutor.executeLifecycleState(TransactionExecutor.java:173)
04-14 19:23:16.249 16442 16442 E ActivityThread: 	at android.app.servertransaction.TransactionExecutor.execute(TransactionExecutor.java:97)
04-14 19:23:16.249 16442 16442 E ActivityThread: 	at android.app.ActivityThread$H.handleMessage(ActivityThread.java:2067)
04-14 19:23:16.249 16442 16442 E ActivityThread: 	at android.os.Handler.dispatchMessage(Handler.java:106)
04-14 19:23:16.249 16442 16442 E ActivityThread: 	at android.os.Looper.loop(Looper.java:223)
04-14 19:23:16.249 16442 16442 E ActivityThread: 	at android.app.ActivityThread.main(ActivityThread.java:7698)
04-14 19:23:16.249 16442 16442 E ActivityThread: 	at java.lang.reflect.Method.invoke(Native Method)
04-14 19:23:16.249 16442 16442 E ActivityThread: 	at com.android.internal.os.RuntimeInit$MethodAndArgsCaller.run(RuntimeInit.java:592)
04-14 19:23:16.249 16442 16442 E ActivityThread: 	at com.android.internal.os.ZygoteInit.main(ZygoteInit.java:952)
04-14 19:23:16.291  1491  2653 I chatty  : uid=1000(system) Binder:1491_6 expire 4 lines
04-14 19:23:16.305  1491  1878 I chatty  : uid=1000(system) PowerManagerSer expire 20 lines
04-14 19:23:16.611  1491  1774 I chatty  : uid=1000(system) android.display expire 10 lines
04-14 19:23:16.752  1491  1831 I chatty  : uid=1000(system) batterystats-wo expire 1 line
04-14 19:23:16.819  1491  2111 I chatty  : uid=1000(system) ConnectivitySer expire 3 lines
04-14 19:23:16.879  1491  3690 I chatty  : uid=1000(system) Binder:1491_12 expire 22 lines
04-14 19:23:24.551  1491  2968 I chatty  : uid=1000(system) Binder:1491_A expire 24 lines
04-14 19:23:24.807  1491  1800 I chatty  : uid=1000(system) ActivityManager expire 12 lines
04-14 19:23:30.396  1491  1771 I chatty  : uid=1000(system) android.fg expire 15 lines
04-14 19:23:30.452  1491  1550 I chatty  : uid=1000(system) Binder:1491_1 expire 16 lines
04-14 19:23:30.530  2188  2188 W ContextImpl: Calling a method in the system process without a qualified user: android.app.ContextImpl.sendBroadcast:1111 android.content.ContextWrapper.sendBroadcast:468 com.android.systemui.wifi.WifiDebuggingActivity.onStart:179 android.app.Instrumentation.callActivityOnStart:1436 android.app.Activity.performStart:8024 
04-14 19:23:31.934  1491  3690 I chatty  : uid=1000(system) Binder:1491_12 expire 11 lines
04-14 19:23:32.659  1491  2969 I chatty  : uid=1000(system) Binder:1491_B expire 9 lines
04-14 19:23:32.849  1491  3694 I chatty  : uid=1000(system) Binder:1491_13 expire 4 lines
04-14 19:23:34.012  1491  9716 I chatty  : uid=1000(system) Binder:1491_20 expire 4 lines
04-14 19:23:36.515  1491  5862 I chatty  : uid=1000(system) AdbDebuggingMan expire 6 lines
04-14 19:23:38.313  1491  2977 I chatty  : uid=1000(system) Binder:1491_F expire 2 lines
04-14 19:24:01.442  1491  9521 I chatty  : uid=1000(system) Binder:1491_1F expire 15 lines
04-14 19:24:11.248  1491  2164 I chatty  : uid=1000(system) PhotonicModulat expire 4 lines
04-14 19:24:26.732 16442 16442 E ActivityThread: Activity com.android.settings.SubSettings has leaked ServiceConnection android.bluetooth.BluetoothProfileConnector$2@9364f61 that was originally bound here
04-14 19:24:26.732 16442 16442 E ActivityThread: android.app.ServiceConnectionLeaked: Activity com.android.settings.SubSettings has leaked ServiceConnection android.bluetooth.BluetoothProfileConnector$2@9364f61 that was originally bound here
04-14 19:24:26.732 16442 16442 E ActivityThread: 	at android.app.LoadedApk$ServiceDispatcher.<init>(LoadedApk.java:1811)
04-14 19:24:26.732 16442 16442 E ActivityThread: 	at android.app.LoadedApk.getServiceDispatcherCommon(LoadedApk.java:1683)
04-14 19:24:26.732 16442 16442 E ActivityThread: 	at android.app.LoadedApk.getServiceDispatcher(LoadedApk.java:1662)
04-14 19:24:26.732 16442 16442 E ActivityThread: 	at android.app.ContextImpl.bindServiceCommon(ContextImpl.java:1819)
04-14 19:24:26.732 16442 16442 E ActivityThread: 	at android.app.ContextImpl.bindServiceAsUser(ContextImpl.java:1773)
04-14 19:24:26.732 16442 16442 E ActivityThread: 	at android.content.ContextWrapper.bindServiceAsUser(ContextWrapper.java:775)
04-14 19:24:26.732 16442 16442 E ActivityThread: 	at android.bluetooth.BluetoothProfileConnector.doBind(BluetoothProfileConnector.java:90)
04-14 19:24:26.732 16442 16442 E ActivityThread: 	at android.bluetooth.BluetoothProfileConnector.connect(BluetoothProfileConnector.java:130)
04-14 19:24:26.732 16442 16442 E ActivityThread: 	at android.bluetooth.BluetoothA2dp.<init>(BluetoothA2dp.java:244)
04-14 19:24:26.732 16442 16442 E ActivityThread: 	at android.bluetooth.BluetoothAdapter.getProfileProxy(BluetoothAdapter.java:2821)
04-14 19:24:26.732 16442 16442 E ActivityThread: 	at com.android.settings.development.DevelopmentSettingsDashboardFragment.onCreateView(DevelopmentSettingsDashboardFragment.java:214)
04-14 19:24:26.732 16442 16442 E ActivityThread: 	at androidx.fragment.app.Fragment.performCreateView(Fragment.java:2897)
04-14 19:24:26.732 16442 16442 E ActivityThread: 	at androidx.fragment.app.FragmentStateManager.createView(FragmentStateManager.java:527)
04-14 19:24:26.732 16442 16442 E ActivityThread: 	at androidx.fragment.app.FragmentManager.moveToState(FragmentManager.java:1324)
04-14 19:24:26.732 16442 16442 E ActivityThread: 	at androidx.fragment.app.FragmentManager.moveToState(FragmentManager.java:1477)
04-14 19:24:26.732 16442 16442 E ActivityThread: 	at androidx.fragment.app.FragmentManager.moveFragmentToExpectedState(FragmentManager.java:1555)
04-14 19:24:26.732 16442 16442 E ActivityThread: 	at androidx.fragment.app.FragmentManager.moveToState(FragmentManager.java:1608)
04-14 19:24:26.732 16442 16442 E ActivityThread: 	at androidx.fragment.app.FragmentManager.dispatchStateChange(FragmentManager.java:3046)
04-14 19:24:26.732 16442 16442 E ActivityThread: 	at androidx.fragment.app.FragmentManager.dispatchActivityCreated(FragmentManager.java:2990)
04-14 19:24:26.732 16442 16442 E ActivityThread: 	at androidx.fragment.app.FragmentController.dispatchActivityCreated(FragmentController.java:251)
04-14 19:24:26.732 16442 16442 E ActivityThread: 	at androidx.fragment.app.FragmentActivity.onStart(FragmentActivity.java:458)
04-14 19:24:26.732 16442 16442 E ActivityThread: 	at android.app.Instrumentation.callActivityOnStart(Instrumentation.java:1436)
04-14 19:24:26.732 16442 16442 E ActivityThread: 	at android.app.Activity.performStart(Activity.java:8024)
04-14 19:24:26.732 16442 16442 E ActivityThread: 	at android.app.ActivityThread.handleStartActivity(ActivityThread.java:3456)
04-14 19:24:26.732 16442 16442 E ActivityThread: 	at android.app.servertransaction.TransactionExecutor.performLifecycleSequence(TransactionExecutor.java:221)
04-14 19:24:26.732 16442 16442 E ActivityThread: 	at android.app.servertransaction.TransactionExecutor.cycleToPath(TransactionExecutor.java:201)
04-14 19:24:26.732 16442 16442 E ActivityThread: 	at android.app.servertransaction.TransactionExecutor.executeLifecycleState(TransactionExecutor.java:173)
04-14 19:24:26.732 16442 16442 E ActivityThread: 	at android.app.servertransaction.TransactionExecutor.execute(TransactionExecutor.java:97)
04-14 19:24:26.732 16442 16442 E ActivityThread: 	at android.app.ActivityThread$H.handleMessage(ActivityThread.java:2067)
04-14 19:24:26.732 16442 16442 E ActivityThread: 	at android.os.Handler.dispatchMessage(Handler.java:106)
04-14 19:24:26.732 16442 16442 E ActivityThread: 	at android.os.Looper.loop(Looper.java:223)
04-14 19:24:26.732 16442 16442 E ActivityThread: 	at android.app.ActivityThread.main(ActivityThread.java:7698)
04-14 19:24:26.732 16442 16442 E ActivityThread: 	at java.lang.reflect.Method.invoke(Native Method)
04-14 19:24:26.732 16442 16442 E ActivityThread: 	at com.android.internal.os.RuntimeInit$MethodAndArgsCaller.run(RuntimeInit.java:592)
04-14 19:24:26.732 16442 16442 E ActivityThread: 	at com.android.internal.os.ZygoteInit.main(ZygoteInit.java:952)
04-14 19:24:26.875  1491  2845 I chatty  : uid=1000(system) Binder:1491_9 expire 2 lines
04-14 19:24:26.898  1491  1550 I chatty  : uid=1000(system) Binder:1491_1 expire 2 lines
04-14 19:24:29.054  1491  1774 I chatty  : uid=1000(system) android.display expire 2 lines
04-14 19:24:50.622  1491  2141 I chatty  : uid=1000(system) HwBinder:1491_3 expire 2 lines
04-14 19:24:50.623  1491 11304 I chatty  : uid=1000(system) HwBinder:1491_5 expire 1 line
04-14 19:25:43.731  1491  2164 I chatty  : uid=1000(system) PhotonicModulat expire 10 lines
04-14 19:25:48.235  1491  2969 I chatty  : uid=1000(system) Binder:1491_B expire 2 lines
04-14 19:25:48.238  1491  2111 I chatty  : uid=1000(system) ConnectivitySer expire 3 lines
04-14 19:25:50.715  1491  1878 I chatty  : uid=1000(system) PowerManagerSer expire 50 lines
04-14 19:25:50.776  1491  1491 I chatty  : uid=1000 system_server expire 15 lines
04-14 19:25:50.906  1491  1800 I chatty  : uid=1000(system) ActivityManager expire 32 lines
04-14 19:25:50.989  1491  1831 I chatty  : uid=1000(system) batterystats-wo expire 10 lines
04-14 19:25:51.024  1491  1774 I chatty  : uid=1000(system) android.display expire 14 lines
04-14 19:25:51.041  1491  3690 I chatty  : uid=1000(system) Binder:1491_12 expire 13 lines
04-14 19:25:51.070  2188  2188 W FingerprintManager: Invalid acquired message: 6, 21
04-14 19:25:51.115  1491  2977 I chatty  : uid=1000(system) Binder:1491_F expire 4 lines
04-14 19:25:51.283  1491  1771 I chatty  : uid=1000(system) android.fg expire 11 lines
04-14 19:25:55.932  2188  2188 V KeyguardStatusView: refresh statusview showing:true
04-14 19:26:01.547  1491  2164 I chatty  : uid=1000(system) PhotonicModulat expire 28 lines
04-14 19:26:01.551  1491  1550 I chatty  : uid=1000(system) Binder:1491_1 expire 1 line
04-14 19:26:06.642  1491  2092 I chatty  : uid=1000(system) InputReader expire 2 lines
04-14 19:26:06.814  1491  1772 I chatty  : uid=1000(system) android.ui expire 1 line
04-14 19:26:06.992  1491  8647 I chatty  : uid=1000(system) Binder:1491_1D expire 4 lines
04-14 19:26:10.178  1491  2141 I chatty  : uid=1000(system) HwBinder:1491_3 expire 4 lines
04-14 19:26:10.753  1491  1773 I chatty  : uid=1000(system) android.io expire 1 line
04-14 19:26:11.252  1491  1801 I chatty  : uid=1000(system) ActivityManager expire 9 lines
04-14 19:26:12.531  1491  2968 I chatty  : uid=1000(system) Binder:1491_A expire 1 line
04-14 19:26:13.722  1491  3694 I chatty  : uid=1000(system) Binder:1491_13 expire 8 lines
04-14 19:26:17.381  1491  5862 I chatty  : uid=1000(system) AdbDebuggingMan expire 4 lines
04-14 19:26:36.956  1491  9716 I chatty  : uid=1000(system) Binder:1491_20 expire 1 line
04-14 19:26:38.770  1491  9521 I chatty  : uid=1000(system) Binder:1491_1F expire 3 lines
04-14 19:26:50.658  1491  1491 I chatty  : uid=1000 system_server expire 19 lines
04-14 19:26:50.659  1491  1772 I chatty  : uid=1000(system) android.ui expire 2 lines
04-14 19:26:50.758  1491  2164 I chatty  : uid=1000(system) PhotonicModulat expire 12 lines
04-14 19:26:52.507  1491  1800 I chatty  : uid=1000(system) ActivityManager expire 26 lines
04-14 19:27:20.922  1491  2092 I chatty  : uid=1000(system) InputReader expire 2 lines
04-14 19:27:20.958  1491  1878 I chatty  : uid=1000(system) PowerManagerSer expire 22 lines
04-14 19:27:21.072  1491  1774 I chatty  : uid=1000(system) android.display expire 13 lines
04-14 19:27:21.080  1491  2110 I chatty  : uid=1000(system) Binder:1491_3 expire 1 line
04-14 19:27:21.146  1491  2845 I chatty  : uid=1000(system) Binder:1491_9 expire 1 line
04-14 19:27:21.219  1491  1771 I chatty  : uid=1000(system) android.fg expire 4 lines
04-14 19:27:21.272  1491  3690 I chatty  : uid=1000(system) Binder:1491_12 expire 11 lines
04-14 19:27:21.629  2188  2188 W FingerprintManager: Invalid acquired message: 6, 22
04-14 19:27:22.341  1491  1550 I chatty  : uid=1000(system) Binder:1491_1 expire 3 lines
04-14 19:27:22.363  2188  2188 W FingerprintManager: Invalid acquired message: 6, 23
04-14 19:27:22.472  1491  2653 I chatty  : uid=1000(system) Binder:1491_6 expire 14 lines
04-14 19:27:22.543  1491  3696 I chatty  : uid=1000(system) Binder:1491_15 expire 1 line
04-14 19:27:22.729  1491  2111 I chatty  : uid=1000(system) ConnectivitySer expire 10 lines
04-14 19:27:23.273  1491  3694 I chatty  : uid=1000(system) Binder:1491_13 expire 9 lines
04-14 19:27:24.142  1491  4562 I chatty  : uid=1000(system) Binder:1491_1A expire 2 lines
04-14 19:27:24.432  1491  2970 I chatty  : uid=1000(system) Binder:1491_C expire 1 line
04-14 19:27:24.435  1491  8647 I chatty  : uid=1000(system) Binder:1491_1D expire 6 lines
04-14 19:27:24.443  1491  4345 I chatty  : uid=1000(system) Binder:1491_18 expire 7 lines
04-14 19:27:25.037  1491  8958 I chatty  : uid=1000(system) Binder:1491_1E expire 1 line
04-14 19:27:25.038  1491  3697 I chatty  : uid=1000(system) Binder:1491_16 expire 1 line
04-14 19:27:25.039  1491  2969 I chatty  : uid=1000(system) Binder:1491_B expire 2 lines
04-14 19:27:25.042  1491  2113 I chatty  : uid=1000(system) Binder:1491_4 expire 4 lines
04-14 19:27:26.007  1491  1551 I chatty  : uid=1000(system) Binder:1491_2 expire 7 lines
04-14 19:27:26.118  1491  3689 I chatty  : uid=1000(system) Binder:1491_11 expire 1 line
04-14 19:27:26.119  1491  4598 I chatty  : uid=1000(system) Binder:1491_1B expire 2 lines
04-14 19:27:26.121  1491  9716 I chatty  : uid=1000(system) Binder:1491_20 expire 6 lines
04-14 19:27:26.182  1491  2114 I chatty  : uid=1000(system) Binder:1491_5 expire 1 line
04-14 19:27:26.192  1491  1801 I chatty  : uid=1000(system) ActivityManager expire 4 lines
04-14 19:27:30.138   602 23526 W SocketClient: write error (Broken pipe)
04-14 19:28:25.984  1491  1491 I chatty  : uid=1000 system_server expire 6 lines
04-14 19:28:26.144  1491  1800 I chatty  : uid=1000(system) ActivityManager expire 6 lines
04-14 19:28:26.162  1491  1831 I chatty  : uid=1000(system) batterystats-wo expire 1 line
04-14 19:28:26.234  1491  1775 I chatty  : uid=1000(system) android.anim expire 1 line
04-14 19:28:26.244  2188  2188 W FingerprintManager: Invalid acquired message: 6, 21
04-14 19:28:26.245  1491  1878 I chatty  : uid=1000(system) PowerManagerSer expire 6 lines
04-14 19:28:26.250  1491  2972 I chatty  : uid=1000(system) Binder:1491_E expire 2 lines
04-14 19:28:26.262  1491  1774 I chatty  : uid=1000(system) android.display expire 5 lines
04-14 19:28:26.469  1491  2164 I chatty  : uid=1000(system) PhotonicModulat expire 30 lines
04-14 19:28:31.175  2188  2188 V KeyguardStatusView: refresh statusview showing:true
04-14 19:28:31.750  1491  1831 I chatty  : uid=1000(system) batterystats-wo expire 38 lines
04-14 19:28:33.002  1491  1800 I chatty  : uid=1000(system) ActivityManager expire 20 lines
04-14 19:28:36.821  1491  1878 I chatty  : uid=1000(system) PowerManagerSer expire 28 lines
04-14 19:28:36.841  1491  1774 I chatty  : uid=1000(system) android.display expire 10 lines
04-14 19:28:36.933  1491  1491 I chatty  : uid=1000 system_server expire 11 lines
04-14 19:29:39.961  1491  2653 I chatty  : uid=1000(system) Binder:1491_6 expire 3 lines
04-14 19:30:21.781  1491  2111 I chatty  : uid=1000(system) ConnectivitySer expire 6 lines
04-14 19:32:06.813  1491  2113 I chatty  : uid=1000(system) Binder:1491_4 expire 9 lines
04-14 19:34:49.617  1491  2092 I chatty  : uid=1000(system) InputReader expire 4 lines
04-14 19:34:49.803  1491  3695 I chatty  : uid=1000(system) Binder:1491_14 expire 4 lines
04-14 19:34:49.876  1491  1551 I chatty  : uid=1000(system) Binder:1491_2 expire 1 line
04-14 19:34:49.899  1491  1771 I chatty  : uid=1000(system) android.fg expire 9 lines
04-14 19:34:49.966  1491  2972 I chatty  : uid=1000(system) Binder:1491_E expire 1 line
04-14 19:35:17.740  1491  4345 I chatty  : uid=1000(system) Binder:1491_18 expire 1 line
04-14 19:37:07.170  1170  1170 E TLOC    : [TLOCChannel]"Can't receive message due to timeout"
04-14 19:37:07.179  1170  1170 I TLOC    : [ModemComm  ]"Request succeeded for gps engine lock"
04-14 19:37:07.179  1170  1170 D TLOC    : [TLOCChannel] "Going to receive message for TLOCD"
04-14 19:37:07.179  1170  1462 I TLOC    : [Modem      ]"Sending location turned off status to the daemon"
04-14 19:37:07.179  1170  1170 D TLOC    : [TLOCChannel] "wait for message for user TLOCD"
04-14 19:37:07.179  1170  1462 D TLOC    : [TLOCChannel] "TLOCChannel is already initialized"
04-14 19:37:07.179  1170  1462 D TLOC    : [TLOCChannel] "Going to send message to TLOCD"
04-14 19:37:07.179  1170  1462 D TLOC    : [TLOCChannel]" --- message(id:15, size:0) ---> TLOCD"
04-14 19:37:07.179  1170  1170 D TLOC    : [TLOCChannel]" TLOCD <--- message(id:15, size:0) ---"
04-14 19:37:07.179  1170  1170 D TLOC    : [TLOCDaemon ]"Periodic location sampling is disabled"
04-14 19:37:07.179  1170  1170 D TLOC    : [TLOCDaemon ]"The command finished successfully"
04-14 19:37:07.179  1170  1170 D TLOC    : [TLOCDaemon ]"waiting for command"
04-14 19:37:07.179  1170  1170 D TLOC    : [TLOCChannel] "Going to receive message for TLOCD"
04-14 19:37:07.179  1170  1170 D TLOC    : [TLOCChannel] "wait for message for user TLOCD"
04-14 19:37:20.599  1491  1831 I chatty  : uid=1000(system) batterystats-wo expire 28 lines
04-14 19:39:05.264  1491  1800 I chatty  : uid=1000(system) ActivityManager expire 5 lines
04-14 19:39:05.382  1491  9716 I chatty  : uid=1000(system) Binder:1491_20 expire 1 line
04-14 19:39:05.383  1491  4559 I chatty  : uid=1000(system) Binder:1491_19 expire 1 line
04-14 19:39:06.730  1491  1772 I chatty  : uid=1000(system) android.ui expire 7 lines
04-14 19:39:06.742  1491  1801 I chatty  : uid=1000(system) ActivityManager expire 2 lines
04-14 19:39:13.199  1491  3696 I chatty  : uid=1000(system) Binder:1491_15 expire 3 lines
04-14 19:39:41.528  1491  3688 I chatty  : uid=1000(system) Binder:1491_10 expire 2 lines
04-14 19:42:07.661  1491  1878 I chatty  : uid=1000(system) PowerManagerSer expire 8 lines
04-14 19:42:07.783  1491  2164 I chatty  : uid=1000(system) PhotonicModulat expire 4 lines
04-14 19:42:07.953  1491  2971 I chatty  : uid=1000(system) Binder:1491_D expire 1 line
04-14 19:42:16.713  1491  2114 I chatty  : uid=1000(system) Binder:1491_5 expire 10 lines
04-14 19:42:17.157  1491  7646 I chatty  : uid=1000(system) Binder:1491_1C expire 6 lines
04-14 19:42:17.370  1491  1800 I chatty  : uid=1000(system) ActivityManager expire 17 lines
04-14 19:42:17.395  1491  1491 I chatty  : uid=1000 system_server expire 18 lines
04-14 19:42:17.759  1491  2111 I chatty  : uid=1000(system) ConnectivitySer expire 9 lines
04-14 19:42:17.772  1491  2664 I chatty  : uid=1000(system) Binder:1491_7 expire 1 line
04-14 19:42:18.425  1491  3695 I chatty  : uid=1000(system) Binder:1491_14 expire 4 lines
04-14 19:42:22.088  1491  2114 I chatty  : uid=1000(system) Binder:1491_5 expire 9 lines
04-14 19:42:24.161  1491  1891 I chatty  : uid=1000(system) PackageManager expire 5 lines
04-14 19:42:27.532  1491  1771 I chatty  : uid=1000(system) android.fg expire 12 lines
04-14 19:42:32.717  1491  3688 I chatty  : uid=1000(system) Binder:1491_10 expire 1 line
04-14 19:42:32.734  1491  1801 I chatty  : uid=1000(system) ActivityManager expire 12 lines
04-14 19:42:39.296  1491  2968 I chatty  : uid=1000(system) Binder:1491_A expire 19 lines
04-14 19:42:39.339  1491  1774 I chatty  : uid=1000(system) android.display expire 14 lines
04-14 19:42:39.345  1491  1878 I chatty  : uid=1000(system) PowerManagerSer expire 14 lines
04-14 19:42:46.792  1491  4598 I chatty  : uid=1000(system) Binder:1491_1B expire 6 lines
04-14 19:42:48.179   602   681 E FrameworkListener: read() failed (Connection reset by peer)
04-14 19:42:48.194   602 25146 W SocketClient: write error (Broken pipe)
04-14 19:42:48.416   602 25170 W SocketClient: write error (Broken pipe)
04-14 19:43:11.350  1491  9521 I chatty  : uid=1000(system) Binder:1491_1F expire 2 lines
04-14 19:43:11.594 25209 25209 D ActivityThread: Loading provider contacts;com.android.contacts: com.android.providers.contacts.ContactsProvider2
04-14 19:43:24.770  1491  8958 I chatty  : uid=1000(system) Binder:1491_1E expire 5 lines
04-14 19:43:25.849  1491  1551 I chatty  : uid=1000(system) Binder:1491_2 expire 3 lines
04-14 19:43:51.645  1491  1491 I chatty  : uid=1000 system_server expire 10 lines
04-14 19:43:52.337  1491  2110 I chatty  : uid=1000(system) Binder:1491_3 expire 1 line
04-14 19:43:52.396  1491  8647 I chatty  : uid=1000(system) Binder:1491_1D expire 3 lines
04-14 19:43:52.396  1491  2969 I chatty  : uid=1000(system) Binder:1491_B expire 1 line
04-14 19:43:52.396  1491  2971 I chatty  : uid=1000(system) Binder:1491_D expire 1 line
04-14 19:44:11.422  1491  1831 I chatty  : uid=1000(system) batterystats-wo expire 24 lines
04-14 19:44:11.527  1491  1772 I chatty  : uid=1000(system) android.ui expire 1 line
04-14 19:44:37.070  1491  2164 I chatty  : uid=1000(system) PhotonicModulat expire 10 lines
04-14 19:44:44.222  1491  1800 I chatty  : uid=1000(system) ActivityManager expire 14 lines
04-14 19:44:44.420  1491  1775 I chatty  : uid=1000(system) android.anim expire 2 lines
04-14 19:44:44.492  2188  2188 W FingerprintManager: Invalid acquired message: 6, 21
04-14 19:44:44.601  1491  1878 I chatty  : uid=1000(system) PowerManagerSer expire 11 lines
04-14 19:44:44.603  1491  1771 I chatty  : uid=1000(system) android.fg expire 1 line
04-14 19:44:44.805  1491  1774 I chatty  : uid=1000(system) android.display expire 3 lines
04-14 19:44:49.317  2188  2188 V KeyguardStatusView: refresh statusview showing:true
04-14 19:44:54.903  1491  2164 I chatty  : uid=1000(system) PhotonicModulat expire 5 lines
04-14 19:46:11.007  1491  3690 I chatty  : uid=1000(system) Binder:1491_12 expire 7 lines
04-14 19:46:11.163  1491  2164 I chatty  : uid=1000(system) PhotonicModulat expire 17 lines
04-14 19:46:11.163  1491  1774 I chatty  : uid=1000(system) android.display expire 19 lines
04-14 19:46:11.209  1491  4345 I chatty  : uid=1000(system) Binder:1491_18 expire 1 line
04-14 19:46:11.225  1491  1878 I chatty  : uid=1000(system) PowerManagerSer expire 22 lines
04-14 19:46:11.279  1491  1771 I chatty  : uid=1000(system) android.fg expire 4 lines
04-14 19:46:11.297  1491  8958 I chatty  : uid=1000(system) Binder:1491_1E expire 1 line
04-14 19:46:13.070  1491  1800 I chatty  : uid=1000(system) ActivityManager expire 14 lines
04-14 19:46:29.852  1491  2972 I chatty  : uid=1000(system) Binder:1491_E expire 2 lines
04-14 19:46:29.852  1491  1550 I chatty  : uid=1000(system) Binder:1491_1 expire 5 lines
04-14 19:46:29.853  1491  2111 I chatty  : uid=1000(system) ConnectivitySer expire 27 lines
04-14 19:46:29.877  1491  1801 I chatty  : uid=1000(system) ActivityManager expire 57 lines
04-14 19:46:29.969  1491  1491 I chatty  : uid=1000 system_server expire 4 lines
04-14 19:46:30.151  1491  1831 I chatty  : uid=1000(system) batterystats-wo expire 17 lines
04-14 19:46:30.994  1491  3694 I chatty  : uid=1000(system) Binder:1491_13 expire 2 lines
04-14 19:46:31.302  1491  2970 I chatty  : uid=1000(system) Binder:1491_C expire 2 lines
04-14 19:46:32.499  1491  3696 I chatty  : uid=1000(system) Binder:1491_15 expire 4 lines
04-14 19:46:32.782  1491  3688 I chatty  : uid=1000(system) Binder:1491_10 expire 7 lines
04-14 19:46:32.997  1491  4559 I chatty  : uid=1000(system) Binder:1491_19 expire 4 lines
04-14 19:46:32.998  1491  2968 I chatty  : uid=1000(system) Binder:1491_A expire 4 lines
04-14 19:46:33.030  1491  4598 I chatty  : uid=1000(system) Binder:1491_1B expire 5 lines
04-14 19:46:35.924  1491  2845 I chatty  : uid=1000(system) Binder:1491_9 expire 1 line
04-14 19:46:40.845  1491  2653 I chatty  : uid=1000(system) Binder:1491_6 expire 5 lines
04-14 19:47:45.383  1491  2664 I chatty  : uid=1000(system) Binder:1491_7 expire 11 lines
04-14 19:47:46.617  1491  4562 I chatty  : uid=1000(system) Binder:1491_1A expire 5 lines
04-14 19:54:18.558  1491  1798 I chatty  : uid=1000(system) android.bg expire 1 line
04-14 19:55:07.826  1491  2977 I chatty  : uid=1000(system) Binder:1491_F expire 4 lines
04-14 19:55:11.667  1491  3697 I chatty  : uid=1000(system) Binder:1491_16 expire 4 lines
04-14 19:56:12.431  1491  1800 I chatty  : uid=1000(system) ActivityManager expire 16 lines
04-14 19:56:12.433  1491  1801 I chatty  : uid=1000(system) ActivityManager expire 18 lines
04-14 19:56:12.775  1491  1491 I chatty  : uid=1000 system_server expire 25 lines
04-14 19:56:12.789  1491  2968 I chatty  : uid=1000(system) Binder:1491_A expire 3 lines
04-14 19:56:13.172  1491  9521 I chatty  : uid=1000(system) Binder:1491_1F expire 11 lines
04-14 19:56:13.664  1491  1550 I chatty  : uid=1000(system) Binder:1491_1 expire 2 lines
04-14 19:56:17.451  1491  1831 I chatty  : uid=1000(system) batterystats-wo expire 15 lines
04-14 19:56:22.349  1491  8958 I chatty  : uid=1000(system) Binder:1491_1E expire 2 lines
04-14 19:56:22.392  1491  8647 I chatty  : uid=1000(system) Binder:1491_1D expire 3 lines
04-14 19:56:22.392  1491  2111 I chatty  : uid=1000(system) ConnectivitySer expire 9 lines
04-14 19:59:37.788  1491  1878 I chatty  : uid=1000(system) PowerManagerSer expire 44 lines
04-14 19:59:37.790  1491  2164 I chatty  : uid=1000(system) PhotonicModulat expire 30 lines
04-14 19:59:37.793  1491  1774 I chatty  : uid=1000(system) android.display expire 16 lines
04-14 19:59:38.902  1491  2092 I chatty  : uid=1000(system) InputReader expire 8 lines
04-14 19:59:39.122  1491  1771 I chatty  : uid=1000(system) android.fg expire 8 lines
04-14 19:59:39.136  1491  1551 I chatty  : uid=1000(system) Binder:1491_2 expire 6 lines
04-14 19:59:39.187  1491  2110 I chatty  : uid=1000(system) Binder:1491_3 expire 2 lines
04-14 19:59:41.342  1491  2971 I chatty  : uid=1000(system) Binder:1491_D expire 6 lines
04-14 19:59:42.482  2188  2188 W FingerprintManager: Invalid acquired message: 6, 21
04-14 19:59:42.527  1491  1775 I chatty  : uid=1000(system) android.anim expire 1 line
04-14 19:59:42.821  2188  2188 V KeyguardStatusView: refresh statusview showing:true
04-14 19:59:43.312  1491  9521 I chatty  : uid=1000(system) Binder:1491_1F expire 3 lines
04-14 19:59:44.219  1491  1800 I chatty  : uid=1000(system) ActivityManager expire 8 lines
04-14 19:59:53.051  1491  1491 I chatty  : uid=1000 system_server expire 3 lines
04-14 19:59:55.786  1491  2969 I chatty  : uid=1000(system) Binder:1491_B expire 4 lines
04-14 20:00:03.558  1491  3698 I chatty  : uid=1000(system) Binder:1491_17 expire 2 lines
04-14 20:02:38.607  1491  1772 I chatty  : uid=1000(system) android.ui expire 1 line
04-14 20:02:40.141  1491  2164 I chatty  : uid=1000(system) PhotonicModulat expire 10 lines
04-14 20:02:40.597  1491  1800 I chatty  : uid=1000(system) ActivityManager expire 11 lines
04-14 20:02:43.047  1491  3695 I chatty  : uid=1000(system) Binder:1491_14 expire 2 lines
04-14 20:02:45.087  1491  1831 I chatty  : uid=1000(system) batterystats-wo expire 10 lines
04-14 20:02:50.114  1491  1878 I chatty  : uid=1000(system) PowerManagerSer expire 11 lines
04-14 20:02:50.126  1491  1774 I chatty  : uid=1000(system) android.display expire 9 lines
04-14 20:02:56.656  1491  3688 I chatty  : uid=1000(system) Binder:1491_10 expire 2 lines
04-14 20:03:01.725  1491  1491 I chatty  : uid=1000 system_server expire 14 lines
04-14 20:03:01.817  2188  2188 W FingerprintManager: Invalid acquired message: 6, 22
04-14 20:03:01.915  2188  2188 W FingerprintManager: Invalid acquired message: 6, 23
04-14 20:03:07.983  2188  2188 W FingerprintManager: Invalid acquired message: 6, 22
04-14 20:03:08.060  2188  2188 W FingerprintManager: Invalid acquired message: 6, 23
04-14 20:03:08.169  2188  2188 W FingerprintManager: Invalid acquired message: 6, 22
04-14 20:03:08.244  2188  2188 W FingerprintManager: Invalid acquired message: 6, 23
04-14 20:03:08.248  2188  2188 W FingerprintManager: Invalid acquired message: 6, 22
04-14 20:03:08.364  2188  2188 W FingerprintManager: Invalid acquired message: 6, 45
04-14 20:03:09.369  2188  2188 W FingerprintManager: Invalid acquired message: 6, 23
04-14 20:03:13.226  1491  8647 I chatty  : uid=1000(system) Binder:1491_1D expire 3 lines
04-14 20:03:13.226  1491  3690 I chatty  : uid=1000(system) Binder:1491_12 expire 1 line
04-14 20:03:13.226  1491  2111 I chatty  : uid=1000(system) ConnectivitySer expire 31 lines
04-14 20:03:13.236  1491  9716 I chatty  : uid=1000(system) Binder:1491_20 expire 1 line
04-14 20:03:13.253  1491  1801 I chatty  : uid=1000(system) ActivityManager expire 4 lines
04-14 20:03:14.627  1491  3689 I chatty  : uid=1000(system) Binder:1491_11 expire 1 line
04-14 20:03:14.821  1000  1000 W wificond: Skip match ssid for pno scan: iPhone (Edgar), iPhone, realme C11
04-14 20:03:14.822  1000  1000 I wificond: Pno scan started for frequencies: 2412, 2417, 2422, 2432, 2437, 2452, 2457, 2462, 5180, 
04-14 20:03:14.861  1491  5862 I chatty  : uid=1000(system) AdbDebuggingMan expire 1 line
04-14 20:03:14.929   602   676 E NetlinkEvent: NetlinkEvent::FindParam(): Parameter 'INTERFACE' not found
04-14 20:03:14.929   602   676 E NetlinkEvent: NetlinkEvent::FindParam(): Parameter 'STATE' not found
04-14 20:03:14.929   602   676 E NetlinkEvent: NetlinkEvent::FindParam(): Parameter 'TIME_NS' not found
04-14 20:03:14.929   602   676 E NetlinkEvent: NetlinkEvent::FindParam(): Parameter 'UID' not found
04-14 20:03:15.042  1491  2799 I chatty  : uid=1000(system) Binder:1491_8 expire 6 lines
04-14 20:03:15.156  1491  2113 I chatty  : uid=1000(system) Binder:1491_4 expire 1 line
04-14 20:03:15.536  1491  3694 I chatty  : uid=1000(system) Binder:1491_13 expire 9 lines
04-14 20:03:16.055  1491  2972 I chatty  : uid=1000(system) Binder:1491_E expire 2 lines
04-14 20:03:16.809  1491  3697 I chatty  : uid=1000(system) Binder:1491_16 expire 6 lines
04-14 20:03:17.692  1491  2664 I chatty  : uid=1000(system) Binder:1491_7 expire 1 line
04-14 20:03:23.183  1491  2164 I chatty  : uid=1000(system) PhotonicModulat expire 12 lines
04-14 20:03:26.635  1491  1491 I chatty  : uid=1000 system_server expire 12 lines
04-14 20:03:37.528  2188  2188 W FingerprintManager: Invalid acquired message: 6, 22
04-14 20:03:37.552  1491  1831 I chatty  : uid=1000(system) batterystats-wo expire 15 lines
04-14 20:03:37.666  2188  2188 W FingerprintManager: Invalid acquired message: 6, 23
04-14 20:03:37.684  1491  1878 I chatty  : uid=1000(system) PowerManagerSer expire 13 lines
04-14 20:03:37.760  2188  2188 W FingerprintManager: Invalid acquired message: 6, 22
04-14 20:03:39.340  2188  2188 W FingerprintManager: Invalid acquired message: 6, 44
04-14 20:03:39.402  2188  2188 W FingerprintManager: Invalid acquired message: 6, 23
04-14 20:03:39.403  2188  2188 W FingerprintManager: Invalid acquired message: 6, 22
04-14 20:03:39.463  1491  1491 I chatty  : uid=1000 system_server expire 13 lines
04-14 20:03:39.464  2188  2188 W FingerprintManager: Invalid acquired message: 6, 23
04-14 20:03:41.557  2188  2188 W FingerprintManager: Invalid acquired message: 6, 22
04-14 20:03:41.783  2188  2188 W FingerprintManager: Invalid acquired message: 6, 23
04-14 20:03:42.105  2188  2188 W FingerprintManager: Invalid acquired message: 6, 22
04-14 20:03:44.058  2188  2188 W FingerprintManager: Invalid acquired message: 6, 44
04-14 20:03:44.131  2188  2188 W FingerprintManager: Invalid acquired message: 6, 23
04-14 20:03:46.646  1491  2111 I chatty  : uid=1000(system) ConnectivitySer expire 4 lines
04-14 20:03:52.757  1491  1800 I chatty  : uid=1000(system) ActivityManager expire 19 lines
04-14 20:05:13.392  2188  2188 W FingerprintManager: Invalid acquired message: 6, 22
04-14 20:05:13.398  1491  2164 I chatty  : uid=1000(system) PhotonicModulat expire 12 lines
04-14 20:05:13.427  1491  1491 I chatty  : uid=1000 system_server expire 11 lines
04-14 20:05:13.533  2188  2188 W FingerprintManager: Invalid acquired message: 6, 23
04-14 20:05:15.720  2188  2188 W FingerprintManager: Invalid acquired message: 6, 22
04-14 20:05:17.472  2188  2188 W FingerprintManager: Invalid acquired message: 6, 44
04-14 20:05:18.442  2188  2188 W FingerprintManager: Invalid acquired message: 6, 42
04-14 20:05:19.525  2188  2188 W FingerprintManager: Invalid acquired message: 6, 42
04-14 20:06:05.940  1491  1800 I chatty  : uid=1000(system) ActivityManager expire 11 lines
04-14 20:06:10.295  1491  4562 I chatty  : uid=1000(system) Binder:1491_1A expire 1 line
04-14 20:06:11.044  1491  1831 I chatty  : uid=1000(system) batterystats-wo expire 10 lines
04-14 20:06:22.328  1491  3689 I chatty  : uid=1000(system) Binder:1491_11 expire 1 line
04-14 20:06:23.341  2188  2188 W FingerprintManager: Invalid acquired message: 6, 23
04-14 20:06:29.300  1491  1491 I chatty  : uid=1000 system_server expire 11 lines
04-14 20:06:29.320  2188  2188 W FingerprintManager: Invalid acquired message: 6, 22
04-14 20:06:31.049  2188  2188 W FingerprintManager: Invalid acquired message: 6, 42
04-14 20:06:31.113  2188  2188 W FingerprintManager: Invalid acquired message: 6, 23
04-14 20:06:31.339  2188  2188 W FingerprintManager: Invalid acquired message: 6, 22
04-14 20:06:31.589  2188  2188 W FingerprintManager: Invalid acquired message: 6, 23
04-14 20:06:41.593  1491  1878 I chatty  : uid=1000(system) PowerManagerSer expire 10 lines
04-14 20:06:41.594  1491  2164 I chatty  : uid=1000(system) PhotonicModulat expire 10 lines
04-14 20:06:41.612  1491  1774 I chatty  : uid=1000(system) android.display expire 12 lines
04-14 20:08:30.817  2188  2188 W FingerprintManager: Invalid acquired message: 6, 22
04-14 20:08:32.743  1491  1491 I chatty  : uid=1000 system_server expire 31 lines
04-14 20:08:32.743  2188  2188 W FingerprintManager: Invalid acquired message: 6, 42
04-14 20:08:33.701  2188  2188 W FingerprintManager: Invalid acquired message: 6, 32
04-14 20:08:34.903  2188  2188 W FingerprintManager: Invalid acquired message: 6, 32
04-14 20:08:35.085  1491  2799 I chatty  : uid=1000(system) Binder:1491_8 expire 1 line
04-14 20:08:35.314  1491  2113 I chatty  : uid=1000(system) Binder:1491_4 expire 2 lines
04-14 20:08:35.321  1491  1771 I chatty  : uid=1000(system) android.fg expire 4 lines
04-14 20:08:35.341  1000  1000 I wificond: Pno scan stopped
04-14 20:08:35.498  1491  3694 I chatty  : uid=1000(system) Binder:1491_13 expire 4 lines
04-14 20:08:35.792  1491  1878 I chatty  : uid=1000(system) PowerManagerSer expire 15 lines
04-14 20:08:35.802  1491  2164 I chatty  : uid=1000(system) PhotonicModulat expire 10 lines
04-14 20:08:37.157  1491  1800 I chatty  : uid=1000(system) ActivityManager expire 15 lines
04-14 20:08:45.507  2188  2188 W FingerprintManager: Invalid acquired message: 6, 21
04-14 20:08:45.773  1491  8647 I chatty  : uid=1000(system) Binder:1491_1D expire 2 lines
04-14 20:08:45.793  1491  1775 I chatty  : uid=1000(system) android.anim expire 1 line
04-14 20:08:46.079  1000  1000 W wificond: Skip match ssid for pno scan: iPhone (Edgar), iPhone, realme C11
04-14 20:08:46.079  1000  1000 I wificond: Pno scan started for frequencies: 2412, 2417, 2422, 2432, 2437, 2452, 2457, 2462, 5180, 
04-14 20:08:46.152  1491  1878 I chatty  : uid=1000(system) PowerManagerSer expire 10 lines
04-14 20:08:46.157  1491  2164 I chatty  : uid=1000(system) PhotonicModulat expire 14 lines
04-14 20:08:51.115  1491  1831 I chatty  : uid=1000(system) batterystats-wo expire 13 lines
04-14 20:08:53.709  1491  3697 I chatty  : uid=1000(system) Binder:1491_16 expire 3 lines
04-14 20:08:56.554  1491  1491 I chatty  : uid=1000 system_server expire 10 lines
04-14 20:08:56.672  2188  2188 W FingerprintManager: Invalid acquired message: 6, 22
04-14 20:08:56.683  2188  2188 W FingerprintManager: Invalid acquired message: 6, 23
04-14 20:09:42.715  1491  2111 I chatty  : uid=1000(system) ConnectivitySer expire 5 lines
04-14 20:12:06.334  1491  2110 I chatty  : uid=1000(system) Binder:1491_3 expire 1 line
04-14 20:12:06.334  1491  2969 I chatty  : uid=1000(system) Binder:1491_B expire 1 line
04-14 20:12:06.335  1491  3698 I chatty  : uid=1000(system) Binder:1491_17 expire 1 line
04-14 20:12:06.360  1491  1801 I chatty  : uid=1000(system) ActivityManager expire 2 lines
04-14 20:14:17.763  1491  1550 I chatty  : uid=1000(system) Binder:1491_1 expire 3 lines
04-14 20:14:57.407  1491  3690 I chatty  : uid=1000(system) Binder:1491_12 expire 4 lines
04-14 20:15:51.482  2188  2188 W FingerprintManager: Invalid acquired message: 6, 22
04-14 20:15:51.489  1491  1878 I chatty  : uid=1000(system) PowerManagerSer expire 10 lines
04-14 20:15:51.505  1491  2164 I chatty  : uid=1000(system) PhotonicModulat expire 10 lines
04-14 20:15:51.506  1491  1774 I chatty  : uid=1000(system) android.display expire 3 lines
04-14 20:15:51.517  2188  2188 W FingerprintManager: Invalid acquired message: 6, 23
04-14 20:15:59.550  1491  2114 I chatty  : uid=1000(system) Binder:1491_5 expire 1 line
04-14 20:16:01.598  1491  1800 I chatty  : uid=1000(system) ActivityManager expire 6 lines
04-14 20:18:40.722  2188  2188 W FingerprintManager: Invalid acquired message: 6, 22
04-14 20:18:40.762  1491  1831 I chatty  : uid=1000(system) batterystats-wo expire 2 lines
04-14 20:18:40.792  1491  1491 I chatty  : uid=1000 system_server expire 2 lines
04-14 20:18:40.919  2188  2188 W FingerprintManager: Invalid acquired message: 6, 23
04-14 20:18:40.951  1491  2164 I chatty  : uid=1000(system) PhotonicModulat expire 6 lines
04-14 20:18:50.930  1491  1878 I chatty  : uid=1000(system) PowerManagerSer expire 2 lines
04-14 20:18:50.949  1491  1831 I chatty  : uid=1000(system) batterystats-wo expire 15 lines
04-14 20:18:50.949  1491  1774 I chatty  : uid=1000(system) android.display expire 2 lines
04-14 20:18:57.594  1491  1800 I chatty  : uid=1000(system) ActivityManager expire 9 lines
04-14 20:19:07.377  1491  1491 I chatty  : uid=1000 system_server expire 7 lines
04-14 20:19:07.383  1491  3690 I chatty  : uid=1000(system) Binder:1491_12 expire 2 lines
04-14 20:19:07.610  1491  8647 I chatty  : uid=1000(system) Binder:1491_1D expire 4 lines
04-14 20:19:07.690  1491  4598 I chatty  : uid=1000(system) Binder:1491_1B expire 6 lines
04-14 20:19:12.679  1491  4562 I chatty  : uid=1000(system) Binder:1491_1A expire 1 line
04-14 20:23:50.832  1491  2114 I chatty  : uid=1000(system) Binder:1491_5 expire 11 lines
04-14 20:25:42.995  1000  1000 W wificond: Scan aborted
04-14 20:25:48.986  1000  1000 W wificond: Scan aborted
04-14 20:25:54.988  1000  1000 W wificond: Scan aborted
04-14 20:26:00.969  1000  1000 W wificond: Scan aborted
04-14 20:26:06.967  1000  1000 W wificond: Scan aborted
04-14 20:26:13.000  1000  1000 W wificond: Scan aborted
04-14 20:26:14.734  1491  2972 I chatty  : uid=1000(system) Binder:1491_E expire 1 line
04-14 20:26:14.741  1491  2111 I chatty  : uid=1000(system) ConnectivitySer expire 5 lines
04-14 20:26:14.742  1491  9521 I chatty  : uid=1000(system) Binder:1491_1F expire 2 lines
04-14 20:26:14.756  1491  1801 I chatty  : uid=1000(system) ActivityManager expire 11 lines
04-14 20:26:16.091   602 29494 W SocketClient: write error (Broken pipe)
04-14 20:26:18.340   602 29496 W SocketClient: write error (Broken pipe)
04-14 20:30:15.724  1491  9716 I chatty  : uid=1000(system) Binder:1491_20 expire 7 lines
04-14 20:40:00.415  1170  1170 E TLOC    : [TLOCChannel]"Can't receive message due to timeout"
04-14 20:40:00.418  1170  1170 I TLOC    : [ModemComm  ]"Request succeeded for gps engine lock"
04-14 20:40:00.418  1170  1170 D TLOC    : [TLOCChannel] "Going to receive message for TLOCD"
04-14 20:40:00.418  1170  1170 D TLOC    : [TLOCChannel] "wait for message for user TLOCD"
04-14 20:40:00.418  1170  1462 I TLOC    : [Modem      ]"Sending location turned off status to the daemon"
04-14 20:40:00.418  1170  1462 D TLOC    : [TLOCChannel] "TLOCChannel is already initialized"
04-14 20:40:00.418  1170  1462 D TLOC    : [TLOCChannel] "Going to send message to TLOCD"
04-14 20:40:00.418  1170  1462 D TLOC    : [TLOCChannel]" --- message(id:15, size:0) ---> TLOCD"
04-14 20:40:00.419  1170  1170 D TLOC    : [TLOCChannel]" TLOCD <--- message(id:15, size:0) ---"
04-14 20:40:00.419  1170  1170 D TLOC    : [TLOCDaemon ]"Periodic location sampling is disabled"
04-14 20:40:00.419  1170  1170 D TLOC    : [TLOCDaemon ]"The command finished successfully"
04-14 20:40:00.419  1170  1170 D TLOC    : [TLOCDaemon ]"waiting for command"
04-14 20:40:00.419  1170  1170 D TLOC    : [TLOCChannel] "Going to receive message for TLOCD"
04-14 20:40:00.419  1170  1170 D TLOC    : [TLOCChannel] "wait for message for user TLOCD"
04-14 20:40:02.634  1491  1831 I chatty  : uid=1000(system) batterystats-wo expire 2 lines
04-14 20:49:18.654  1491  2114 I chatty  : uid=1000(system) Binder:1491_5 expire 3 lines
04-14 20:49:21.118  1491  2094 I chatty  : uid=1000(system) NetworkWatchlis expire 2 lines
04-14 20:49:21.186  1491 30155 I chatty  : uid=1000(system) AsyncTask #40 expire 281 lines
04-14 20:49:21.804  1491  4598 I chatty  : uid=1000(system) Binder:1491_1B expire 6 lines
04-14 20:49:21.807  1491  1801 I chatty  : uid=1000(system) ActivityManager expire 14 lines
04-14 20:49:22.083  1491  9521 I chatty  : uid=1000(system) Binder:1491_1F expire 1 line
04-14 20:49:22.116  1491 30193 I chatty  : uid=1000 system_server expire 2 lines
04-14 20:49:22.161  1491  1800 I chatty  : uid=1000(system) ActivityManager expire 8 lines
04-14 20:49:22.783  1491  1831 I chatty  : uid=1000(system) batterystats-wo expire 9 lines
04-14 20:49:23.057  1491  7646 I chatty  : uid=1000(system) Binder:1491_1C expire 10 lines
04-14 20:49:23.253  1491  1491 I chatty  : uid=1000 system_server expire 2 lines
04-14 20:49:23.269  1491  1551 I chatty  : uid=1000(system) Binder:1491_2 expire 1 line
04-14 20:49:49.940  1491  1798 I chatty  : uid=1000(system) android.bg expire 3 lines
04-14 20:49:58.009  1491  1772 I chatty  : uid=1000(system) android.ui expire 2 lines
04-14 20:50:22.415  1491  2664 I chatty  : uid=1000(system) Binder:1491_7 expire 1 line
04-14 20:50:22.478  1491  3694 I chatty  : uid=1000(system) Binder:1491_13 expire 4 lines
04-14 20:50:22.479  1491  2111 I chatty  : uid=1000(system) ConnectivitySer expire 9 lines
04-14 20:50:22.494  1491  1774 I chatty  : uid=1000(system) android.display expire 9 lines
04-14 20:50:23.242  1491  4559 I chatty  : uid=1000(system) Binder:1491_19 expire 3 lines
04-14 20:50:56.252  1491  2799 I chatty  : uid=1000(system) Binder:1491_8 expire 2 lines
04-14 20:50:56.252  1491  2845 I chatty  : uid=1000(system) Binder:1491_9 expire 1 line
04-14 20:50:56.257  1491  3690 I chatty  : uid=1000(system) Binder:1491_12 expire 1 line
04-14 20:50:57.215  1491  2971 I chatty  : uid=1000(system) Binder:1491_D expire 1 line
04-14 20:50:58.166   602 30285 W SocketClient: write error (Broken pipe)
04-14 20:53:56.060  1491  2110 I chatty  : uid=1000(system) Binder:1491_3 expire 1 line
04-14 21:04:13.009  1491  2086 I chatty  : uid=1000(system) AlarmManager expire 1 line
04-14 21:04:44.754  1491  2114 I chatty  : uid=1000(system) Binder:1491_5 expire 2 lines
