04-14 22:09:59.753  1491  8647 I chatty  : uid=1000(system) Binder:1491_1D expire 4 lines
04-14 22:10:01.707  1491  2977 I chatty  : uid=1000(system) Binder:1491_F expire 1 line
04-14 22:10:07.983  1491  3697 I chatty  : uid=1000(system) Binder:1491_16 expire 1 line
04-14 22:10:07.984  1491  2972 I chatty  : uid=1000(system) Binder:1491_E expire 2 lines
04-14 22:10:31.858  1491  1831 I chatty  : uid=1000(system) batterystats-wo expire 1 line
04-14 22:10:36.679  1491  1550 I chatty  : uid=1000(system) Binder:1491_1 expire 1 line
04-14 22:10:37.607  1491  2096 I chatty  : uid=1000(system) AppIntegrityMan expire 4 lines
04-14 22:10:37.795  1491  1891 I chatty  : uid=1000(system) PackageManager expire 10 lines
04-14 22:10:38.578  7734 13715 W PackageParsing: Unknown element under <manifest>: meta-data at /data/app/vmdl108842190.tmp/base.apk Binary XML file line #46
04-14 22:10:38.578  7734 13715 W PackageParsing: Unknown element under <manifest>: meta-data at /data/app/vmdl108842190.tmp/base.apk Binary XML file line #50
04-14 22:10:38.578  7734 13715 W PackageParsing: Unknown element under <manifest>: meta-data at /data/app/vmdl108842190.tmp/base.apk Binary XML file line #53
04-14 22:10:38.578  7734 13715 W PackageParsing: Ignoring duplicate uses-permissions/uses-permissions-sdk-m: android.permission.VIBRATE in package: com.lifespan at: Binary XML file line #57
04-14 22:10:39.948  1491  1800 I chatty  : uid=1000(system) ActivityManager expire 17 lines
04-14 22:10:39.952  1491  1801 I chatty  : uid=1000(system) ActivityManager expire 15 lines
04-14 22:10:41.150  7734 13715 W PackageParsing: Unknown element under <manifest>: meta-data at /data/app/vmdl108842190.tmp/base.apk Binary XML file line #46
04-14 22:10:41.150  7734 13715 W PackageParsing: Unknown element under <manifest>: meta-data at /data/app/vmdl108842190.tmp/base.apk Binary XML file line #50
04-14 22:10:41.150  7734 13715 W PackageParsing: Unknown element under <manifest>: meta-data at /data/app/vmdl108842190.tmp/base.apk Binary XML file line #53
04-14 22:10:41.151  7734 13715 W PackageParsing: Ignoring duplicate uses-permissions/uses-permissions-sdk-m: android.permission.VIBRATE in package: com.lifespan at: Binary XML file line #57
04-14 22:10:41.788  1491  1771 I chatty  : uid=1000(system) android.fg expire 12 lines
04-14 22:10:44.735  1491  4345 I chatty  : uid=1000(system) Binder:1491_18 expire 2 lines
04-14 22:10:44.762  1491  3694 I chatty  : uid=1000(system) Binder:1491_13 expire 5 lines
04-14 22:10:45.740  1491  2970 I chatty  : uid=1000(system) Binder:1491_C expire 2 lines
04-14 22:10:45.741  1491  2111 I chatty  : uid=1000(system) ConnectivitySer expire 10 lines
04-14 22:10:45.741  1491  1551 I chatty  : uid=1000(system) Binder:1491_2 expire 1 line
04-14 22:10:45.865  1491  4559 I chatty  : uid=1000(system) Binder:1491_19 expire 3 lines
04-14 22:10:47.380  1491  1491 I chatty  : uid=1000 system_server expire 15 lines
04-14 22:10:50.355  1491  9716 I chatty  : uid=1000(system) Binder:1491_20 expire 4 lines
04-14 22:10:57.399  1491  1878 I chatty  : uid=1000(system) PowerManagerSer expire 16 lines
04-14 22:10:57.430  1491  2164 I chatty  : uid=1000(system) PhotonicModulat expire 10 lines
04-14 22:11:03.518  1491  2969 I chatty  : uid=1000(system) Binder:1491_B expire 1 line
04-14 22:11:04.662  1491  3690 I chatty  : uid=1000(system) Binder:1491_12 expire 3 lines
04-14 22:11:04.681  1491  1774 I chatty  : uid=1000(system) android.display expire 7 lines
04-14 22:11:04.878  2188  2188 W FingerprintManager: Invalid acquired message: 6, 21
04-14 22:11:04.909  1491  1771 I chatty  : uid=1000(system) android.fg expire 4 lines
04-14 22:11:04.943  1491  3689 I chatty  : uid=1000(system) Binder:1491_11 expire 3 lines
04-14 22:11:09.533  1491  1800 I chatty  : uid=1000(system) ActivityManager expire 8 lines
04-14 22:11:09.737  2188  2188 V KeyguardStatusView: refresh statusview showing:true
04-14 22:11:15.383  1491  1878 I chatty  : uid=1000(system) PowerManagerSer expire 10 lines
04-14 22:11:15.384  1491  2164 I chatty  : uid=1000(system) PhotonicModulat expire 10 lines
04-14 22:11:28.503  1491  2114 I chatty  : uid=1000(system) Binder:1491_5 expire 1 line
04-14 22:11:48.753  1491  2664 I chatty  : uid=1000(system) Binder:1491_7 expire 3 lines
04-14 22:11:48.876  1491  1491 I chatty  : uid=1000 system_server expire 12 lines
04-14 22:11:48.918  1491  1801 I chatty  : uid=1000(system) ActivityManager expire 2 lines
04-14 22:11:50.556  1491  2971 I chatty  : uid=1000(system) Binder:1491_D expire 3 lines
04-14 22:12:09.280  2188  2188 W FingerprintManager: Invalid acquired message: 6, 22
04-14 22:12:11.220  2188  2188 W FingerprintManager: Invalid acquired message: 6, 44
04-14 22:12:12.192  1491  2111 I chatty  : uid=1000(system) ConnectivitySer expire 8 lines
04-14 22:12:12.280  2188  2188 W FingerprintManager: Invalid acquired message: 6, 44
04-14 22:12:12.784  1491  2113 I chatty  : uid=1000(system) Binder:1491_4 expire 1 line
04-14 22:12:13.017  2188  2188 W FingerprintManager: Invalid acquired message: 6, 23
04-14 22:12:13.017  2188  2188 W FingerprintManager: Invalid acquired message: 6, 22
04-14 22:12:14.875  1491  1491 I chatty  : uid=1000 system_server expire 26 lines
04-14 22:12:14.875  2188  2188 W FingerprintManager: Invalid acquired message: 6, 44
04-14 22:12:15.446  2188  2188 W FingerprintManager: Invalid acquired message: 6, 23
04-14 22:12:15.724  2188  2188 W FingerprintManager: Invalid acquired message: 6, 22
04-14 22:12:17.590  2188  2188 W FingerprintManager: Invalid acquired message: 6, 44
04-14 22:12:18.684  2188  2188 W FingerprintManager: Invalid acquired message: 6, 44
04-14 22:12:19.866  2188  2188 W FingerprintManager: Invalid acquired message: 6, 44
04-14 22:12:20.545  2188  2188 W FingerprintManager: Invalid acquired message: 6, 23
04-14 22:12:20.545  2188  2188 W FingerprintManager: Invalid acquired message: 6, 22
04-14 22:12:21.348  1491  3690 I chatty  : uid=1000(system) Binder:1491_12 expire 4 lines
04-14 22:12:21.389  1491  2971 I chatty  : uid=1000(system) Binder:1491_D expire 2 lines
04-14 22:12:21.390  1491  8958 I chatty  : uid=1000(system) Binder:1491_1E expire 2 lines
04-14 22:12:21.390  1491  2799 I chatty  : uid=1000(system) Binder:1491_8 expire 1 line
04-14 22:12:21.390  1491  9521 I chatty  : uid=1000(system) Binder:1491_1F expire 2 lines
04-14 22:12:21.390  1491  3689 I chatty  : uid=1000(system) Binder:1491_11 expire 2 lines
04-14 22:12:21.390  1491  2111 I chatty  : uid=1000(system) ConnectivitySer expire 30 lines
04-14 22:12:22.558  2188  2188 W FingerprintManager: Invalid acquired message: 6, 44
04-14 22:12:23.146  2188  2188 W FingerprintManager: Invalid acquired message: 6, 23
04-14 22:12:23.146  2188  2188 W FingerprintManager: Invalid acquired message: 6, 22
04-14 22:12:23.734  2188  2188 W FingerprintManager: Invalid acquired message: 6, 23
04-14 22:12:25.291  2188  2188 W FingerprintManager: Invalid acquired message: 6, 22
04-14 22:12:27.198  1491  1491 I chatty  : uid=1000 system_server expire 37 lines
04-14 22:12:27.199  2188  2188 W FingerprintManager: Invalid acquired message: 6, 42
04-14 22:12:28.237  2188  2188 W FingerprintManager: Invalid acquired message: 6, 42
04-14 22:12:32.255  1491  1878 I chatty  : uid=1000(system) PowerManagerSer expire 5 lines
04-14 22:12:33.462  1491  2845 I chatty  : uid=1000(system) Binder:1491_9 expire 1 line
04-14 22:12:34.526  1491  1551 I chatty  : uid=1000(system) Binder:1491_2 expire 10 lines
04-14 22:12:35.055  1491  1774 I chatty  : uid=1000(system) android.display expire 11 lines
04-14 22:12:35.056  1491  1801 I chatty  : uid=1000(system) ActivityManager expire 28 lines
04-14 22:12:35.229  1491  1800 I chatty  : uid=1000(system) ActivityManager expire 6 lines
04-14 22:12:35.378  1491  3698 I chatty  : uid=1000(system) Binder:1491_17 expire 2 lines
04-14 22:12:35.935  1491  2114 I chatty  : uid=1000(system) Binder:1491_5 expire 8 lines
04-14 22:12:38.195  1491  2969 I chatty  : uid=1000(system) Binder:1491_B expire 8 lines
04-14 22:12:38.512  1491  1550 I chatty  : uid=1000(system) Binder:1491_1 expire 1 line
04-14 22:12:38.556  1491  2110 I chatty  : uid=1000(system) Binder:1491_3 expire 5 lines
04-14 22:12:38.559  1491  2113 I chatty  : uid=1000(system) Binder:1491_4 expire 3 lines
04-14 22:12:38.633  1491  3696 I chatty  : uid=1000(system) Binder:1491_15 expire 4 lines
04-14 22:12:38.646  1491  1772 I chatty  : uid=1000(system) android.ui expire 1 line
04-14 22:12:46.998  1491  4345 I chatty  : uid=1000(system) Binder:1491_18 expire 8 lines
04-14 22:12:47.066  1491  3697 I chatty  : uid=1000(system) Binder:1491_16 expire 8 lines
04-14 22:13:38.669  1491  2111 I chatty  : uid=1000(system) ConnectivitySer expire 9 lines
04-14 22:13:39.889  1491  1878 I chatty  : uid=1000(system) PowerManagerSer expire 16 lines
04-14 22:13:39.918  1491  2164 I chatty  : uid=1000(system) PhotonicModulat expire 10 lines
04-14 22:13:41.186  1491  3689 I chatty  : uid=1000(system) Binder:1491_11 expire 6 lines
04-14 22:13:41.187  1491  1801 I chatty  : uid=1000(system) ActivityManager expire 23 lines
04-14 22:13:41.479  1491  2114 I chatty  : uid=1000(system) Binder:1491_5 expire 1 line
04-14 22:13:42.618  1491  8958 I chatty  : uid=1000(system) Binder:1491_1E expire 4 lines
04-14 22:13:46.904  1491  1491 I chatty  : uid=1000 system_server expire 10 lines
04-14 22:13:46.977  2188  2188 W FingerprintManager: Invalid acquired message: 6, 21
04-14 22:13:47.116  1491  1774 I chatty  : uid=1000(system) android.display expire 10 lines
04-14 22:13:47.137  1491  4345 I chatty  : uid=1000(system) Binder:1491_18 expire 2 lines
04-14 22:13:47.159  1491  1775 I chatty  : uid=1000(system) android.anim expire 2 lines
04-14 22:13:47.238  1491  2653 I chatty  : uid=1000(system) Binder:1491_6 expire 6 lines
04-14 22:13:47.377  1491  1771 I chatty  : uid=1000(system) android.fg expire 4 lines
04-14 22:13:51.938  1491  1800 I chatty  : uid=1000(system) ActivityManager expire 12 lines
04-14 22:13:52.120  2188  2188 V KeyguardStatusView: refresh statusview showing:true
04-14 22:13:57.698  1491  1878 I chatty  : uid=1000(system) PowerManagerSer expire 17 lines
04-14 22:13:57.698  1491  2164 I chatty  : uid=1000(system) PhotonicModulat expire 20 lines
04-14 22:13:57.702  1491  2845 I chatty  : uid=1000(system) Binder:1491_9 expire 1 line
04-14 22:16:13.448  1491  2092 I chatty  : uid=1000(system) InputReader expire 2 lines
04-14 22:16:13.565  1491  1831 I chatty  : uid=1000(system) batterystats-wo expire 3 lines
04-14 22:16:13.597  1491  2969 I chatty  : uid=1000(system) Binder:1491_B expire 1 line
04-14 22:16:16.763  2188  2188 W FingerprintManager: Invalid acquired message: 6, 22
04-14 22:16:17.530  1491  1491 I chatty  : uid=1000 system_server expire 15 lines
04-14 22:16:17.597  1491  3688 I chatty  : uid=1000(system) Binder:1491_10 expire 6 lines
04-14 22:16:17.709  1491  1878 I chatty  : uid=1000(system) PowerManagerSer expire 2 lines
04-14 22:16:17.737  1491  2972 I chatty  : uid=1000(system) Binder:1491_E expire 8 lines
04-14 22:16:17.761  1491  1800 I chatty  : uid=1000(system) ActivityManager expire 6 lines
04-14 22:16:19.276  1491  1774 I chatty  : uid=1000(system) android.display expire 28 lines
04-14 22:16:20.505  1491  1801 I chatty  : uid=1000(system) ActivityManager expire 18 lines
04-14 22:16:21.706  1491  1878 I chatty  : uid=1000(system) PowerManagerSer expire 13 lines
04-14 22:16:21.717  1491  2164 I chatty  : uid=1000(system) PhotonicModulat expire 10 lines
04-14 22:16:21.952  1491  4345 I chatty  : uid=1000(system) Binder:1491_18 expire 3 lines
04-14 22:16:21.955  1491  2111 I chatty  : uid=1000(system) ConnectivitySer expire 15 lines
04-14 22:16:22.315  1491  2845 I chatty  : uid=1000(system) Binder:1491_9 expire 5 lines
04-14 22:16:22.885  1491  3688 I chatty  : uid=1000(system) Binder:1491_10 expire 1 line
04-14 22:16:22.886  1491  2969 I chatty  : uid=1000(system) Binder:1491_B expire 13 lines
04-14 22:16:22.892  1491  4598 I chatty  : uid=1000(system) Binder:1491_1B expire 3 lines
04-14 22:16:23.028  1491  1491 I chatty  : uid=1000 system_server expire 13 lines
04-14 22:16:26.093  1491  3690 I chatty  : uid=1000(system) Binder:1491_12 expire 7 lines
04-14 22:16:37.982  1491  4562 I chatty  : uid=1000(system) Binder:1491_1A expire 1 line
04-14 22:16:37.983  1491  3698 I chatty  : uid=1000(system) Binder:1491_17 expire 1 line
04-14 22:16:37.983  1491  2664 I chatty  : uid=1000(system) Binder:1491_7 expire 3 lines
04-14 22:16:40.318  1491  2491 I chatty  : uid=1000(system) HwBinder:1491_4 expire 5 lines
04-14 22:16:40.320  1491  1771 I chatty  : uid=1000(system) android.fg expire 4 lines
04-14 22:16:40.367  1491  1800 I chatty  : uid=1000(system) ActivityManager expire 24 lines
04-14 22:16:41.905  1491  3695 I chatty  : uid=1000(system) Binder:1491_14 expire 1 line
04-14 22:16:42.863  1491  8958 I chatty  : uid=1000(system) Binder:1491_1E expire 7 lines
04-14 22:16:58.211  1491  1773 I chatty  : uid=1000(system) android.io expire 1 line
04-14 22:16:58.587  1491  2653 I chatty  : uid=1000(system) Binder:1491_6 expire 11 lines
04-14 22:17:00.236  1491  3697 I chatty  : uid=1000(system) Binder:1491_16 expire 13 lines
04-14 22:17:00.243  1491  1775 I chatty  : uid=1000(system) android.anim expire 1 line
04-14 22:17:00.893  1491  2110 I chatty  : uid=1000(system) Binder:1491_3 expire 14 lines
04-14 22:17:15.716  1491  2086 I chatty  : uid=1000(system) AlarmManager expire 1 line
04-14 22:17:31.086  1491  2972 I chatty  : uid=1000(system) Binder:1491_E expire 1 line
04-14 22:17:31.197  1491  9716 I chatty  : uid=1000(system) Binder:1491_20 expire 1 line
04-14 22:17:31.778  1491  1551 I chatty  : uid=1000(system) Binder:1491_2 expire 1 line
04-14 22:17:31.891  1491  3689 I chatty  : uid=1000(system) Binder:1491_11 expire 3 lines
04-14 22:17:33.188  1491  2111 I chatty  : uid=1000(system) ConnectivitySer expire 24 lines
04-14 22:17:33.796  1491  1800 I chatty  : uid=1000(system) ActivityManager expire 10 lines
04-14 22:17:39.085  1491  1878 I chatty  : uid=1000(system) PowerManagerSer expire 14 lines
04-14 22:17:44.870  1491  8958 I chatty  : uid=1000(system) Binder:1491_1E expire 20 lines
04-14 22:17:44.875  1491  1801 I chatty  : uid=1000(system) ActivityManager expire 10 lines
04-14 22:17:45.372  1491  3694 I chatty  : uid=1000(system) Binder:1491_13 expire 8 lines
04-14 22:18:00.425  1491  3688 I chatty  : uid=1000(system) Binder:1491_10 expire 1 line
04-14 22:18:32.118  1491  1831 I chatty  : uid=1000(system) batterystats-wo expire 3 lines
04-14 22:19:00.850  1491  2491 I chatty  : uid=1000(system) HwBinder:1491_4 expire 1 line
04-14 22:19:04.588  1491  1491 I chatty  : uid=1000 system_server expire 10 lines
04-14 22:19:09.934  1491  2664 I chatty  : uid=1000(system) Binder:1491_7 expire 5 lines
04-14 22:19:35.968  1491  2164 I chatty  : uid=1000(system) PhotonicModulat expire 10 lines
04-14 22:19:40.483  1491  1774 I chatty  : uid=1000(system) android.display expire 8 lines
04-14 22:19:43.315  1491  1775 I chatty  : uid=1000(system) android.anim expire 2 lines
04-14 22:19:43.348  2188  2188 W FingerprintManager: Invalid acquired message: 6, 21
04-14 22:19:43.479  1491  1878 I chatty  : uid=1000(system) PowerManagerSer expire 8 lines
04-14 22:19:43.486  1491  1771 I chatty  : uid=1000(system) android.fg expire 2 lines
04-14 22:19:48.188  2188  2188 V KeyguardStatusView: refresh statusview showing:true
04-14 22:19:53.815  1491  2164 I chatty  : uid=1000(system) PhotonicModulat expire 4 lines
04-14 22:20:17.048  1491  4559 I chatty  : uid=1000(system) Binder:1491_19 expire 3 lines
04-14 22:20:58.301  1491  4598 I chatty  : uid=1000(system) Binder:1491_1B expire 1 line
04-14 22:22:55.619  1170  1170 E TLOC    : [TLOCChannel]"Can't receive message due to timeout"
04-14 22:22:55.629  1170  1170 I TLOC    : [ModemComm  ]"Request succeeded for gps engine lock"
04-14 22:22:55.629  1170  1462 I TLOC    : [Modem      ]"Sending location turned off status to the daemon"
04-14 22:22:55.629  1170  1462 D TLOC    : [TLOCChannel] "TLOCChannel is already initialized"
04-14 22:22:55.629  1170  1170 D TLOC    : [TLOCChannel] "Going to receive message for TLOCD"
04-14 22:22:55.629  1170  1462 D TLOC    : [TLOCChannel] "Going to send message to TLOCD"
04-14 22:22:55.629  1170  1462 D TLOC    : [TLOCChannel]" --- message(id:15, size:0) ---> TLOCD"
04-14 22:22:55.629  1170  1170 D TLOC    : [TLOCChannel]" TLOCD <--- message(id:15, size:0) ---"
04-14 22:22:55.629  1170  1170 D TLOC    : [TLOCDaemon ]"Periodic location sampling is disabled"
04-14 22:22:55.629  1170  1170 D TLOC    : [TLOCDaemon ]"The command finished successfully"
04-14 22:22:55.629  1170  1170 D TLOC    : [TLOCDaemon ]"waiting for command"
04-14 22:22:55.629  1170  1170 D TLOC    : [TLOCChannel] "Going to receive message for TLOCD"
04-14 22:22:55.629  1170  1170 D TLOC    : [TLOCChannel] "wait for message for user TLOCD"
04-14 22:23:18.505  1491  2111 I chatty  : uid=1000(system) ConnectivitySer expire 7 lines
04-14 22:23:25.602  1491  1800 I chatty  : uid=1000(system) ActivityManager expire 8 lines
04-14 22:23:25.603  1491  1801 I chatty  : uid=1000(system) ActivityManager expire 4 lines
04-14 22:23:25.904  1491  3698 I chatty  : uid=1000(system) Binder:1491_17 expire 1 line
04-14 22:23:25.904  1491  7646 I chatty  : uid=1000(system) Binder:1491_1C expire 1 line
04-14 22:23:25.904  1491  2799 I chatty  : uid=1000(system) Binder:1491_8 expire 1 line
04-14 22:23:27.956  1491  1491 I chatty  : uid=1000 system_server expire 11 lines
04-14 22:23:28.157  1491 17669 I chatty  : uid=1000 system_server expire 32 lines
04-14 22:23:28.157  1491 15222 I chatty  : uid=1000(system) ContactsAsyncWo expire 1 line
04-14 22:23:28.158  2558  2558 I TelecomFramework: TelephonyConnectionService: notifyCreateConnectionComplete TC@203_1: (...->CSW.hCCC)->CS.crCoC->H.CS.crCoC(cap/cast)@E-E-E-4XA
04-14 22:23:28.271  1491 17670 I chatty  : uid=1000 system_server expire 1 line
04-14 22:23:29.248  1491  8958 I chatty  : uid=1000(system) Binder:1491_1E expire 1 line
04-14 22:23:29.304  1491  2812 I chatty  : uid=1000(system) uteStateMachine expire 2 lines
04-14 22:23:29.308  1491  2816 I chatty  : uid=1000(system) CallAudioModeSt expire 6 lines
04-14 22:23:29.333  1491  2969 I chatty  : uid=1000(system) Binder:1491_B expire 20 lines
04-14 22:23:29.622  1491  2816 I chatty  : uid=1000(system) CallAudioModeSt expire 10 lines
04-14 22:23:29.625  1491  2812 I chatty  : uid=1000(system) uteStateMachine expire 13 lines
04-14 22:23:29.626  1491  1491 I chatty  : uid=1000 system_server expire 17 lines
04-14 22:23:29.626  2558  2558 I TelecomFramework: TelephonyConnectionService: onAudioStateChanged TC@203_1 [AudioState isMuted: false, route: EARPIECE, supportedRouteMask: EARPIECE, SPEAKER, activeBluetoothDevice: [null], supportedBluetoothDevices: []]: (NCSSF.aC->ICFG.sF->ICFG.sF->ICFG.sF->CARSM.pM_UPDATE_SYSTEM_AUDIO_ROUTE)->CS.cASC->H.CS.cASC(cast)@E-4XQ
04-14 22:23:29.765  1491  2653 I chatty  : uid=1000(system) Binder:1491_6 expire 2 lines
04-14 22:23:29.794  1491  2110 I chatty  : uid=1000(system) Binder:1491_3 expire 2 lines
04-14 22:23:29.795  1491  1801 I chatty  : uid=1000(system) ActivityManager expire 6 lines
04-14 22:23:29.984  1491  1771 I chatty  : uid=1000(system) android.fg expire 4 lines
04-14 22:23:30.081  1491  2114 I chatty  : uid=1000(system) Binder:1491_5 expire 3 lines
04-14 22:23:30.349  1491  8958 I chatty  : uid=1000(system) Binder:1491_1E expire 16 lines
04-14 22:23:30.425  1491  1878 I chatty  : uid=1000(system) PowerManagerSer expire 12 lines
04-14 22:23:30.437  1491  3688 I chatty  : uid=1000(system) Binder:1491_10 expire 23 lines
04-14 22:23:30.437   986  2171 W iorapd  : Overwriting transition from kActivityLaunched to kIntentStarted into kActivityLaunchCancelled
04-14 22:23:30.458   986  2171 W iorapd  : Rejecting transition from kActivityLaunchCancelled to kIntentFailed
04-14 22:23:30.507  1491  2111 I chatty  : uid=1000(system) ConnectivitySer expire 3 lines
04-14 22:23:30.908  1491  1774 I chatty  : uid=1000(system) android.display expire 11 lines
04-14 22:23:31.127  1491  2164 I chatty  : uid=1000(system) PhotonicModulat expire 14 lines
04-14 22:23:31.171  1491  9521 I chatty  : uid=1000(system) Binder:1491_1F expire 1 line
04-14 22:23:31.427  1491  2092 I chatty  : uid=1000(system) InputReader expire 4 lines
04-14 22:23:31.436  2558  2558 I TelecomFramework: TelephonyConnectionService: silence TC@203_1: (TSI.sR)->CS.s->H.CS.s(cast)@E-4bY
04-14 22:23:31.848  1491  4598 I chatty  : uid=1000(system) Binder:1491_1B expire 8 lines
04-14 22:23:33.420  1491  2817 I chatty  : uid=1000(system) ConnectionSvrFo expire 11 lines
04-14 22:23:33.420  2558  2558 I TelecomFramework: TelephonyConnectionService: answer TC@203_1: (ICA.aC->CSFM.rF)->CS.an->H.CS.an(cgad/cast)@E-4bw
04-14 22:23:33.855  1491  1800 I chatty  : uid=1000(system) ActivityManager expire 14 lines
04-14 22:23:33.871  1491  1551 I chatty  : uid=1000(system) Binder:1491_2 expire 10 lines
04-14 22:23:33.901  2558  2558 I TelecomFramework: TelephonyConnectionService: onAudioStateChanged TC@203_1 [AudioState isMuted: false, route: EARPIECE, supportedRouteMask: EARPIECE, SPEAKER, activeBluetoothDevice: [null], supportedBluetoothDevices: []]: (ICA.aC->CSFM.rF->CAMSM.pM_1002->CARSM.pM_SWITCH_FOCUS)->CS.cASC->H.CS.cASC(cgad/cast)@E-4bw
04-14 22:23:36.465  1491  1798 I chatty  : uid=1000(system) android.bg expire 1 line
04-14 22:24:04.861  2558  2558 I TelecomFramework: TelephonyConnectionService: disconnect TC@203_1: (ICA.dC)->CS.d->H.CS.d(cgad/cast)@E-4go
04-14 22:24:04.863  1491  2816 I chatty  : uid=1000(system) CallAudioModeSt expire 4 lines
04-14 22:24:04.939  1491  2812 I chatty  : uid=1000(system) uteStateMachine expire 10 lines
04-14 22:24:04.973  1491  1491 I chatty  : uid=1000 system_server expire 10 lines
04-14 22:24:05.253  1491  1878 I chatty  : uid=1000(system) PowerManagerSer expire 1 line
04-14 22:24:05.260   986  2171 W iorapd  : Rejecting transition from kUninitialized to kActivityLaunchCancelled
04-14 22:24:05.266  1491  3688 I chatty  : uid=1000(system) Binder:1491_10 expire 16 lines
04-14 22:24:05.334  1491  2092 I chatty  : uid=1000(system) InputReader expire 2 lines
04-14 22:24:05.340  2188  2188 V KeyguardStatusView: refresh statusview showing:true
04-14 22:24:05.367  1491  1491 I chatty  : uid=1000 system_server expire 12 lines
04-14 22:24:05.391  1491  1878 I chatty  : uid=1000(system) PowerManagerSer expire 13 lines
04-14 22:24:05.392  1491  2164 I chatty  : uid=1000(system) PhotonicModulat expire 12 lines
04-14 22:24:05.543  1491  9521 I chatty  : uid=1000(system) Binder:1491_1F expire 6 lines
04-14 22:24:05.546  1491  1774 I chatty  : uid=1000(system) android.display expire 20 lines
04-14 22:24:05.680  1491  2970 I chatty  : uid=1000(system) Binder:1491_C expire 12 lines
04-14 22:24:05.698  2188  2188 W FingerprintManager: Invalid acquired message: 6, 21
04-14 22:24:05.776  1491  1771 I chatty  : uid=1000(system) android.fg expire 1 line
04-14 22:24:06.164  1491  2111 I chatty  : uid=1000(system) ConnectivitySer expire 24 lines
04-14 22:24:07.191  1491  1772 I chatty  : uid=1000(system) android.ui expire 1 line
04-14 22:24:16.196  1491  1800 I chatty  : uid=1000(system) ActivityManager expire 14 lines
04-14 22:24:16.615  1491  2653 I chatty  : uid=1000(system) Binder:1491_6 expire 1 line
04-14 22:24:29.324  1491  1801 I chatty  : uid=1000(system) ActivityManager expire 54 lines
04-14 22:24:29.679  1491  2977 I chatty  : uid=1000(system) Binder:1491_F expire 2 lines
04-14 22:24:29.680  1491  2114 I chatty  : uid=1000(system) Binder:1491_5 expire 4 lines
04-14 22:24:29.681  1491  2110 I chatty  : uid=1000(system) Binder:1491_3 expire 1 line
04-14 22:24:31.454  1491  2113 I chatty  : uid=1000(system) Binder:1491_4 expire 10 lines
04-14 22:24:35.083  1491  1551 I chatty  : uid=1000(system) Binder:1491_2 expire 2 lines
04-14 22:24:35.621  1491  3694 I chatty  : uid=1000(system) Binder:1491_13 expire 6 lines
04-14 22:24:35.621  1491  2971 I chatty  : uid=1000(system) Binder:1491_D expire 1 line
04-14 22:24:36.522  1491  3698 I chatty  : uid=1000(system) Binder:1491_17 expire 2 lines
04-14 22:24:36.523  1491  7646 I chatty  : uid=1000(system) Binder:1491_1C expire 2 lines
04-14 22:24:36.525  1491  8647 I chatty  : uid=1000(system) Binder:1491_1D expire 5 lines
04-14 22:24:37.350  1491  1550 I chatty  : uid=1000(system) Binder:1491_1 expire 4 lines
04-14 22:24:38.946  1491  4345 I chatty  : uid=1000(system) Binder:1491_18 expire 2 lines
04-14 22:24:40.246  1491  9716 I chatty  : uid=1000(system) Binder:1491_20 expire 1 line
04-14 22:24:45.129 18509 18742 E ActivityThread: Failed to find provider info for com.facebook.appmanager.firstparty.crashreporter
04-14 22:24:45.202 18509 18849 E ActivityThread: Failed to find provider info for com.android.launcher3.cornermark.unreadbadge
04-14 22:25:04.678  1491  2111 I chatty  : uid=1000(system) ConnectivitySer expire 8 lines
04-14 22:25:32.300  1491  2183 I chatty  : uid=1000(system) SyncManager expire 1 line
04-14 22:25:32.300  1491  1801 I chatty  : uid=1000(system) ActivityManager expire 6 lines
04-14 22:25:33.157  1491  2970 I chatty  : uid=1000(system) Binder:1491_C expire 3 lines
04-14 22:25:33.473  1491  1774 I chatty  : uid=1000(system) android.display expire 9 lines
04-14 22:25:33.527  1491  2111 I chatty  : uid=1000(system) ConnectivitySer expire 38 lines
04-14 22:25:33.697  1491  2114 I chatty  : uid=1000(system) Binder:1491_5 expire 2 lines
04-14 22:25:33.811  1491  8958 I chatty  : uid=1000(system) Binder:1491_1E expire 5 lines
04-14 22:25:34.025  1491  8647 I chatty  : uid=1000(system) Binder:1491_1D expire 1 line
04-14 22:25:34.315  1491  4345 I chatty  : uid=1000(system) Binder:1491_18 expire 2 lines
04-14 22:25:35.537  1491  2970 I chatty  : uid=1000(system) Binder:1491_C expire 3 lines
04-14 22:25:45.722  1491  2845 I chatty  : uid=1000(system) Binder:1491_9 expire 3 lines
04-14 22:26:01.347  1491  1551 I chatty  : uid=1000(system) Binder:1491_2 expire 6 lines
04-14 22:28:08.856  1491  2086 I chatty  : uid=1000(system) AlarmManager expire 1 line
04-14 22:30:36.759  1491  1491 I chatty  : uid=1000 system_server expire 39 lines
04-14 22:30:36.760  1491  1801 I chatty  : uid=1000(system) ActivityManager expire 82 lines
04-14 22:30:36.870  1491  1831 I chatty  : uid=1000(system) batterystats-wo expire 1 line
04-14 22:30:37.467  1491  9521 I chatty  : uid=1000(system) Binder:1491_1F expire 2 lines
04-14 22:30:38.291  1491  1550 I chatty  : uid=1000(system) Binder:1491_1 expire 1 line
04-14 22:30:38.625  1491  2968 I chatty  : uid=1000(system) Binder:1491_A expire 1 line
04-14 22:30:40.804  1491  2977 I chatty  : uid=1000(system) Binder:1491_F expire 2 lines
04-14 22:30:40.836  1491  3695 I chatty  : uid=1000(system) Binder:1491_14 expire 4 lines
04-14 22:30:40.915  1491  3690 I chatty  : uid=1000(system) Binder:1491_12 expire 2 lines
04-14 22:30:41.601  1491  4559 I chatty  : uid=1000(system) Binder:1491_19 expire 2 lines
04-14 22:31:09.538  1491  1800 I chatty  : uid=1000(system) ActivityManager expire 3 lines
04-14 22:33:30.024  1491  3613 I chatty  : uid=1000(system) backup-0 expire 4 lines
04-14 22:33:30.024  1491  7646 I chatty  : uid=1000(system) Binder:1491_1C expire 1 line
04-14 22:33:30.037  1491 20473 I chatty  : uid=1000 system_server expire 17 lines
04-14 22:33:30.047  1491  2183 I chatty  : uid=1000(system) SyncManager expire 2 lines
04-14 22:33:30.701  1491  2110 I chatty  : uid=1000(system) Binder:1491_3 expire 1 line
04-14 22:33:30.822  1491  3698 I chatty  : uid=1000(system) Binder:1491_17 expire 1 line
04-14 22:33:31.864  1491  2113 I chatty  : uid=1000(system) Binder:1491_4 expire 2 lines
04-14 22:33:31.919  1491  1771 I chatty  : uid=1000(system) android.fg expire 5 lines
04-14 22:33:32.466  1491  2972 I chatty  : uid=1000(system) Binder:1491_E expire 2 lines
04-14 22:33:34.495  1491  2664 I chatty  : uid=1000(system) Binder:1491_7 expire 2 lines
04-14 22:33:34.546  1491  2971 I chatty  : uid=1000(system) Binder:1491_D expire 3 lines
04-14 22:33:34.792  1491  3694 I chatty  : uid=1000(system) Binder:1491_13 expire 5 lines
04-14 22:33:36.285  1491  2113 I chatty  : uid=1000(system) Binder:1491_4 expire 9 lines
04-14 22:33:36.680  1491  2110 I chatty  : uid=1000(system) Binder:1491_3 expire 2 lines
04-14 22:33:36.681  1491  2111 I chatty  : uid=1000(system) ConnectivitySer expire 27 lines
04-14 22:33:36.833  1491  3698 I chatty  : uid=1000(system) Binder:1491_17 expire 5 lines
04-14 22:33:37.218  1491  2845 I chatty  : uid=1000(system) Binder:1491_9 expire 2 lines
04-14 22:33:37.285  1491  1491 I chatty  : uid=1000 system_server expire 13 lines
04-14 22:33:37.308  1491 20473 I chatty  : uid=1000 system_server expire 40 lines
04-14 22:33:37.413  1491  2977 I chatty  : uid=1000(system) Binder:1491_F expire 1 line
04-14 22:33:37.414  1491  3689 I chatty  : uid=1000(system) Binder:1491_11 expire 1 line
04-14 22:33:37.414  1491  1550 I chatty  : uid=1000(system) Binder:1491_1 expire 8 lines
04-14 22:33:37.713  1491  1551 I chatty  : uid=1000(system) Binder:1491_2 expire 5 lines
04-14 22:33:38.261  1491  1801 I chatty  : uid=1000(system) ActivityManager expire 73 lines
04-14 22:33:38.666  1491  4559 I chatty  : uid=1000(system) Binder:1491_19 expire 1 line
04-14 22:33:38.724 21503 21503 D ActivityThread: Loading provider contacts;com.android.contacts: com.android.providers.contacts.ContactsProvider2
04-14 22:33:38.803  1491  4345 I chatty  : uid=1000(system) Binder:1491_18 expire 2 lines
04-14 22:33:38.925  1491  9716 I chatty  : uid=1000(system) Binder:1491_20 expire 3 lines
04-14 22:33:39.726  1491  2114 I chatty  : uid=1000(system) Binder:1491_5 expire 2 lines
04-14 22:33:40.744  1491  3695 I chatty  : uid=1000(system) Binder:1491_14 expire 1 line
04-14 22:33:40.761  1491  8647 I chatty  : uid=1000(system) Binder:1491_1D expire 7 lines
04-14 22:33:41.764  1491  1800 I chatty  : uid=1000(system) ActivityManager expire 13 lines
04-14 22:33:44.196  1491  3688 I chatty  : uid=1000(system) Binder:1491_10 expire 1 line
04-14 22:33:44.452  1491  2969 I chatty  : uid=1000(system) Binder:1491_B expire 1 line
04-14 22:33:44.795  1491  2971 I chatty  : uid=1000(system) Binder:1491_D expire 2 lines
04-14 22:33:45.069  1491  3696 I chatty  : uid=1000(system) Binder:1491_15 expire 1 line
04-14 22:33:45.863  1491  4598 I chatty  : uid=1000(system) Binder:1491_1B expire 2 lines
04-14 22:33:46.075  1491  7646 I chatty  : uid=1000(system) Binder:1491_1C expire 3 lines
04-14 22:33:46.173  1491  2799 I chatty  : uid=1000(system) Binder:1491_8 expire 1 line
04-14 22:33:46.193  1491  1774 I chatty  : uid=1000(system) android.display expire 17 lines
04-14 22:33:46.686  1491  4345 I ActivityManager: Killing 20425:com.android.cellbroadcastreceiver/u0a157 (adj 999): empty #31
04-14 22:33:46.705  1491  3689 I ActivityManager: Killing 17672:com.google.android.dialer/u0a74 (adj 999): empty #31
04-14 22:33:47.076  1491  4345 W ActivityManager: Background start not allowed: service Intent { cmp=org.telegram.messenger/.NotificationsService } to org.telegram.messenger/.NotificationsService from pid=22273 uid=10200 pkg=org.telegram.messenger startFg?=false
04-14 22:33:47.308  1491  4345 D ConnectivityService: requestNetwork for uid/pid:10200/22273 NetworkRequest [ TRACK_DEFAULT id=9946, [ Capabilities: INTERNET&NOT_RESTRICTED&TRUSTED Uid: 10200 AdministratorUids: [] RequestorUid: 10200 RequestorPackageName: org.telegram.messenger] ]
04-14 22:33:47.308  1491  2111 D ConnectivityService: NetReassign [9946 : null  174]
04-14 22:33:47.434  1491  1551 D ConnectivityService: ConnectivityService NetworkRequestInfo binderDied(NetworkRequest [ TRACK_DEFAULT id=9890, [ Capabilities: INTERNET&NOT_RESTRICTED&TRUSTED Uid: 10074 AdministratorUids: [] RequestorUid: 10074 RequestorPackageName: com.google.android.dialer] ], android.os.BinderProxy@ea19b34)
04-14 22:33:47.434  1491  2111 D ConnectivityService: releasing NetworkRequest [ TRACK_DEFAULT id=9890, [ Capabilities: INTERNET&NOT_RESTRICTED&TRUSTED Uid: 10074 AdministratorUids: [] RequestorUid: 10074 RequestorPackageName: com.google.android.dialer] ] (release request)
04-14 22:33:47.435  1491  3698 D ConnectivityService: ConnectivityService NetworkRequestInfo binderDied(NetworkRequest [ TRACK_DEFAULT id=9891, [ Capabilities: INTERNET&NOT_RESTRICTED&TRUSTED Uid: 10074 AdministratorUids: [] RequestorUid: 10074 RequestorPackageName: com.google.android.dialer] ], android.os.BinderProxy@a6a06d2)
04-14 22:33:47.436  1491  2111 D ConnectivityService: releasing NetworkRequest [ TRACK_DEFAULT id=9891, [ Capabilities: INTERNET&NOT_RESTRICTED&TRUSTED Uid: 10074 AdministratorUids: [] RequestorUid: 10074 RequestorPackageName: com.google.android.dialer] ] (release request)
04-14 22:33:47.437  1491  3694 D ConnectivityService: ConnectivityService NetworkRequestInfo binderDied(NetworkRequest [ LISTEN id=9892, [ Capabilities: INTERNET&NOT_RESTRICTED&TRUSTED Uid: 10074 AdministratorUids: [] RequestorUid: 10074 RequestorPackageName: com.google.android.dialer] ], android.os.BinderProxy@6511d5d)
04-14 22:33:47.492  1491  1774 W ActivityManager: setHasOverlayUi called on unknown pid: 17672
04-14 22:33:47.818  1491  2111 D ConnectivityService: NetReassign [no changes]
04-14 22:33:49.373  1491  4345 D ConnectivityService: requestNetwork for uid/pid:10265/22382 NetworkRequest [ TRACK_DEFAULT id=9948, [ Capabilities: INTERNET&NOT_RESTRICTED&TRUSTED Uid: 10265 AdministratorUids: [] RequestorUid: 10265 RequestorPackageName: com.joom] ]
04-14 22:33:49.373  1491  2111 D ConnectivityService: NetReassign [9948 : null  174]
04-14 22:33:49.405  1491  4345 D ConnectivityService: requestNetwork for uid/pid:10216/22354 NetworkRequest [ TRACK_DEFAULT id=9949, [ Capabilities: INTERNET&NOT_RESTRICTED&TRUSTED Uid: 10216 AdministratorUids: [] RequestorUid: 10216 RequestorPackageName: com.linkedin.android] ]
04-14 22:33:49.405  1491  2111 D ConnectivityService: NetReassign [9949 : null  174]
04-14 22:33:50.313  1491  9521 D ConnectivityService: requestNetwork for uid/pid:10114/22290 NetworkRequest [ TRACK_DEFAULT id=9950, [ Capabilities: INTERNET&NOT_RESTRICTED&TRUSTED Uid: 10114 AdministratorUids: [] RequestorUid: 10114 RequestorPackageName: com.google.android.youtube] ]
04-14 22:33:50.314  1491  2111 D ConnectivityService: NetReassign [9950 : null  174]
04-14 22:33:50.387  1491  4345 D ConnectivityService: requestNetwork for uid/pid:10216/22354 NetworkRequest [ TRACK_DEFAULT id=9951, [ Capabilities: INTERNET&NOT_RESTRICTED&TRUSTED Uid: 10216 AdministratorUids: [] RequestorUid: 10216 RequestorPackageName: com.linkedin.android] ]
04-14 22:33:50.387  1491  2111 D ConnectivityService: NetReassign [9951 : null  174]
04-14 22:33:50.415  1491  2111 D ConnectivityService: NetReassign [no changes]
04-14 22:33:50.843  1491  2111 D ConnectivityService: NetReassign [no changes]
04-14 22:33:50.871  1491  4345 D ConnectivityService: requestNetwork for uid/pid:10114/22290 NetworkRequest [ TRACK_DEFAULT id=9954, [ Capabilities: INTERNET&NOT_RESTRICTED&TRUSTED Uid: 10114 AdministratorUids: [] RequestorUid: 10114 RequestorPackageName: com.google.android.youtube] ]
04-14 22:33:50.871  1491  2111 D ConnectivityService: NetReassign [9954 : null  174]
04-14 22:33:51.679  1491  4345 D ConnectivityService: requestNetwork for uid/pid:10114/22290 NetworkRequest [ TRACK_DEFAULT id=9955, [ Capabilities: INTERNET&NOT_RESTRICTED&TRUSTED Uid: 10114 AdministratorUids: [] RequestorUid: 10114 RequestorPackageName: com.google.android.youtube] ]
04-14 22:33:51.679  1491  2111 D ConnectivityService: NetReassign [9955 : null  174]
04-14 22:33:51.694  1491  2111 D ConnectivityService: NetReassign [no changes]
04-14 22:33:52.252  1491  1491 D CompatibilityChangeReporter: Compat change id reported: 135634846; UID 10234; state: DISABLED
04-14 22:33:52.253  1491  1491 D CompatibilityChangeReporter: Compat change id reported: 135754954; UID 10234; state: ENABLED
04-14 22:33:52.253  1491  1801 D CompatibilityChangeReporter: Compat change id reported: 143937733; UID 10234; state: ENABLED
04-14 22:33:52.278  1491  1801 I ActivityManager: Start proc 22876:org.mozilla.firefox/u0a234 for service {org.mozilla.firefox/androidx.work.impl.background.systemjob.SystemJobService}
04-14 22:33:52.484  1491  4345 I ActivityManager: Killing 20655:com.android.providers.calendar/u0a78 (adj 999): empty #31
04-14 22:33:52.558  1491  3689 D ConnectivityService: requestNetwork for uid/pid:10216/22354 NetworkRequest [ TRACK_DEFAULT id=9957, [ Capabilities: INTERNET&NOT_RESTRICTED&TRUSTED Uid: 10216 AdministratorUids: [] RequestorUid: 10216 RequestorPackageName: com.linkedin.android] ]
04-14 22:33:52.559  1491  2111 D ConnectivityService: NetReassign [9957 : null  174]
04-14 22:33:53.945  1491  4345 D ConnectivityService: Returning UNBLOCKED NetworkInfo to uid=10234
04-14 22:33:53.970  1491  4345 D ConnectivityService: requestNetwork for uid/pid:10234/22876 NetworkRequest [ TRACK_DEFAULT id=9958, [ Capabilities: INTERNET&NOT_RESTRICTED&TRUSTED Uid: 10234 AdministratorUids: [] RequestorUid: 10234 RequestorPackageName: org.mozilla.firefox] ]
04-14 22:33:53.970  1491  2111 D ConnectivityService: NetReassign [9958 : null  174]
04-14 22:33:54.147  1491  4345 D CompatibilityChangeReporter: Compat change id reported: 135634846; UID 10234; state: DISABLED
04-14 22:33:54.147  1491  4345 D CompatibilityChangeReporter: Compat change id reported: 135754954; UID 10234; state: ENABLED
04-14 22:33:54.148  1491  1801 D CompatibilityChangeReporter: Compat change id reported: 143937733; UID 10234; state: ENABLED
04-14 22:33:54.170  1491  1801 I ActivityManager: Start proc 23009:org.mozilla.firefox:tab10/u0a234 for service {org.mozilla.firefox/org.mozilla.gecko.process.GeckoChildProcessServices$tab10}
04-14 22:33:54.720  1491  2111 D ConnectivityService: releasing NetworkRequest [ TRACK_DEFAULT id=9957, [ Capabilities: INTERNET&NOT_RESTRICTED&TRUSTED Uid: 10216 AdministratorUids: [] RequestorUid: 10216 RequestorPackageName: com.linkedin.android] ] (release request)
04-14 22:33:55.273  1491  9521 D ConnectivityService: requestNetwork for uid/pid:10114/22290 NetworkRequest [ TRACK_DEFAULT id=9959, [ Capabilities: INTERNET&NOT_RESTRICTED&TRUSTED Uid: 10114 AdministratorUids: [] RequestorUid: 10114 RequestorPackageName: com.google.android.youtube] ]
04-14 22:33:55.274  1491  2111 D ConnectivityService: NetReassign [9959 : null  174]
04-14 22:33:56.458  1491  2111 D ConnectivityService: releasing NetworkRequest [ TRACK_DEFAULT id=9958, [ Capabilities: INTERNET&NOT_RESTRICTED&TRUSTED Uid: 10234 AdministratorUids: [] RequestorUid: 10234 RequestorPackageName: org.mozilla.firefox] ] (release request)
04-14 22:33:56.480  1491  1491 D CompatibilityChangeReporter: Compat change id reported: 135634846; UID 10286; state: DISABLED
04-14 22:33:56.480  1491  1491 D CompatibilityChangeReporter: Compat change id reported: 135754954; UID 10286; state: ENABLED
04-14 22:33:56.481  1491  1801 D CompatibilityChangeReporter: Compat change id reported: 143937733; UID 10286; state: ENABLED
04-14 22:33:56.484  1491  2970 I ActivityManager: Killing 20680:com.atlassian.android.jira.core/u0a242 (adj 995): empty #31
04-14 22:33:56.487  1491  2970 I ActivityManager: Killing 20475:com.google.android.keep/u0a189 (adj 995): empty #32
04-14 22:33:56.518  1491  1801 I ActivityManager: Start proc 23179:org.torproject.torbrowser/u0a286 for service {org.torproject.torbrowser/androidx.work.impl.background.systemjob.SystemJobService}
04-14 22:33:56.678 22876 22965 W ActivityThread: ClassLoader.getResources: The class loader returned by Thread.getContextClassLoader() may fail for processes that host multiple applications. You should explicitly specify a context class loader. For example: Thread.setContextClassLoader(getClass().getClassLoader());
04-14 22:33:57.007  1491  2977 W ActivityManager: Background start not allowed: service Intent { cmp=com.zhiliaoapp.musically/com.ss.android.message.NotifyService } to com.zhiliaoapp.musically/com.ss.android.message.NotifyService from pid=21984 uid=10279 pkg=com.zhiliaoapp.musically startFg?=false
04-14 22:33:57.022  1491  1491 D CompatibilityChangeReporter: Compat change id reported: 135754954; UID 10131; state: ENABLED
04-14 22:33:57.022  1491  1801 D CompatibilityChangeReporter: Compat change id reported: 143937733; UID 10131; state: ENABLED
04-14 22:33:57.049  1491  1801 I ActivityManager: Start proc 23226:com.google.android.contacts/u0a131 for service {com.google.android.contacts/com.google.android.apps.contacts.shortcut.ShortcutJobService}
04-14 22:33:57.547  1491  1800 D CompatibilityChangeReporter: Compat change id reported: 135634846; UID 10127; state: DISABLED
04-14 22:33:57.547  1491  1801 D CompatibilityChangeReporter: Compat change id reported: 143937733; UID 10127; state: ENABLED
04-14 22:33:57.736  1491  1801 W ActivityManager: Slow operation: 190ms so far, now at startProcess: returned from zygote!
04-14 22:33:57.739  1491  1801 W ActivityManager: Slow operation: 193ms so far, now at startProcess: done updating battery stats
04-14 22:33:57.739  1491  1801 W ActivityManager: Slow operation: 193ms so far, now at startProcess: building log message
04-14 22:33:57.739  1491  1801 I ActivityManager: Start proc 23321:com.android.chrome/u0a127 for broadcast {com.android.chrome/com.google.android.libraries.notifications.entrypoints.gcm.GcmBroadcastReceiver}
04-14 22:33:57.739  1491  1801 W ActivityManager: Slow operation: 193ms so far, now at startProcess: starting to update pids map
04-14 22:33:57.739  1491  1801 W ActivityManager: Slow operation: 194ms so far, now at startProcess: done updating pids map
04-14 22:33:57.806  1491  2972 W ActivityManager: Foreground service started from background can not have location/camera/microphone access: service com.viber.voip/.storage.service.MediaLoadingService
04-14 22:33:58.265  1491  2111 D ConnectivityService: releasing NetworkRequest [ TRACK_DEFAULT id=9932, [ Capabilities: INTERNET&NOT_RESTRICTED&TRUSTED Uid: 10213 AdministratorUids: [] RequestorUid: 10213 RequestorPackageName: io.sweet.app] ] (release request)
04-14 22:33:58.300  1491  1491 W NotificationHistory: Attempted to add notif for locked/gone/disabled user 0
04-14 22:33:58.303  1491  1491 W Looper  : Slow dispatch took 294ms main h=com.android.server.notification.NotificationManagerService$WorkerHandler c=com.android.server.notification.NotificationManagerService$PostNotificationRunnable@7a565f m=0
04-14 22:33:58.318  1491  1491 W Looper  : Slow delivery took 291ms main h=com.android.server.notification.NotificationManagerService$WorkerHandler c=com.android.server.notification.NotificationManagerService$NotificationListeners$2@31b67f1 m=0
04-14 22:33:58.360  1491  1491 D CompatibilityChangeReporter: Compat change id reported: 135634846; UID 10132; state: DISABLED
04-14 22:33:58.360  1491  1491 D CompatibilityChangeReporter: Compat change id reported: 135754954; UID 10132; state: ENABLED
04-14 22:33:58.361  1491  1801 D CompatibilityChangeReporter: Compat change id reported: 143937733; UID 10132; state: ENABLED
04-14 22:33:58.399  1491  1801 I ActivityManager: Start proc 23343:com.google.android.tts/u0a132 for service {com.google.android.tts/androidx.work.impl.background.systemjob.SystemJobService}
04-14 22:33:58.488  1491  1491 W Looper  : Drained
04-14 22:33:58.576  1491  7646 D CompatibilityChangeReporter: Compat change id reported: 135634846; UID 10286; state: DISABLED
04-14 22:33:58.576  1491  7646 D CompatibilityChangeReporter: Compat change id reported: 135754954; UID 10286; state: ENABLED
04-14 22:33:58.577  1491  1801 D CompatibilityChangeReporter: Compat change id reported: 143937733; UID 10286; state: ENABLED
04-14 22:33:58.607  1491  1801 I ActivityManager: Start proc 23375:org.torproject.torbrowser:tab33/u0a286 for service {org.torproject.torbrowser/org.mozilla.gecko.process.GeckoChildProcessServices$tab33}
04-14 22:33:58.874  1491  7646 I ActivityManager: Killing 20625:com.google.android.videos/u0a188 (adj 999): empty #31
04-14 22:33:59.003  1491  7646 D ConnectivityService: Returning UNBLOCKED NetworkInfo to uid=10132
04-14 22:33:59.631  1491  1491 D CompatibilityChangeReporter: Compat change id reported: 135634846; UID 10225; state: DISABLED
04-14 22:33:59.631  1491  1491 D CompatibilityChangeReporter: Compat change id reported: 135754954; UID 10225; state: ENABLED
04-14 22:33:59.632  1491  1801 D CompatibilityChangeReporter: Compat change id reported: 143937733; UID 10225; state: ENABLED
04-14 22:33:59.644  1491  3694 I ActivityManager: Killing 20501:com.google.android.calendar/u0a135 (adj 945): empty #31
04-14 22:33:59.666  1491  1801 I ActivityManager: Start proc 23499:com.pinterest/u0a225 for service {com.pinterest/androidx.work.impl.background.systemjob.SystemJobService}
04-14 22:33:59.742  1491  2977 D ConnectivityService: ConnectivityService NetworkRequestInfo binderDied(NetworkRequest [ TRACK_DEFAULT id=9924, [ Capabilities: INTERNET&NOT_RESTRICTED&TRUSTED Uid: 10135 AdministratorUids: [] RequestorUid: 10135 RequestorPackageName: com.google.android.calendar] ], android.os.BinderProxy@8b08c48)
04-14 22:33:59.742  1491  3690 D ConnectivityService: ConnectivityService NetworkRequestInfo binderDied(NetworkRequest [ LISTEN id=9926, [ Capabilities: INTERNET&NOT_RESTRICTED&TRUSTED&FOREGROUND Uid: 10135 AdministratorUids: [] RequestorUid: 10135 RequestorPackageName: com.google.android.calendar] ], android.os.BinderProxy@599dae1)
04-14 22:33:59.742  1491  2664 D ConnectivityService: ConnectivityService NetworkRequestInfo binderDied(NetworkRequest [ TRACK_DEFAULT id=9925, [ Capabilities: INTERNET&NOT_RESTRICTED&TRUSTED Uid: 10135 AdministratorUids: [] RequestorUid: 10135 RequestorPackageName: com.google.android.calendar] ], android.os.BinderProxy@e38f006)
04-14 22:33:59.743  1491  2111 D ConnectivityService: releasing NetworkRequest [ TRACK_DEFAULT id=9924, [ Capabilities: INTERNET&NOT_RESTRICTED&TRUSTED Uid: 10135 AdministratorUids: [] RequestorUid: 10135 RequestorPackageName: com.google.android.calendar] ] (release request)
04-14 22:33:59.744  1491  2111 D ConnectivityService: releasing NetworkRequest [ TRACK_DEFAULT id=9925, [ Capabilities: INTERNET&NOT_RESTRICTED&TRUSTED Uid: 10135 AdministratorUids: [] RequestorUid: 10135 RequestorPackageName: com.google.android.calendar] ] (release request)
04-14 22:34:00.535  1491  2664 I ActivityManager: Killing 20974:com.github.android/u0a204 (adj 999): empty #31
04-14 22:34:00.590  1491  2653 D ConnectivityService: ConnectivityService NetworkRequestInfo binderDied(NetworkRequest [ LISTEN id=9928, [ Capabilities: INTERNET&NOT_RESTRICTED&TRUSTED&NOT_VPN&FOREGROUND Uid: 10204 AdministratorUids: [] RequestorUid: 10204 RequestorPackageName: com.github.android] ], android.os.BinderProxy@f0498bb)
04-14 22:34:00.611  1491  2972 D ConnectivityService: requestNetwork for uid/pid:10225/23499 NetworkRequest [ TRACK_DEFAULT id=9960, [ Capabilities: INTERNET&NOT_RESTRICTED&TRUSTED Uid: 10225 AdministratorUids: [] RequestorUid: 10225 RequestorPackageName: com.pinterest] ]
04-14 22:34:00.614  1491  2111 D ConnectivityService: NetReassign [9960 : null  174]
04-14 22:34:00.677  1491  2111 D ConnectivityService: NetReassign [no changes]
04-14 22:34:00.991  1491  2972 D ConnectivityService: requestNetwork for uid/pid:10131/23226 NetworkRequest [ TRACK_DEFAULT id=9962, [ Capabilities: INTERNET&NOT_RESTRICTED&TRUSTED Uid: 10131 AdministratorUids: [] RequestorUid: 10131 RequestorPackageName: com.google.android.contacts] ]
04-14 22:34:00.992  1491  2111 D ConnectivityService: NetReassign [9962 : null  174]
04-14 22:34:00.996  1491  2111 D ConnectivityService: NetReassign [no changes]
04-14 22:34:01.529  1491  2664 D ConnectivityService: requestNetwork for uid/pid:10225/23499 NetworkRequest [ TRACK_DEFAULT id=9964, [ Capabilities: INTERNET&NOT_RESTRICTED&TRUSTED Uid: 10225 AdministratorUids: [] RequestorUid: 10225 RequestorPackageName: com.pinterest] ]
04-14 22:34:01.533  1491  2111 D ConnectivityService: NetReassign [9964 : null  174]
04-14 22:34:01.543  1491  2664 D ConnectivityService: requestNetwork for uid/pid:10127/23321 NetworkRequest [ TRACK_DEFAULT id=9965, [ Capabilities: INTERNET&NOT_RESTRICTED&TRUSTED Uid: 10127 AdministratorUids: [] RequestorUid: 10127 RequestorPackageName: com.android.chrome] ]
04-14 22:34:01.543  1491  2111 D ConnectivityService: NetReassign [9965 : null  174]
04-14 22:34:01.548  1491  2111 D ConnectivityService: NetReassign [no changes]
04-14 22:34:01.587  1491  8647 D CompatibilityChangeReporter: Compat change id reported: 135634846; UID 10127; state: DISABLED
04-14 22:34:01.588  1491  1801 D CompatibilityChangeReporter: Compat change id reported: 143937733; UID 10127; state: ENABLED
04-14 22:34:01.660  1491  3694 D ConnectivityService: Returning UNBLOCKED NetworkInfo to uid=10225
04-14 22:34:01.663  1491  2664 D ConnectivityService: requestNetwork for uid/pid:10225/23499 NetworkRequest [ TRACK_DEFAULT id=9967, [ Capabilities: INTERNET&NOT_RESTRICTED&TRUSTED Uid: 10225 AdministratorUids: [] RequestorUid: 10225 RequestorPackageName: com.pinterest] ]
04-14 22:34:01.664  1491  2111 D ConnectivityService: NetReassign [9967 : null  174]
04-14 22:34:01.799  1491  2799 I ActivityManager: Killing 21238:com.twitter.android/u0a217 (adj 945): empty #31
04-14 22:34:01.807  1491  1491 D CompatibilityChangeReporter: Compat change id reported: 135634846; UID 10198; state: DISABLED
04-14 22:34:01.807  1491  1491 D CompatibilityChangeReporter: Compat change id reported: 135754954; UID 10198; state: ENABLED
04-14 22:34:01.876  1491  1801 W ActivityManager: Slow operation: 291ms so far, now at startProcess: returned from zygote!
04-14 22:34:01.876  1491  1801 W ActivityManager: Slow operation: 291ms so far, now at startProcess: done updating battery stats
04-14 22:34:01.877  1491  1801 W ActivityManager: Slow operation: 291ms so far, now at startProcess: building log message
