04-14 18:57:48.544  1491  3697 I chatty  : uid=1000(system) Binder:1491_16 expire 7 lines
04-14 18:57:48.706  1491  1550 I chatty  : uid=1000(system) Binder:1491_1 expire 4 lines
04-14 18:57:57.244 14735 15019 E ActivityThread: Failed to find provider info for com.facebook.appmanager.firstparty.crashreporter
04-14 18:57:57.378 14735 15019 E ActivityThread: Failed to find provider info for com.android.launcher3.cornermark.unreadbadge
04-14 18:58:06.140  1491  1491 I chatty  : uid=1000 system_server expire 1 line
04-14 18:58:10.925  1491  1831 I chatty  : uid=1000(system) batterystats-wo expire 79 lines
04-14 19:01:58.449  1491  2111 I chatty  : uid=1000(system) ConnectivitySer expire 16 lines
04-14 19:03:01.772  1491  1831 I chatty  : uid=1000(system) batterystats-wo expire 163 lines
04-14 19:05:11.282  1491  1491 I chatty  : uid=1000 system_server expire 5 lines
04-14 19:05:11.287  1491  3697 I chatty  : uid=1000(system) Binder:1491_16 expire 5 lines
04-14 19:05:11.937  1491  1550 I chatty  : uid=1000(system) Binder:1491_1 expire 2 lines
04-14 19:05:14.370  1491  1801 I chatty  : uid=1000(system) ActivityManager expire 11 lines
04-14 19:05:15.532  1491  8647 I chatty  : uid=1000(system) Binder:1491_1D expire 3 lines
04-14 19:05:15.819  1491  2968 I chatty  : uid=1000(system) Binder:1491_A expire 2 lines
04-14 19:05:16.184  1491  2664 I chatty  : uid=1000(system) Binder:1491_7 expire 3 lines
04-14 19:05:16.600  1491  3688 I chatty  : uid=1000(system) Binder:1491_10 expire 2 lines
04-14 19:07:16.840  1491  1800 I chatty  : uid=1000(system) ActivityManager expire 1 line
04-14 19:07:17.011  1491  1774 I chatty  : uid=1000(system) android.display expire 3 lines
04-14 19:07:18.849  1491  9716 I chatty  : uid=1000(system) Binder:1491_20 expire 2 lines
04-14 19:07:33.465  1491  2970 I chatty  : uid=1000(system) Binder:1491_C expire 2 lines
04-14 19:09:33.137  1491 11304 I chatty  : uid=1000(system) HwBinder:1491_5 expire 3 lines
04-14 19:09:33.191  1491  1771 I chatty  : uid=1000(system) android.fg expire 1 line
04-14 19:09:33.482  1491  1878 I chatty  : uid=1000(system) PowerManagerSer expire 2 lines
04-14 19:09:33.483  1491  2164 I chatty  : uid=1000(system) PhotonicModulat expire 4 lines
04-14 19:09:33.551  1491  1831 I chatty  : uid=1000(system) batterystats-wo expire 17 lines
04-14 19:09:33.620  1491  1773 I chatty  : uid=1000(system) android.io expire 1 line
04-14 19:09:33.635  1491  1800 I chatty  : uid=1000(system) ActivityManager expire 13 lines
04-14 19:09:33.640  1491  1878 I chatty  : uid=1000(system) PowerManagerSer expire 10 lines
04-14 19:09:33.774  1491  1774 I chatty  : uid=1000(system) android.display expire 4 lines
04-14 19:09:33.819  1491  1771 I chatty  : uid=1000(system) android.fg expire 10 lines
04-14 19:09:34.188  1491  2114 I chatty  : uid=1000(system) Binder:1491_5 expire 4 lines
04-14 19:09:34.273  1491  1491 I chatty  : uid=1000 system_server expire 20 lines
04-14 19:09:34.274  1491  2970 I chatty  : uid=1000(system) Binder:1491_C expire 2 lines
04-14 19:09:34.302  1491  3690 I chatty  : uid=1000(system) Binder:1491_12 expire 2 lines
04-14 19:09:34.311  2188  2188 W FingerprintManager: Invalid acquired message: 6, 22
04-14 19:09:34.750  1491  4559 I chatty  : uid=1000(system) Binder:1491_19 expire 2 lines
04-14 19:09:34.751  1491  1801 I chatty  : uid=1000(system) ActivityManager expire 10 lines
04-14 19:09:34.902  1491  9716 I chatty  : uid=1000(system) Binder:1491_20 expire 1 line
04-14 19:09:34.922  1491  1550 I chatty  : uid=1000(system) Binder:1491_1 expire 3 lines
04-14 19:09:34.975  1491  2977 I chatty  : uid=1000(system) Binder:1491_F expire 15 lines
04-14 19:09:35.568  1491  3695 I chatty  : uid=1000(system) Binder:1491_14 expire 10 lines
04-14 19:09:35.705  1491  2111 I chatty  : uid=1000(system) ConnectivitySer expire 16 lines
04-14 19:09:36.699  1491  3689 I chatty  : uid=1000(system) Binder:1491_11 expire 14 lines
04-14 19:09:36.874  1491  4345 I chatty  : uid=1000(system) Binder:1491_18 expire 21 lines
04-14 19:09:37.240  1491  1775 I chatty  : uid=1000(system) android.anim expire 2 lines
04-14 19:09:37.530  1491  2971 I chatty  : uid=1000(system) Binder:1491_D expire 15 lines
04-14 19:09:37.690  1491  2653 I chatty  : uid=1000(system) Binder:1491_6 expire 7 lines
04-14 19:09:47.266 16442 16442 E ActivityThread: Activity com.android.settings.Settings$DevelopmentSettingsDashboardActivity has leaked ServiceConnection android.bluetooth.BluetoothProfileConnector$2@2ab527c that was originally bound here
04-14 19:09:47.266 16442 16442 E ActivityThread: android.app.ServiceConnectionLeaked: Activity com.android.settings.Settings$DevelopmentSettingsDashboardActivity has leaked ServiceConnection android.bluetooth.BluetoothProfileConnector$2@2ab527c that was originally bound here
04-14 19:09:47.266 16442 16442 E ActivityThread: 	at android.app.LoadedApk$ServiceDispatcher.<init>(LoadedApk.java:1811)
04-14 19:09:47.266 16442 16442 E ActivityThread: 	at android.app.LoadedApk.getServiceDispatcherCommon(LoadedApk.java:1683)
04-14 19:09:47.266 16442 16442 E ActivityThread: 	at android.app.LoadedApk.getServiceDispatcher(LoadedApk.java:1662)
04-14 19:09:47.266 16442 16442 E ActivityThread: 	at android.app.ContextImpl.bindServiceCommon(ContextImpl.java:1819)
04-14 19:09:47.266 16442 16442 E ActivityThread: 	at android.app.ContextImpl.bindServiceAsUser(ContextImpl.java:1773)
04-14 19:09:47.266 16442 16442 E ActivityThread: 	at android.content.ContextWrapper.bindServiceAsUser(ContextWrapper.java:775)
04-14 19:09:47.266 16442 16442 E ActivityThread: 	at android.bluetooth.BluetoothProfileConnector.doBind(BluetoothProfileConnector.java:90)
04-14 19:09:47.266 16442 16442 E ActivityThread: 	at android.bluetooth.BluetoothProfileConnector.connect(BluetoothProfileConnector.java:130)
04-14 19:09:47.266 16442 16442 E ActivityThread: 	at android.bluetooth.BluetoothA2dp.<init>(BluetoothA2dp.java:244)
04-14 19:09:47.266 16442 16442 E ActivityThread: 	at android.bluetooth.BluetoothAdapter.getProfileProxy(BluetoothAdapter.java:2821)
04-14 19:09:47.266 16442 16442 E ActivityThread: 	at com.android.settings.development.DevelopmentSettingsDashboardFragment.onCreateView(DevelopmentSettingsDashboardFragment.java:214)
04-14 19:09:47.266 16442 16442 E ActivityThread: 	at androidx.fragment.app.Fragment.performCreateView(Fragment.java:2897)
04-14 19:09:47.266 16442 16442 E ActivityThread: 	at androidx.fragment.app.FragmentStateManager.createView(FragmentStateManager.java:527)
04-14 19:09:47.266 16442 16442 E ActivityThread: 	at androidx.fragment.app.FragmentManager.moveToState(FragmentManager.java:1324)
04-14 19:09:47.266 16442 16442 E ActivityThread: 	at androidx.fragment.app.FragmentManager.moveToState(FragmentManager.java:1477)
04-14 19:09:47.266 16442 16442 E ActivityThread: 	at androidx.fragment.app.FragmentManager.moveFragmentToExpectedState(FragmentManager.java:1555)
04-14 19:09:47.266 16442 16442 E ActivityThread: 	at androidx.fragment.app.FragmentManager.moveToState(FragmentManager.java:1608)
04-14 19:09:47.266 16442 16442 E ActivityThread: 	at androidx.fragment.app.FragmentManager.dispatchStateChange(FragmentManager.java:3046)
04-14 19:09:47.266 16442 16442 E ActivityThread: 	at androidx.fragment.app.FragmentManager.dispatchActivityCreated(FragmentManager.java:2990)
04-14 19:09:47.266 16442 16442 E ActivityThread: 	at androidx.fragment.app.FragmentController.dispatchActivityCreated(FragmentController.java:251)
04-14 19:09:47.266 16442 16442 E ActivityThread: 	at androidx.fragment.app.FragmentActivity.onStart(FragmentActivity.java:458)
04-14 19:09:47.266 16442 16442 E ActivityThread: 	at android.app.Instrumentation.callActivityOnStart(Instrumentation.java:1436)
04-14 19:09:47.266 16442 16442 E ActivityThread: 	at android.app.Activity.performStart(Activity.java:8024)
04-14 19:09:47.266 16442 16442 E ActivityThread: 	at android.app.ActivityThread.handleStartActivity(ActivityThread.java:3456)
04-14 19:09:47.266 16442 16442 E ActivityThread: 	at android.app.servertransaction.TransactionExecutor.performLifecycleSequence(TransactionExecutor.java:221)
04-14 19:09:47.266 16442 16442 E ActivityThread: 	at android.app.servertransaction.TransactionExecutor.cycleToPath(TransactionExecutor.java:201)
04-14 19:09:47.266 16442 16442 E ActivityThread: 	at android.app.servertransaction.TransactionExecutor.executeLifecycleState(TransactionExecutor.java:173)
04-14 19:09:47.266 16442 16442 E ActivityThread: 	at android.app.servertransaction.TransactionExecutor.execute(TransactionExecutor.java:97)
04-14 19:09:47.266 16442 16442 E ActivityThread: 	at android.app.ActivityThread$H.handleMessage(ActivityThread.java:2067)
04-14 19:09:47.266 16442 16442 E ActivityThread: 	at android.os.Handler.dispatchMessage(Handler.java:106)
04-14 19:09:47.266 16442 16442 E ActivityThread: 	at android.os.Looper.loop(Looper.java:223)
04-14 19:09:47.266 16442 16442 E ActivityThread: 	at android.app.ActivityThread.main(ActivityThread.java:7698)
04-14 19:09:47.266 16442 16442 E ActivityThread: 	at java.lang.reflect.Method.invoke(Native Method)
04-14 19:09:47.266 16442 16442 E ActivityThread: 	at com.android.internal.os.RuntimeInit$MethodAndArgsCaller.run(RuntimeInit.java:592)
04-14 19:09:47.266 16442 16442 E ActivityThread: 	at com.android.internal.os.ZygoteInit.main(ZygoteInit.java:952)
04-14 19:09:47.266  1491  3689 I chatty  : uid=1000(system) Binder:1491_11 expire 1 line
04-14 19:09:50.201  1491  5862 I chatty  : uid=1000(system) AdbDebuggingMan expire 2 lines
04-14 19:09:50.871  1491  1491 I chatty  : uid=1000 system_server expire 2 lines
04-14 19:09:52.367  1491  4345 I chatty  : uid=1000(system) Binder:1491_18 expire 6 lines
04-14 19:09:52.368  1491  1801 I chatty  : uid=1000(system) ActivityManager expire 4 lines
04-14 19:09:52.415  1491  3695 I chatty  : uid=1000(system) Binder:1491_14 expire 2 lines
04-14 19:09:52.604  1491  1772 I chatty  : uid=1000(system) android.ui expire 1 line
04-14 19:09:54.264  1491  2977 I chatty  : uid=1000(system) Binder:1491_F expire 21 lines
04-14 19:09:54.271  1491  4345 I chatty  : uid=1000(system) Binder:1491_18 expire 7 lines
04-14 19:09:54.281  1491  1878 I chatty  : uid=1000(system) PowerManagerSer expire 3 lines
04-14 19:09:54.382  1491  1550 I chatty  : uid=1000(system) Binder:1491_1 expire 5 lines
04-14 19:09:54.382  1491  1801 I chatty  : uid=1000(system) ActivityManager expire 36 lines
04-14 19:09:54.490  1491  1774 I chatty  : uid=1000(system) android.display expire 29 lines
04-14 19:09:54.524  1491  2653 I chatty  : uid=1000(system) Binder:1491_6 expire 8 lines
04-14 19:10:09.560  1491  1551 I chatty  : uid=1000(system) Binder:1491_2 expire 9 lines
04-14 19:10:09.821  1491  3690 I chatty  : uid=1000(system) Binder:1491_12 expire 2 lines
04-14 19:10:11.771  1491  9716 I chatty  : uid=1000(system) Binder:1491_20 expire 13 lines
04-14 19:10:11.891  1491  1800 I chatty  : uid=1000(system) ActivityManager expire 18 lines
04-14 19:10:15.821  1491  3689 I chatty  : uid=1000(system) Binder:1491_11 expire 2 lines
04-14 19:10:15.821  1491  4559 I chatty  : uid=1000(system) Binder:1491_19 expire 1 line
04-14 19:10:15.822  1491  2971 I chatty  : uid=1000(system) Binder:1491_D expire 5 lines
04-14 19:10:15.822  1491  2111 I chatty  : uid=1000(system) ConnectivitySer expire 16 lines
04-14 19:10:16.862  1491  7646 I chatty  : uid=1000(system) Binder:1491_1C expire 2 lines
04-14 19:10:19.248  1491  8958 I chatty  : uid=1000(system) Binder:1491_1E expire 1 line
04-14 19:10:21.085  1491  2799 I chatty  : uid=1000(system) Binder:1491_8 expire 1 line
04-14 19:10:21.085  1491  3698 I chatty  : uid=1000(system) Binder:1491_17 expire 8 lines
04-14 19:10:21.227  1491  2114 I chatty  : uid=1000(system) Binder:1491_5 expire 1 line
04-14 19:10:21.280  1491  2664 I chatty  : uid=1000(system) Binder:1491_7 expire 17 lines
04-14 19:10:21.369  1491  9521 I chatty  : uid=1000(system) Binder:1491_1F expire 1 line
04-14 19:10:21.379  1491  2113 I chatty  : uid=1000(system) Binder:1491_4 expire 1 line
04-14 19:10:21.434  1491  3696 I chatty  : uid=1000(system) Binder:1491_15 expire 1 line
04-14 19:10:21.456  1491  8647 I chatty  : uid=1000(system) Binder:1491_1D expire 1 line
04-14 19:10:23.153  1491  2845 I chatty  : uid=1000(system) Binder:1491_9 expire 9 lines
04-14 19:10:24.003  1491  1774 I chatty  : uid=1000(system) android.display expire 12 lines
04-14 19:10:24.038  1491  2664 I chatty  : uid=1000(system) Binder:1491_7 expire 12 lines
04-14 19:10:24.107  1491  2113 I chatty  : uid=1000(system) Binder:1491_4 expire 4 lines
04-14 19:10:24.108  1491  2111 I chatty  : uid=1000(system) ConnectivitySer expire 14 lines
04-14 19:10:25.356  1491  7646 I chatty  : uid=1000(system) Binder:1491_1C expire 21 lines
04-14 19:10:25.357  1491  1801 I chatty  : uid=1000(system) ActivityManager expire 11 lines
04-14 19:10:26.478  1491  1878 I chatty  : uid=1000(system) PowerManagerSer expire 19 lines
04-14 19:10:26.486  1491  8647 I chatty  : uid=1000(system) Binder:1491_1D expire 19 lines
04-14 19:10:26.551  1491  1491 I chatty  : uid=1000 system_server expire 11 lines
04-14 19:10:35.183  1491  2092 I chatty  : uid=1000(system) InputReader expire 2 lines
04-14 19:10:35.272  1491  2164 I chatty  : uid=1000(system) PhotonicModulat expire 16 lines
04-14 19:10:35.425  2188  2188 W FingerprintManager: Invalid acquired message: 6, 21
04-14 19:10:35.522  1491  1775 I chatty  : uid=1000(system) android.anim expire 1 line
04-14 19:10:35.662  1491  1771 I chatty  : uid=1000(system) android.fg expire 13 lines
04-14 19:10:35.939  2188  2188 V KeyguardStatusView: refresh statusview showing:true
04-14 19:10:40.310  1491  1774 I chatty  : uid=1000(system) android.display expire 11 lines
04-14 19:10:46.014  1491  1800 I chatty  : uid=1000(system) ActivityManager expire 8 lines
04-14 19:10:46.170  1491  3690 I chatty  : uid=1000(system) Binder:1491_12 expire 1 line
04-14 19:10:46.170  1491  2971 I chatty  : uid=1000(system) Binder:1491_D expire 1 line
04-14 19:10:46.212  1491  1772 I chatty  : uid=1000(system) android.ui expire 1 line
04-14 19:10:46.218  1491  1801 I chatty  : uid=1000(system) ActivityManager expire 8 lines
04-14 19:11:03.191  1491  3698 I chatty  : uid=1000(system) Binder:1491_17 expire 2 lines
04-14 19:11:13.700  1491  5862 I chatty  : uid=1000(system) AdbDebuggingMan expire 1 line
04-14 19:11:13.928  1491  2110 I chatty  : uid=1000(system) Binder:1491_3 expire 1 line
04-14 19:11:13.930  1491  4345 I chatty  : uid=1000(system) Binder:1491_18 expire 1 line
04-14 19:11:13.935  1491  9716 I chatty  : uid=1000(system) Binder:1491_20 expire 2 lines
04-14 19:11:13.967  1491  2972 I chatty  : uid=1000(system) Binder:1491_E expire 4 lines
04-14 19:11:15.490  1491  4559 I chatty  : uid=1000(system) Binder:1491_19 expire 2 lines
04-14 19:11:15.576  1491  2969 I chatty  : uid=1000(system) Binder:1491_B expire 2 lines
04-14 19:11:15.887  1491  1550 I chatty  : uid=1000(system) Binder:1491_1 expire 2 lines
04-14 19:11:16.041  1491  2653 I chatty  : uid=1000(system) Binder:1491_6 expire 1 line
04-14 19:11:16.042  1491  2970 I chatty  : uid=1000(system) Binder:1491_C expire 1 line
04-14 19:11:16.042  1491  2972 I chatty  : uid=1000(system) Binder:1491_E expire 3 lines
04-14 19:11:16.042  1491  2111 I chatty  : uid=1000(system) ConnectivitySer expire 21 lines
04-14 19:11:16.050  1491  1801 I chatty  : uid=1000(system) ActivityManager expire 21 lines
04-14 19:11:16.052  1491  1800 I chatty  : uid=1000(system) ActivityManager expire 12 lines
04-14 19:11:16.160  1491  4559 I chatty  : uid=1000(system) Binder:1491_19 expire 4 lines
04-14 19:11:16.289  1491  7646 I chatty  : uid=1000(system) Binder:1491_1C expire 8 lines
04-14 19:11:16.343  1491  2799 I chatty  : uid=1000(system) Binder:1491_8 expire 1 line
04-14 19:11:16.350  1491  1774 I chatty  : uid=1000(system) android.display expire 11 lines
04-14 19:11:16.359  1491  4598 I chatty  : uid=1000(system) Binder:1491_1B expire 3 lines
04-14 19:11:16.360  1491  3698 I chatty  : uid=1000(system) Binder:1491_17 expire 3 lines
04-14 19:11:16.360  1491  3695 I chatty  : uid=1000(system) Binder:1491_14 expire 1 line
04-14 19:11:16.360  1491  2664 I chatty  : uid=1000(system) Binder:1491_7 expire 1 line
04-14 19:11:17.388  1491  3696 I chatty  : uid=1000(system) Binder:1491_15 expire 2 lines
04-14 19:11:17.661  1491  3697 I chatty  : uid=1000(system) Binder:1491_16 expire 2 lines
04-14 19:11:18.181  1491  3689 I chatty  : uid=1000(system) Binder:1491_11 expire 6 lines
04-14 19:11:24.183  1491  2086 I chatty  : uid=1000(system) AlarmManager expire 1 line
04-14 19:11:24.327  1491  1878 I chatty  : uid=1000(system) PowerManagerSer expire 10 lines
04-14 19:11:24.327  1491  2164 I chatty  : uid=1000(system) PhotonicModulat expire 10 lines
04-14 19:11:25.222  1491  9521 I chatty  : uid=1000(system) Binder:1491_1F expire 1 line
04-14 19:11:26.065  1491  9716 I chatty  : uid=1000(system) Binder:1491_20 expire 3 lines
04-14 19:11:30.306  1491  8958 I chatty  : uid=1000(system) Binder:1491_1E expire 5 lines
04-14 19:11:36.621  1491  2968 I chatty  : uid=1000(system) Binder:1491_A expire 2 lines
04-14 19:11:38.641 18857 19006 E ActivityThread: Failed to find provider info for com.facebook.appmanager.firstparty.crashreporter
04-14 19:11:38.716  1491  2141 I chatty  : uid=1000(system) HwBinder:1491_3 expire 1 line
04-14 19:11:38.747 18857 19034 E ActivityThread: Failed to find provider info for com.android.launcher3.cornermark.unreadbadge
04-14 19:11:44.822  1491  4562 I chatty  : uid=1000(system) Binder:1491_1A expire 8 lines
04-14 19:12:35.747  1491  2111 I chatty  : uid=1000(system) ConnectivitySer expire 10 lines
04-14 19:13:14.640  1491  2977 I chatty  : uid=1000(system) Binder:1491_F expire 4 lines
04-14 19:13:32.186  1491  1800 I chatty  : uid=1000(system) ActivityManager expire 7 lines
04-14 19:13:32.189  1491  1801 I chatty  : uid=1000(system) ActivityManager expire 22 lines
04-14 19:14:27.284  1491  1774 I chatty  : uid=1000(system) android.display expire 5 lines
04-14 19:14:43.719  1491  8647 I chatty  : uid=1000(system) Binder:1491_1D expire 2 lines
04-14 19:16:07.142  1491  2092 I chatty  : uid=1000(system) InputReader expire 2 lines
04-14 19:16:07.569  1491  1771 I chatty  : uid=1000(system) android.fg expire 3 lines
04-14 19:16:07.571  1491  1491 I chatty  : uid=1000 system_server expire 19 lines
04-14 19:16:08.076  2188  2188 W FingerprintManager: Invalid acquired message: 6, 22
04-14 19:16:08.814  2188  2188 W FingerprintManager: Invalid acquired message: 6, 23
04-14 19:16:09.162  1491  2977 I chatty  : uid=1000(system) Binder:1491_F expire 28 lines
04-14 19:16:09.181  2188  2188 W FingerprintManager: Invalid acquired message: 6, 22
04-14 19:16:09.309  1491  8958 I chatty  : uid=1000(system) Binder:1491_1E expire 9 lines
04-14 19:16:09.317  1491  1800 I chatty  : uid=1000(system) ActivityManager expire 10 lines
04-14 19:16:09.517  1491  2111 I chatty  : uid=1000(system) ConnectivitySer expire 1 line
04-14 19:16:12.137  1491  1771 I chatty  : uid=1000(system) android.fg expire 2 lines
04-14 19:16:12.146  1491  3694 I chatty  : uid=1000(system) Binder:1491_13 expire 23 lines
04-14 19:16:12.153  1491  2970 I chatty  : uid=1000(system) Binder:1491_C expire 23 lines
04-14 19:16:12.187  1491  1878 I chatty  : uid=1000(system) PowerManagerSer expire 7 lines
04-14 19:16:12.298  1491  3698 I chatty  : uid=1000(system) Binder:1491_17 expire 14 lines
04-14 19:16:17.210  1491  1774 I chatty  : uid=1000(system) android.display expire 12 lines
04-14 19:16:25.105  1491  1775 I chatty  : uid=1000(system) android.anim expire 1 line
04-14 19:16:25.147  1491  2969 I chatty  : uid=1000(system) Binder:1491_B expire 9 lines
04-14 19:16:43.339  1491  1801 I chatty  : uid=1000(system) ActivityManager expire 4 lines
04-14 19:16:43.569 20268 20268 D ActivityThread: Loading provider contacts;com.android.contacts: com.android.providers.contacts.ContactsProvider2
04-14 19:16:43.593  1491  1491 I chatty  : uid=1000 system_server expire 2 lines
04-14 19:16:44.964 16442 16442 E ActivityThread: Activity com.android.settings.SubSettings has leaked ServiceConnection android.bluetooth.BluetoothProfileConnector$2@35e3752 that was originally bound here
04-14 19:16:44.964 16442 16442 E ActivityThread: android.app.ServiceConnectionLeaked: Activity com.android.settings.SubSettings has leaked ServiceConnection android.bluetooth.BluetoothProfileConnector$2@35e3752 that was originally bound here
04-14 19:16:44.964 16442 16442 E ActivityThread: 	at android.app.LoadedApk$ServiceDispatcher.<init>(LoadedApk.java:1811)
04-14 19:16:44.964 16442 16442 E ActivityThread: 	at android.app.LoadedApk.getServiceDispatcherCommon(LoadedApk.java:1683)
04-14 19:16:44.964 16442 16442 E ActivityThread: 	at android.app.LoadedApk.getServiceDispatcher(LoadedApk.java:1662)
04-14 19:16:44.964 16442 16442 E ActivityThread: 	at android.app.ContextImpl.bindServiceCommon(ContextImpl.java:1819)
04-14 19:16:44.964 16442 16442 E ActivityThread: 	at android.app.ContextImpl.bindServiceAsUser(ContextImpl.java:1773)
04-14 19:16:44.964 16442 16442 E ActivityThread: 	at android.content.ContextWrapper.bindServiceAsUser(ContextWrapper.java:775)
04-14 19:16:44.964 16442 16442 E ActivityThread: 	at android.bluetooth.BluetoothProfileConnector.doBind(BluetoothProfileConnector.java:90)
04-14 19:16:44.964 16442 16442 E ActivityThread: 	at android.bluetooth.BluetoothProfileConnector.connect(BluetoothProfileConnector.java:130)
04-14 19:16:44.964 16442 16442 E ActivityThread: 	at android.bluetooth.BluetoothA2dp.<init>(BluetoothA2dp.java:244)
04-14 19:16:44.964 16442 16442 E ActivityThread: 	at android.bluetooth.BluetoothAdapter.getProfileProxy(BluetoothAdapter.java:2821)
04-14 19:16:44.964 16442 16442 E ActivityThread: 	at com.android.settings.development.DevelopmentSettingsDashboardFragment.onCreateView(DevelopmentSettingsDashboardFragment.java:214)
04-14 19:16:44.964 16442 16442 E ActivityThread: 	at androidx.fragment.app.Fragment.performCreateView(Fragment.java:2897)
04-14 19:16:44.964 16442 16442 E ActivityThread: 	at androidx.fragment.app.FragmentStateManager.createView(FragmentStateManager.java:527)
04-14 19:16:44.964 16442 16442 E ActivityThread: 	at androidx.fragment.app.FragmentManager.moveToState(FragmentManager.java:1324)
04-14 19:16:44.964 16442 16442 E ActivityThread: 	at androidx.fragment.app.FragmentManager.moveToState(FragmentManager.java:1477)
04-14 19:16:44.964 16442 16442 E ActivityThread: 	at androidx.fragment.app.FragmentManager.moveFragmentToExpectedState(FragmentManager.java:1555)
04-14 19:16:44.964 16442 16442 E ActivityThread: 	at androidx.fragment.app.FragmentManager.moveToState(FragmentManager.java:1608)
04-14 19:16:44.964 16442 16442 E ActivityThread: 	at androidx.fragment.app.FragmentManager.dispatchStateChange(FragmentManager.java:3046)
04-14 19:16:44.964 16442 16442 E ActivityThread: 	at androidx.fragment.app.FragmentManager.dispatchActivityCreated(FragmentManager.java:2990)
04-14 19:16:44.964 16442 16442 E ActivityThread: 	at androidx.fragment.app.FragmentController.dispatchActivityCreated(FragmentController.java:251)
04-14 19:16:44.964 16442 16442 E ActivityThread: 	at androidx.fragment.app.FragmentActivity.onStart(FragmentActivity.java:458)
04-14 19:16:44.964 16442 16442 E ActivityThread: 	at android.app.Instrumentation.callActivityOnStart(Instrumentation.java:1436)
04-14 19:16:44.964 16442 16442 E ActivityThread: 	at android.app.Activity.performStart(Activity.java:8024)
04-14 19:16:44.964 16442 16442 E ActivityThread: 	at android.app.ActivityThread.handleStartActivity(ActivityThread.java:3456)
04-14 19:16:44.964 16442 16442 E ActivityThread: 	at android.app.servertransaction.TransactionExecutor.performLifecycleSequence(TransactionExecutor.java:221)
04-14 19:16:44.964 16442 16442 E ActivityThread: 	at android.app.servertransaction.TransactionExecutor.cycleToPath(TransactionExecutor.java:201)
04-14 19:16:44.964 16442 16442 E ActivityThread: 	at android.app.servertransaction.TransactionExecutor.executeLifecycleState(TransactionExecutor.java:173)
04-14 19:16:44.964 16442 16442 E ActivityThread: 	at android.app.servertransaction.TransactionExecutor.execute(TransactionExecutor.java:97)
04-14 19:16:44.964 16442 16442 E ActivityThread: 	at android.app.ActivityThread$H.handleMessage(ActivityThread.java:2067)
04-14 19:16:44.964 16442 16442 E ActivityThread: 	at android.os.Handler.dispatchMessage(Handler.java:106)
04-14 19:16:44.964 16442 16442 E ActivityThread: 	at android.os.Looper.loop(Looper.java:223)
04-14 19:16:44.964 16442 16442 E ActivityThread: 	at android.app.ActivityThread.main(ActivityThread.java:7698)
04-14 19:16:44.964 16442 16442 E ActivityThread: 	at java.lang.reflect.Method.invoke(Native Method)
04-14 19:16:44.964 16442 16442 E ActivityThread: 	at com.android.internal.os.RuntimeInit$MethodAndArgsCaller.run(RuntimeInit.java:592)
04-14 19:16:44.964 16442 16442 E ActivityThread: 	at com.android.internal.os.ZygoteInit.main(ZygoteInit.java:952)
04-14 19:16:44.964  1491  1550 I chatty  : uid=1000(system) Binder:1491_1 expire 1 line
04-14 19:16:45.104  1491  3698 I chatty  : uid=1000(system) Binder:1491_17 expire 4 lines
04-14 19:16:47.092  1491  2110 I chatty  : uid=1000(system) Binder:1491_3 expire 21 lines
04-14 19:16:47.109   986  2170 W iorapd  : Overwriting transition from kActivityLaunched to kIntentStarted into kActivityLaunchCancelled
04-14 19:16:47.113   986  2170 W iorapd  : Rejecting transition from kActivityLaunchCancelled to kIntentFailed
04-14 19:16:47.141   986  2170 W iorapd  : Rejecting transition from kUninitialized to kActivityLaunchFinished
04-14 19:16:47.348  1491  4345 I chatty  : uid=1000(system) Binder:1491_18 expire 8 lines
04-14 19:16:48.806  1491  2970 I chatty  : uid=1000(system) Binder:1491_C expire 21 lines
04-14 19:16:49.875  1491  4345 I chatty  : uid=1000(system) Binder:1491_18 expire 4 lines
04-14 19:16:50.018  1491  8958 I chatty  : uid=1000(system) Binder:1491_1E expire 3 lines
04-14 19:16:50.089  1491  1774 I chatty  : uid=1000(system) android.display expire 20 lines
04-14 19:16:54.844  1491  2113 I chatty  : uid=1000(system) Binder:1491_4 expire 18 lines
04-14 19:16:55.969  1491  2968 I chatty  : uid=1000(system) Binder:1491_A expire 16 lines
04-14 19:16:56.072  1491  1800 I chatty  : uid=1000(system) ActivityManager expire 8 lines
04-14 19:16:56.199  1491  2110 I chatty  : uid=1000(system) Binder:1491_3 expire 11 lines
04-14 19:17:24.170  1491  2969 I chatty  : uid=1000(system) Binder:1491_B expire 1 line
04-14 19:17:24.223  1491  4559 I chatty  : uid=1000(system) Binder:1491_19 expire 6 lines
04-14 19:17:24.224  1491  2111 I chatty  : uid=1000(system) ConnectivitySer expire 9 lines
04-14 19:17:24.349  1491  4562 I chatty  : uid=1000(system) Binder:1491_1A expire 19 lines
04-14 19:17:39.257  1491  2799 I chatty  : uid=1000(system) Binder:1491_8 expire 20 lines
04-14 19:17:40.056  1491  1878 I chatty  : uid=1000(system) PowerManagerSer expire 4 lines
04-14 19:17:40.103  1491  2977 I chatty  : uid=1000(system) Binder:1491_F expire 21 lines
04-14 19:19:19.475  1491  5862 I chatty  : uid=1000(system) AdbDebuggingMan expire 3 lines
04-14 19:19:21.489  1491  1771 I chatty  : uid=1000(system) android.fg expire 8 lines
04-14 19:19:22.554  1491  1551 I chatty  : uid=1000(system) Binder:1491_2 expire 2 lines
04-14 19:19:23.088  1491  1801 I chatty  : uid=1000(system) ActivityManager expire 4 lines
04-14 19:19:23.228  1491  2183 I chatty  : uid=1000(system) SyncManager expire 1 line
04-14 19:20:07.552  1491  3690 I chatty  : uid=1000(system) Binder:1491_12 expire 18 lines
04-14 19:20:07.690  1491  2110 I chatty  : uid=1000(system) Binder:1491_3 expire 3 lines
04-14 19:20:07.715  1491  2799 I chatty  : uid=1000(system) Binder:1491_8 expire 22 lines
04-14 19:20:07.821  1491  1774 I chatty  : uid=1000(system) android.display expire 10 lines
04-14 19:20:22.048  1491  1878 I chatty  : uid=1000(system) PowerManagerSer expire 3 lines
04-14 19:20:22.094  1491  1775 I chatty  : uid=1000(system) android.anim expire 1 line
04-14 19:20:22.891  1491  2977 I chatty  : uid=1000(system) Binder:1491_F expire 7 lines
04-14 19:20:23.012  1491  2111 I chatty  : uid=1000(system) ConnectivitySer expire 53 lines
04-14 19:20:23.038  1491  1801 I chatty  : uid=1000(system) ActivityManager expire 6 lines
04-14 19:20:25.301  1491  3696 I chatty  : uid=1000(system) Binder:1491_15 expire 1 line
04-14 19:20:25.617  1491  4559 I chatty  : uid=1000(system) Binder:1491_19 expire 9 lines
04-14 19:20:25.661  1491  2845 I chatty  : uid=1000(system) Binder:1491_9 expire 1 line
04-14 19:20:25.661  1491  3698 I chatty  : uid=1000(system) Binder:1491_17 expire 1 line
04-14 19:20:25.661  1491  4562 I chatty  : uid=1000(system) Binder:1491_1A expire 3 lines
04-14 19:20:25.661  1491  2970 I chatty  : uid=1000(system) Binder:1491_C expire 10 lines
04-14 19:20:25.716  1491  7646 I chatty  : uid=1000(system) Binder:1491_1C expire 1 line
04-14 19:20:27.073   756   756 D android.hardware.wifi@1.0-service: Initialize legacy HAL
04-14 19:20:27.074   756   756 I android.hardware.wifi@1.0-service: Wifi HAL started
04-14 19:20:27.079   756   756 D android.hardware.wifi@1.0-service: Waiting for the driver ready
04-14 19:20:27.080   756   756 D android.hardware.wifi@1.0-service: Starting legacy HAL
04-14 19:20:27.399   756 21051 D android.hardware.wifi@1.0-service: Starting legacy HAL event loop
04-14 19:20:27.399   756   756 I android.hardware.wifi@1.0-service: Adding interface handle for wlan0
04-14 19:20:27.399   756   756 I android.hardware.wifi@1.0-service: Adding interface handle for p2p0
04-14 19:20:27.399   756   756 D android.hardware.wifi@1.0-service: Legacy HAL start complete
04-14 19:20:27.399   756   756 W android.hardware.wifi@1.0-service: No active wlan interfaces in use! Using default
04-14 19:20:27.400   756   756 W android.hardware.wifi@1.0-service: No active wlan interfaces in use! Using default
04-14 19:20:27.402   756   756 I android.hardware.wifi@1.0-service: Configured chip in mode 0
04-14 19:20:27.402   756   756 W android.hardware.wifi@1.0-service: No active wlan interfaces in use! Using default
04-14 19:20:27.430  1000  1000 I wificond: setting base_wiphy_index_ to 0
04-14 19:20:27.431  1000  1000 I wificond: create scanner for interface with index: 30
04-14 19:20:27.431  1000  1000 I wificond: subscribe scan result for interface with index: 30
04-14 19:20:27.801   756   756 D android.hardware.wifi@1.0-service: Successfully SetMacAddress.
04-14 19:20:27.806  1491  2107 I chatty  : uid=1000(system) WifiP2pService expire 3 lines
04-14 19:20:27.809  1491  1800 I chatty  : uid=1000(system) ActivityManager expire 7 lines
04-14 19:20:27.810  1491  1491 I chatty  : uid=1000 system_server expire 5 lines
04-14 19:20:27.884  1491  1774 I chatty  : uid=1000(system) android.display expire 7 lines
04-14 19:20:27.951  1491  1831 I chatty  : uid=1000(system) batterystats-wo expire 1 line
04-14 19:20:28.303  1491  2113 I chatty  : uid=1000(system) Binder:1491_4 expire 21 lines
04-14 19:20:28.670  1491  3694 I chatty  : uid=1000(system) Binder:1491_13 expire 2 lines
04-14 19:20:32.139   756   756 D android.hardware.wifi@1.0-service: Successfully SetMacAddress.
04-14 19:20:32.143  1000  1000 W wificond: Scan is not started. Ignore abort request
04-14 19:20:32.287  1491  2106 I chatty  : uid=1000(system) WifiHandlerThre expire 1 line
04-14 19:20:32.787   602   676 E NetlinkEvent: NetlinkEvent::FindParam(): Parameter 'INTERFACE' not found
04-14 19:20:32.787   602   676 E NetlinkEvent: NetlinkEvent::FindParam(): Parameter 'STATE' not found
04-14 19:20:32.787   602   676 E NetlinkEvent: NetlinkEvent::FindParam(): Parameter 'TIME_NS' not found
04-14 19:20:32.787   602   676 E NetlinkEvent: NetlinkEvent::FindParam(): Parameter 'UID' not found
04-14 19:20:32.975  1491  4345 I chatty  : uid=1000(system) Binder:1491_18 expire 1 line
04-14 19:20:34.250  1491  3695 I chatty  : uid=1000(system) Binder:1491_14 expire 2 lines
04-14 19:20:43.516  1491  9521 I chatty  : uid=1000(system) Binder:1491_1F expire 1 line
04-14 19:20:44.218  1491  2968 I chatty  : uid=1000(system) Binder:1491_A expire 23 lines
04-14 19:20:44.233  1491  3695 I chatty  : uid=1000(system) Binder:1491_14 expire 14 lines
04-14 19:20:44.283  1491  5862 I chatty  : uid=1000(system) AdbDebuggingMan expire 5 lines
04-14 19:20:44.284  1491  1771 I chatty  : uid=1000(system) android.fg expire 16 lines
04-14 19:20:44.304  1491  1878 I chatty  : uid=1000(system) PowerManagerSer expire 6 lines
04-14 19:20:44.339  1491  2111 I chatty  : uid=1000(system) ConnectivitySer expire 23 lines
04-14 19:20:44.538  1491  1774 I chatty  : uid=1000(system) android.display expire 8 lines
04-14 19:20:44.552  1491  9521 I chatty  : uid=1000(system) Binder:1491_1F expire 19 lines
04-14 19:20:54.035  1491  2845 I chatty  : uid=1000(system) Binder:1491_9 expire 32 lines
04-14 19:20:54.107  1491  1775 I chatty  : uid=1000(system) android.anim expire 1 line
04-14 19:20:56.263  1491  9716 I chatty  : uid=1000(system) Binder:1491_20 expire 12 lines
04-14 19:21:02.248  1491  4345 I chatty  : uid=1000(system) Binder:1491_18 expire 21 lines
04-14 19:21:03.128  1491  1801 I chatty  : uid=1000(system) ActivityManager expire 19 lines
04-14 19:21:08.655  1491  4562 I chatty  : uid=1000(system) Binder:1491_1A expire 1 line
04-14 19:21:08.657  1491  8647 I chatty  : uid=1000(system) Binder:1491_1D expire 1 line
04-14 19:21:17.685  1491  2113 I chatty  : uid=1000(system) Binder:1491_4 expire 1 line
04-14 19:21:17.696  1491  1800 I chatty  : uid=1000(system) ActivityManager expire 10 lines
04-14 19:21:41.999  1491  2845 I chatty  : uid=1000(system) Binder:1491_9 expire 33 lines
04-14 19:21:42.015  1491  9521 I chatty  : uid=1000(system) Binder:1491_1F expire 15 lines
04-14 19:21:42.028  1491  1878 I chatty  : uid=1000(system) PowerManagerSer expire 9 lines
04-14 19:21:42.042  1491  2972 I chatty  : uid=1000(system) Binder:1491_E expire 2 lines
04-14 19:21:42.065  1491  3688 I chatty  : uid=1000(system) Binder:1491_10 expire 8 lines
04-14 19:21:42.314  1491  2664 I chatty  : uid=1000(system) Binder:1491_7 expire 14 lines
04-14 19:21:42.500 16442 16442 E ActivityThread: Activity com.android.settings.Settings$DevelopmentSettingsDashboardActivity has leaked ServiceConnection android.bluetooth.BluetoothProfileConnector$2@b096448 that was originally bound here
04-14 19:21:42.500 16442 16442 E ActivityThread: android.app.ServiceConnectionLeaked: Activity com.android.settings.Settings$DevelopmentSettingsDashboardActivity has leaked ServiceConnection android.bluetooth.BluetoothProfileConnector$2@b096448 that was originally bound here
04-14 19:21:42.500 16442 16442 E ActivityThread: 	at android.app.LoadedApk$ServiceDispatcher.<init>(LoadedApk.java:1811)
04-14 19:21:42.500 16442 16442 E ActivityThread: 	at android.app.LoadedApk.getServiceDispatcherCommon(LoadedApk.java:1683)
04-14 19:21:42.500 16442 16442 E ActivityThread: 	at android.app.LoadedApk.getServiceDispatcher(LoadedApk.java:1662)
04-14 19:21:42.500 16442 16442 E ActivityThread: 	at android.app.ContextImpl.bindServiceCommon(ContextImpl.java:1819)
04-14 19:21:42.500 16442 16442 E ActivityThread: 	at android.app.ContextImpl.bindServiceAsUser(ContextImpl.java:1773)
04-14 19:21:42.500 16442 16442 E ActivityThread: 	at android.content.ContextWrapper.bindServiceAsUser(ContextWrapper.java:775)
04-14 19:21:42.500 16442 16442 E ActivityThread: 	at android.bluetooth.BluetoothProfileConnector.doBind(BluetoothProfileConnector.java:90)
04-14 19:21:42.500 16442 16442 E ActivityThread: 	at android.bluetooth.BluetoothProfileConnector.connect(BluetoothProfileConnector.java:130)
04-14 19:21:42.500 16442 16442 E ActivityThread: 	at android.bluetooth.BluetoothA2dp.<init>(BluetoothA2dp.java:244)
04-14 19:21:42.500 16442 16442 E ActivityThread: 	at android.bluetooth.BluetoothAdapter.getProfileProxy(BluetoothAdapter.java:2821)
04-14 19:21:42.500 16442 16442 E ActivityThread: 	at com.android.settings.development.DevelopmentSettingsDashboardFragment.onCreateView(DevelopmentSettingsDashboardFragment.java:214)
04-14 19:21:42.500 16442 16442 E ActivityThread: 	at androidx.fragment.app.Fragment.performCreateView(Fragment.java:2897)
04-14 19:21:42.500 16442 16442 E ActivityThread: 	at androidx.fragment.app.FragmentStateManager.createView(FragmentStateManager.java:527)
04-14 19:21:42.500 16442 16442 E ActivityThread: 	at androidx.fragment.app.FragmentManager.moveToState(FragmentManager.java:1324)
04-14 19:21:42.500 16442 16442 E ActivityThread: 	at androidx.fragment.app.FragmentManager.moveToState(FragmentManager.java:1477)
04-14 19:21:42.500 16442 16442 E ActivityThread: 	at androidx.fragment.app.FragmentManager.moveFragmentToExpectedState(FragmentManager.java:1555)
04-14 19:21:42.500 16442 16442 E ActivityThread: 	at androidx.fragment.app.FragmentManager.moveToState(FragmentManager.java:1608)
04-14 19:21:42.500 16442 16442 E ActivityThread: 	at androidx.fragment.app.FragmentManager.dispatchStateChange(FragmentManager.java:3046)
04-14 19:21:42.500 16442 16442 E ActivityThread: 	at androidx.fragment.app.FragmentManager.dispatchActivityCreated(FragmentManager.java:2990)
04-14 19:21:42.500 16442 16442 E ActivityThread: 	at androidx.fragment.app.FragmentController.dispatchActivityCreated(FragmentController.java:251)
04-14 19:21:42.500 16442 16442 E ActivityThread: 	at androidx.fragment.app.FragmentActivity.onStart(FragmentActivity.java:458)
04-14 19:21:42.500 16442 16442 E ActivityThread: 	at android.app.Instrumentation.callActivityOnStart(Instrumentation.java:1436)
04-14 19:21:42.500 16442 16442 E ActivityThread: 	at android.app.Activity.performStart(Activity.java:8024)
04-14 19:21:42.500 16442 16442 E ActivityThread: 	at android.app.ActivityThread.handleStartActivity(ActivityThread.java:3456)
04-14 19:21:42.500 16442 16442 E ActivityThread: 	at android.app.servertransaction.TransactionExecutor.performLifecycleSequence(TransactionExecutor.java:221)
04-14 19:21:42.500 16442 16442 E ActivityThread: 	at android.app.servertransaction.TransactionExecutor.cycleToPath(TransactionExecutor.java:201)
04-14 19:21:42.500 16442 16442 E ActivityThread: 	at android.app.servertransaction.TransactionExecutor.executeLifecycleState(TransactionExecutor.java:173)
04-14 19:21:42.500 16442 16442 E ActivityThread: 	at android.app.servertransaction.TransactionExecutor.execute(TransactionExecutor.java:97)
04-14 19:21:42.500 16442 16442 E ActivityThread: 	at android.app.ActivityThread$H.handleMessage(ActivityThread.java:2067)
04-14 19:21:42.500 16442 16442 E ActivityThread: 	at android.os.Handler.dispatchMessage(Handler.java:106)
04-14 19:21:42.500 16442 16442 E ActivityThread: 	at android.os.Looper.loop(Looper.java:223)
04-14 19:21:42.500 16442 16442 E ActivityThread: 	at android.app.ActivityThread.main(ActivityThread.java:7698)
04-14 19:21:42.500 16442 16442 E ActivityThread: 	at java.lang.reflect.Method.invoke(Native Method)
04-14 19:21:42.500 16442 16442 E ActivityThread: 	at com.android.internal.os.RuntimeInit$MethodAndArgsCaller.run(RuntimeInit.java:592)
04-14 19:21:42.500 16442 16442 E ActivityThread: 	at com.android.internal.os.ZygoteInit.main(ZygoteInit.java:952)
04-14 19:21:43.756  1491  1774 I chatty  : uid=1000(system) android.display expire 10 lines
04-14 19:21:43.782  1491  3697 I chatty  : uid=1000(system) Binder:1491_16 expire 15 lines
04-14 19:21:44.379  1491  1771 I chatty  : uid=1000(system) android.fg expire 19 lines
04-14 19:21:44.380  1491  3690 I chatty  : uid=1000(system) Binder:1491_12 expire 2 lines
04-14 19:21:45.118  1491  1801 I chatty  : uid=1000(system) ActivityManager expire 15 lines
04-14 19:21:45.211  1491  2968 I chatty  : uid=1000(system) Binder:1491_A expire 11 lines
04-14 19:21:46.020  1491  2111 I chatty  : uid=1000(system) ConnectivitySer expire 13 lines
04-14 19:22:11.747  1491  2970 I chatty  : uid=1000(system) Binder:1491_C expire 1 line
04-14 19:22:16.804  1491  3694 I chatty  : uid=1000(system) Binder:1491_13 expire 2 lines
04-14 19:22:20.194  1491  2113 I chatty  : uid=1000(system) Binder:1491_4 expire 2 lines
04-14 19:22:32.645  1491  5862 I chatty  : uid=1000(system) AdbDebuggingMan expire 8 lines
04-14 19:22:34.712  1491  1550 I chatty  : uid=1000(system) Binder:1491_1 expire 7 lines
04-14 19:22:37.447  1491  4559 I chatty  : uid=1000(system) Binder:1491_19 expire 2 lines
04-14 19:22:37.461  1491  2971 I chatty  : uid=1000(system) Binder:1491_D expire 11 lines
04-14 19:22:37.525  1491  2110 I chatty  : uid=1000(system) Binder:1491_3 expire 5 lines
04-14 19:22:53.678  1491  2971 I chatty  : uid=1000(system) Binder:1491_D expire 12 lines
04-14 19:22:56.334  1491  1771 I chatty  : uid=1000(system) android.fg expire 1 line
04-14 19:22:56.344  1491  2977 I chatty  : uid=1000(system) Binder:1491_F expire 2 lines
04-14 19:22:56.357  1491  2113 I chatty  : uid=1000(system) Binder:1491_4 expire 9 lines
04-14 19:22:56.377  1491  1878 I chatty  : uid=1000(system) PowerManagerSer expire 4 lines
04-14 19:22:58.105  1491  1798 I chatty  : uid=1000(system) android.bg expire 1 line
04-14 19:23:03.031  1491  1774 I chatty  : uid=1000(system) android.display expire 28 lines
04-14 19:23:03.741  1491  2970 I chatty  : uid=1000(system) Binder:1491_C expire 3 lines
04-14 19:23:03.741  1491  2845 I chatty  : uid=1000(system) Binder:1491_9 expire 6 lines
04-14 19:23:03.741  1491  2111 I chatty  : uid=1000(system) ConnectivitySer expire 17 lines
04-14 19:23:03.741  1491  2653 I chatty  : uid=1000(system) Binder:1491_6 expire 7 lines
04-14 19:23:03.767  1491  1801 I chatty  : uid=1000(system) ActivityManager expire 32 lines
04-14 19:23:03.791  1491  4559 I chatty  : uid=1000(system) Binder:1491_19 expire 2 lines
04-14 19:23:03.992  1491  4562 I chatty  : uid=1000(system) Binder:1491_1A expire 7 lines
04-14 19:23:03.993  1491  3690 I chatty  : uid=1000(system) Binder:1491_12 expire 7 lines
04-14 19:23:04.017  1491  2969 I chatty  : uid=1000(system) Binder:1491_B expire 10 lines
04-14 19:23:04.047  1491  2114 I chatty  : uid=1000(system) Binder:1491_5 expire 2 lines
04-14 19:23:04.048  1491  2799 I chatty  : uid=1000(system) Binder:1491_8 expire 1 line
04-14 19:23:04.049  1491  3696 I chatty  : uid=1000(system) Binder:1491_15 expire 17 lines
04-14 19:23:04.058  1491  8647 I chatty  : uid=1000(system) Binder:1491_1D expire 24 lines
04-14 19:23:04.183  1491  1775 I chatty  : uid=1000(system) android.anim expire 5 lines
04-14 19:23:04.184  1491  1772 I chatty  : uid=1000(system) android.ui expire 2 lines
04-14 19:23:04.838  1491  1800 I chatty  : uid=1000(system) ActivityManager expire 3 lines
04-14 19:23:05.804  1491  9716 I chatty  : uid=1000(system) Binder:1491_20 expire 24 lines
04-14 19:23:07.273   986  2171 W iorapd  : Rejecting transition from kReportFullyDrawn to kReportFullyDrawn
04-14 19:23:07.425 16442 16442 E ActivityThread: Activity com.android.settings.Settings$DevelopmentSettingsDashboardActivity has leaked ServiceConnection android.bluetooth.BluetoothProfileConnector$2@301b16c that was originally bound here
04-14 19:23:07.425 16442 16442 E ActivityThread: android.app.ServiceConnectionLeaked: Activity com.android.settings.Settings$DevelopmentSettingsDashboardActivity has leaked ServiceConnection android.bluetooth.BluetoothProfileConnector$2@301b16c that was originally bound here
04-14 19:23:07.425 16442 16442 E ActivityThread: 	at android.app.LoadedApk$ServiceDispatcher.<init>(LoadedApk.java:1811)
04-14 19:23:07.425 16442 16442 E ActivityThread: 	at android.app.LoadedApk.getServiceDispatcherCommon(LoadedApk.java:1683)
04-14 19:23:07.425 16442 16442 E ActivityThread: 	at android.app.LoadedApk.getServiceDispatcher(LoadedApk.java:1662)
04-14 19:23:07.425 16442 16442 E ActivityThread: 	at android.app.ContextImpl.bindServiceCommon(ContextImpl.java:1819)
04-14 19:23:07.425 16442 16442 E ActivityThread: 	at android.app.ContextImpl.bindServiceAsUser(ContextImpl.java:1773)
04-14 19:23:07.425 16442 16442 E ActivityThread: 	at android.content.ContextWrapper.bindServiceAsUser(ContextWrapper.java:775)
04-14 19:23:07.425 16442 16442 E ActivityThread: 	at android.bluetooth.BluetoothProfileConnector.doBind(BluetoothProfileConnector.java:90)
04-14 19:23:07.425 16442 16442 E ActivityThread: 	at android.bluetooth.BluetoothProfileConnector.connect(BluetoothProfileConnector.java:130)
04-14 19:23:07.425 16442 16442 E ActivityThread: 	at android.bluetooth.BluetoothA2dp.<init>(BluetoothA2dp.java:244)
04-14 19:23:07.425 16442 16442 E ActivityThread: 	at android.bluetooth.BluetoothAdapter.getProfileProxy(BluetoothAdapter.java:2821)
04-14 19:23:07.425 16442 16442 E ActivityThread: 	at com.android.settings.development.DevelopmentSettingsDashboardFragment.onCreateView(DevelopmentSettingsDashboardFragment.java:214)
04-14 19:23:07.425 16442 16442 E ActivityThread: 	at androidx.fragment.app.Fragment.performCreateView(Fragment.java:2897)
04-14 19:23:07.425 16442 16442 E ActivityThread: 	at androidx.fragment.app.FragmentStateManager.createView(FragmentStateManager.java:527)
04-14 19:23:07.425 16442 16442 E ActivityThread: 	at androidx.fragment.app.FragmentManager.moveToState(FragmentManager.java:1324)
04-14 19:23:07.425 16442 16442 E ActivityThread: 	at androidx.fragment.app.FragmentManager.moveToState(FragmentManager.java:1477)
04-14 19:23:07.425 16442 16442 E ActivityThread: 	at androidx.fragment.app.FragmentManager.moveFragmentToExpectedState(FragmentManager.java:1555)
04-14 19:23:07.425 16442 16442 E ActivityThread: 	at androidx.fragment.app.FragmentManager.moveToState(FragmentManager.java:1608)
04-14 19:23:07.425 16442 16442 E ActivityThread: 	at androidx.fragment.app.FragmentManager.dispatchStateChange(FragmentManager.java:3046)
04-14 19:23:07.425 16442 16442 E ActivityThread: 	at androidx.fragment.app.FragmentManager.dispatchActivityCreated(FragmentManager.java:2990)
04-14 19:23:07.425 16442 16442 E ActivityThread: 	at androidx.fragment.app.FragmentController.dispatchActivityCreated(FragmentController.java:251)
04-14 19:23:07.425 16442 16442 E ActivityThread: 	at androidx.fragment.app.FragmentActivity.onStart(FragmentActivity.java:458)
04-14 19:23:07.425 16442 16442 E ActivityThread: 	at android.app.Instrumentation.callActivityOnStart(Instrumentation.java:1436)
04-14 19:23:07.425 16442 16442 E ActivityThread: 	at android.app.Activity.performStart(Activity.java:8024)
04-14 19:23:07.425 16442 16442 E ActivityThread: 	at android.app.ActivityThread.handleStartActivity(ActivityThread.java:3456)
04-14 19:23:07.425 16442 16442 E ActivityThread: 	at android.app.servertransaction.TransactionExecutor.performLifecycleSequence(TransactionExecutor.java:221)
04-14 19:23:07.425 16442 16442 E ActivityThread: 	at android.app.servertransaction.TransactionExecutor.cycleToPath(TransactionExecutor.java:201)
04-14 19:23:07.425 16442 16442 E ActivityThread: 	at android.app.servertransaction.TransactionExecutor.executeLifecycleState(TransactionExecutor.java:173)
04-14 19:23:07.425 16442 16442 E ActivityThread: 	at android.app.servertransaction.TransactionExecutor.execute(TransactionExecutor.java:97)
04-14 19:23:07.425 16442 16442 E ActivityThread: 	at android.app.ActivityThread$H.handleMessage(ActivityThread.java:2067)
04-14 19:23:07.425 16442 16442 E ActivityThread: 	at android.os.Handler.dispatchMessage(Handler.java:106)
04-14 19:23:07.425 16442 16442 E ActivityThread: 	at android.os.Looper.loop(Looper.java:223)
04-14 19:23:07.425 16442 16442 E ActivityThread: 	at android.app.ActivityThread.main(ActivityThread.java:7698)
04-14 19:23:07.425 16442 16442 E ActivityThread: 	at java.lang.reflect.Method.invoke(Native Method)
04-14 19:23:07.425 16442 16442 E ActivityThread: 	at com.android.internal.os.RuntimeInit$MethodAndArgsCaller.run(RuntimeInit.java:592)
04-14 19:23:07.425 16442 16442 E ActivityThread: 	at com.android.internal.os.ZygoteInit.main(ZygoteInit.java:952)
04-14 19:23:13.529 16442 16442 E ActivityThread: Activity com.android.settings.Settings$DevelopmentSettingsDashboardActivity has leaked ServiceConnection android.bluetooth.BluetoothProfileConnector$2@81952ff that was originally bound here
04-14 19:23:13.529 16442 16442 E ActivityThread: android.app.ServiceConnectionLeaked: Activity com.android.settings.Settings$DevelopmentSettingsDashboardActivity has leaked ServiceConnection android.bluetooth.BluetoothProfileConnector$2@81952ff that was originally bound here
04-14 19:23:13.529 16442 16442 E ActivityThread: 	at android.app.LoadedApk$ServiceDispatcher.<init>(LoadedApk.java:1811)
04-14 19:23:13.529 16442 16442 E ActivityThread: 	at android.app.LoadedApk.getServiceDispatcherCommon(LoadedApk.java:1683)
04-14 19:23:13.529 16442 16442 E ActivityThread: 	at android.app.LoadedApk.getServiceDispatcher(LoadedApk.java:1662)
04-14 19:23:13.529 16442 16442 E ActivityThread: 	at android.app.ContextImpl.bindServiceCommon(ContextImpl.java:1819)
04-14 19:23:13.529 16442 16442 E ActivityThread: 	at android.app.ContextImpl.bindServiceAsUser(ContextImpl.java:1773)
04-14 19:23:13.529 16442 16442 E ActivityThread: 	at android.content.ContextWrapper.bindServiceAsUser(ContextWrapper.java:775)
04-14 19:23:13.529 16442 16442 E ActivityThread: 	at android.bluetooth.BluetoothProfileConnector.doBind(BluetoothProfileConnector.java:90)
04-14 19:23:13.529 16442 16442 E ActivityThread: 	at android.bluetooth.BluetoothProfileConnector.connect(BluetoothProfileConnector.java:130)
04-14 19:23:13.529 16442 16442 E ActivityThread: 	at android.bluetooth.BluetoothA2dp.<init>(BluetoothA2dp.java:244)
04-14 19:23:13.529 16442 16442 E ActivityThread: 	at android.bluetooth.BluetoothAdapter.getProfileProxy(BluetoothAdapter.java:2821)
04-14 19:23:13.529 16442 16442 E ActivityThread: 	at com.android.settings.development.DevelopmentSettingsDashboardFragment.onCreateView(DevelopmentSettingsDashboardFragment.java:214)
04-14 19:23:13.529 16442 16442 E ActivityThread: 	at androidx.fragment.app.Fragment.performCreateView(Fragment.java:2897)
